Usage: brctl <command> [command-options and arguments]

    -h,--help            show this help

COMMANDS

diagnose [options] [--doc|-d <document-path>] [<diagnosis-output-path>]
    diagnose and collect logs

    -M,--collect-mobile-documents[=<container>]  (default: all containers)
    -s,--sysdiagnose     Do not collect what's already part of sysdiagnose
    -t,--uitest          Collect logs for UI tests
    -n,--name=<name>     Change the device name
    -f,--full            Do a full diagnose, including server checks
    -d,--doc=<document-path>
                         Collect additional information about the document at that path.
                         Helps when investigating an issue impacting a specific document.
    -e,--no-reveal       Do not reveal diagnose in the Finder when done
    [<diagnosis-output-path>]
                         Specifies the output path of the diagnosis; -n becomes useless.

log [options] [<command>]

    -a,--all                         Show all system logs
    -p,--predicate                   Additional predicate (see `log help predicates`)
    -x,--process <name>              Filter events from the specified process
    -d,--path=<logs-dir>             Use <logs-dir> instead of default
    --last num [m|h|d]               Limits the captured events to the period starting at the given interval ago from the current time
    -S,--start="YYYY-MM-DD HH:MM:SS" Start log dump from a specified date
    -E,--end="YYYY-MM-DD HH:MM:SS"   Stop log dump after a specified date
    -b                               Show CloudDocs logs
    -f                               Show FileProvider related logs
    -F                               Show FruitBasket related logs
    -N                               Show network related logs (should be used in conjonction with another flag)
    -g                               Show Genstore related logs
    -i                               Show SQL and CloudDocs logs
    -o                               Show local storage logs
    -D                               Show logs from the Denator subsystem
    -z,--local-timezone              Display timestamps within local timezone
    --dark-mode                      Adapt color scheme to dark mode terminal
    -q,--quick                       Print logs without heavy pre-processing

dump [options] [<container>]
    dump the CloudDocs database

    -o,--output=<file-path>
                         redirect output to <file-path>
    -d,--database-path=<db-path>
                         Use the database at <db-path>
    -e,--enterprise
                         Use the Data Separated database
    -i,--itemless
                         Don't dump items from the db
    -u,--upgrade
                         Upgrade the db if necessary before dumping
    -v,--verbose
                         Be verbose when dumping the database

    [<container>]        the container to be dumped

status [<containers>]
    Prints items which haven't been completely synced up / applied to disk

    [<container>]        the container to be dumped

accounts [options]
    Displays iCloudDrive eligible accounts and their logged in/out status and directory name
    -w,--wait            wait for logged in accounts to load

quota
    Displays the available quota in the account

monitor [options] [<container> ...]
    monitor activity
    -g                   dump global activity of the iCloud Drive
    -i                   dump changes incrementally
    -t                   amount of time in seconds to run the query, the query will stop after the specified time
    -p                   only static gathering
                         Example: brctl monitor -p com.apple.CloudDoocs
    -S,--scope=<scope>
                         restrict the NSMetadataQuery scope to docs, data, external or a combination
    -w,--wait-uploaded
                         wait for all items to be uploaded
    -u,--wait-start-uploading
                         wait for at least one item that has an uploading progress

    [<container> ...]    list of containers to monitor, ignored when -g is used

