[    0.000000] Booting Linux on physical CPU 0x0000000000 [0x610f0000]
[    0.000000] Linux version 6.8.0-117-generic (buildd@bos03-arm64-024) (aarch64-linux-gnu-gcc-13 (Ubuntu 13.3.0-6ubuntu2~24.04.1) 13.3.0, GNU ld (GNU Binutils for Ubuntu) 2.42) #117-Ubuntu SMP PREEMPT_DYNAMIC Thu May  7 17:26:37 UTC 2026 (Ubuntu 6.8.0-117.117-generic 6.8.12)
[    0.000000] KASLR enabled
[    0.000000] efi: EFI v2.7 by EDK II
[    0.000000] efi: ACPI 2.0=0x16fbf0018 SMBIOS=0xfffff000 SMBIOS 3.0=0x16fc1a000 MOKvar=0x16e320000 RNG=0x16fbff818 MEMRESERVE=0x16e44db98 
[    0.000000] random: crng init done
[    0.000000] secureboot: Secure boot disabled
[    0.000000] ACPI: Early table checksum verification disabled
[    0.000000] ACPI: RSDP 0x000000016FBF0018 000024 (v02 APPLE )
[    0.000000] ACPI: XSDT 0x000000016FBFFE98 000044 (v01 APPLE  Apple Vz 00000001      01000013)
[    0.000000] ACPI: FACP 0x000000016FBFFA98 000114 (v06 APPLE  Apple Vz 00000001 AAPL 20180427)
[    0.000000] ACPI: DSDT 0x000000016FBFE998 00035A (v02 APPLE  Apple Vz 00000001 AAPL 20180427)
[    0.000000] ACPI: GTDT 0x000000016FBFFC18 000068 (v03 APPLE  Apple Vz 00000001 AAPL 20180427)
[    0.000000] ACPI: APIC 0x000000016FBFFD18 00010C (v05 APPLE  Apple Vz 00000001 AAPL 20180427)
[    0.000000] ACPI: MCFG 0x000000016FBFFF98 00003C (v01 APPLE  Apple Vz 00000001 AAPL 20180427)
[    0.000000] NUMA: Failed to initialise from firmware
[    0.000000] NUMA: Faking a node at [mem 0x0000000070000000-0x000000016fffffff]
[    0.000000] NUMA: NODE_DATA [mem 0x16f7175c0-0x16f71cfff]
[    0.000000] Zone ranges:
[    0.000000]   DMA      [mem 0x0000000070000000-0x00000000ffffffff]
[    0.000000]   DMA32    empty
[    0.000000]   Normal   [mem 0x0000000100000000-0x000000016fffffff]
[    0.000000]   Device   empty
[    0.000000] Movable zone start for each node
[    0.000000] Early memory node ranges
[    0.000000]   node   0: [mem 0x0000000070000000-0x00000000ffffdfff]
[    0.000000]   node   0: [mem 0x00000000ffffe000-0x00000000ffffffff]
[    0.000000]   node   0: [mem 0x0000000100000000-0x000000016e31ffff]
[    0.000000]   node   0: [mem 0x000000016e320000-0x000000016e32ffff]
[    0.000000]   node   0: [mem 0x000000016e330000-0x000000016e56ffff]
[    0.000000]   node   0: [mem 0x000000016e570000-0x000000016e6fffff]
[    0.000000]   node   0: [mem 0x000000016e700000-0x000000016fafffff]
[    0.000000]   node   0: [mem 0x000000016fb00000-0x000000016fb8ffff]
[    0.000000]   node   0: [mem 0x000000016fb90000-0x000000016fb9ffff]
[    0.000000]   node   0: [mem 0x000000016fba0000-0x000000016fbdffff]
[    0.000000]   node   0: [mem 0x000000016fbe0000-0x000000016fc18fff]
[    0.000000]   node   0: [mem 0x000000016fc19000-0x000000016fc1afff]
[    0.000000]   node   0: [mem 0x000000016fc1b000-0x000000016fffffff]
[    0.000000] Initmem setup node 0 [mem 0x0000000070000000-0x000000016fffffff]
[    0.000000] cma: Reserved 32 MiB at 0x00000000fde00000 on node -1
[    0.000000] psci: probing for conduit method from ACPI.
[    0.000000] psci: PSCIv1.1 detected in firmware.
[    0.000000] psci: Using standard PSCI v0.2 function IDs
[    0.000000] psci: Trusted OS migration not required
[    0.000000] psci: SMC Calling Convention v1.1
[    0.000000] percpu: Embedded 54 pages/cpu s95080 r8192 d117912 u221184
[    0.000000] pcpu-alloc: s95080 r8192 d117912 u221184 alloc=54*4096
[    0.000000] pcpu-alloc: [0] 0 [0] 1 
[    0.000000] Detected PIPT I-cache on CPU0
[    0.000000] CPU features: detected: Address authentication (IMP DEF algorithm)
[    0.000000] CPU features: detected: GIC system register CPU interface
[    0.000000] CPU features: detected: Spectre-v4
[    0.000000] CPU features: detected: Spectre-BHB
[    0.000000] alternatives: applying boot alternatives
[    0.000000] Kernel command line: BOOT_IMAGE=/vmlinuz-6.8.0-117-generic root=PARTUUID=b42f7b28-0777-4823-9ec1-0098926cabac ro console=tty1 console=ttyAMA0
[    0.000000] Dentry cache hash table entries: 524288 (order: 10, 4194304 bytes, linear)
[    0.000000] Inode-cache hash table entries: 262144 (order: 9, 2097152 bytes, linear)
[    0.000000] Fallback order for Node 0: 0 
[    0.000000] Built 1 zonelists, mobility grouping on.  Total pages: 1032192
[    0.000000] Policy zone: Normal
[    0.000000] mem auto-init: stack:all(zero), heap alloc:on, heap free:off
[    0.000000] software IO TLB: area num 2.
[    0.000000] software IO TLB: mapped [mem 0x00000000f9e00000-0x00000000fde00000] (64MB)
[    0.000000] Memory: 3953364K/4194304K available (23552K kernel code, 5208K rwdata, 16448K rodata, 12288K init, 1233K bss, 208172K reserved, 32768K cma-reserved)
[    0.000000] SLUB: HWalign=64, Order=0-3, MinObjects=0, CPUs=2, Nodes=1
[    0.000000] ftrace: allocating 63091 entries in 247 pages
[    0.000000] ftrace: allocated 247 pages with 7 groups
[    0.000000] Dynamic Preempt: voluntary
[    0.000000] rcu: Preemptible hierarchical RCU implementation.
[    0.000000] rcu: 	RCU restricting CPUs from NR_CPUS=512 to nr_cpu_ids=2.
[    0.000000] 	Trampoline variant of Tasks RCU enabled.
[    0.000000] 	Rude variant of Tasks RCU enabled.
[    0.000000] 	Tracing variant of Tasks RCU enabled.
[    0.000000] rcu: RCU calculated value of scheduler-enlistment delay is 100 jiffies.
[    0.000000] rcu: Adjusting geometry for rcu_fanout_leaf=16, nr_cpu_ids=2
[    0.000000] RCU Tasks: Setting shift to 1 and lim to 1 rcu_task_cb_adjust=1 rcu_task_cpu_ids=2.
[    0.000000] RCU Tasks Rude: Setting shift to 1 and lim to 1 rcu_task_cb_adjust=1 rcu_task_cpu_ids=2.
[    0.000000] RCU Tasks Trace: Setting shift to 1 and lim to 1 rcu_task_cb_adjust=1 rcu_task_cpu_ids=2.
[    0.000000] NR_IRQS: 64, nr_irqs: 64, preallocated irqs: 0
[    0.000000] GICv3: 988 SPIs implemented
[    0.000000] GICv3: 0 Extended SPIs implemented
[    0.000000] Root IRQ handler: gic_handle_irq
[    0.000000] GICv3: GICv3 features: 16 PPIs, RSS
[    0.000000] GICv3: CPU0: found redistributor 0 region 0:0x0000000010010000
[    0.000000] GICv2m: range[mem 0x1fff0000-0x1fff0fff], SPI[128:255]
[    0.000000] rcu: srcu_init: Setting srcu_struct sizes based on contention.
[    0.000000] arch_timer: cp15 timer(s) running at 24.00MHz (virt).
[    0.000000] clocksource: arch_sys_counter: mask: 0xffffffffffffff max_cycles: 0x588fe9dc0, max_idle_ns: 440795202592 ns
[    0.000000] sched_clock: 56 bits at 24MHz, resolution 41ns, wraps every 4398046511097ns
[    0.000060] Console: colour dummy device 80x25
[    0.000061] printk: legacy console [tty1] enabled
[    0.000112] ACPI: Core revision 20230628
[    0.000132] Calibrating delay loop (skipped), value calculated using timer frequency.. 48.00 BogoMIPS (lpj=24000)
[    0.000134] pid_max: default: 32768 minimum: 301
[    0.000156] LSM: initializing lsm=lockdown,capability,landlock,yama,apparmor,integrity
[    0.000160] landlock: Up and running.
[    0.000161] Yama: becoming mindful.
[    0.000180] AppArmor: AppArmor initialized
[    0.000205] Mount-cache hash table entries: 8192 (order: 4, 65536 bytes, linear)
[    0.000211] Mountpoint-cache hash table entries: 8192 (order: 4, 65536 bytes, linear)
[    0.000359] ACPI PPTT: No PPTT table found, CPU and cache topology may be inaccurate
[    0.000371] cacheinfo: Unable to detect cache hierarchy for CPU 0
[    0.000500] rcu: Hierarchical SRCU implementation.
[    0.000501] rcu: 	Max phase no-delay instances is 400.
[    0.000601] Remapping and enabling EFI services.
[    0.000664] smp: Bringing up secondary CPUs ...
[    0.000798] Detected PIPT I-cache on CPU1
[    0.000812] GICv3: CPU1: found redistributor 1 region 0:0x0000000010030000
[    0.000852] CPU1: Booted secondary processor 0x0000000001 [0x610f0000]
[    0.000911] smp: Brought up 1 node, 2 CPUs
[    0.000914] SMP: Total of 2 processors activated.
[    0.000915] CPU: All CPU(s) started at EL1
[    0.000917] CPU features: detected: Branch Target Identification
[    0.000919] CPU features: detected: ARMv8.4 Translation Table Level
[    0.000920] CPU features: detected: Data cache clean to the PoU not required for I/D coherence
[    0.000921] CPU features: detected: Common not Private translations
[    0.000922] CPU features: detected: CRC32 instructions
[    0.000923] CPU features: detected: Data cache clean to Point of Deep Persistence
[    0.000923] CPU features: detected: Data cache clean to Point of Persistence
[    0.000924] CPU features: detected: Data independent timing control (DIT)
[    0.000928] CPU features: detected: E0PD
[    0.000928] CPU features: detected: Enhanced Privileged Access Never
[    0.000929] CPU features: detected: Generic authentication (IMP DEF algorithm)
[    0.000930] CPU features: detected: RCpc load-acquire (LDAPR)
[    0.000931] CPU features: detected: LSE atomic instructions
[    0.000932] CPU features: detected: Privileged Access Never
[    0.000933] CPU features: detected: RAS Extension Support
[    0.000934] CPU features: detected: Speculation barrier (SB)
[    0.000934] CPU features: detected: TLB range maintenance instructions
[    0.000970] alternatives: applying system-wide alternatives
[    0.001832] devtmpfs: initialized
[    0.002075] setend instruction emulation is not supported on this system
[    0.002106] clocksource: jiffies: mask: 0xffffffff max_cycles: 0xffffffff, max_idle_ns: 1911260446275000 ns
[    0.002112] futex hash table entries: 512 (order: 3, 32768 bytes, linear)
[    0.002193] pinctrl core: initialized pinctrl subsystem
[    0.002259] SMBIOS 3.3.0 present.
[    0.002261] DMI: Apple Inc. Apple Virtualization Generic Platform, BIOS 2103.100.6.0.0 04/18/2026
[    0.002371] NET: Registered PF_NETLINK/PF_ROUTE protocol family
[    0.002724] DMA: preallocated 512 KiB GFP_KERNEL pool for atomic allocations
[    0.002776] DMA: preallocated 512 KiB GFP_KERNEL|GFP_DMA pool for atomic allocations
[    0.002830] DMA: preallocated 512 KiB GFP_KERNEL|GFP_DMA32 pool for atomic allocations
[    0.002837] audit: initializing netlink subsys (disabled)
[    0.002941] audit: type=2000 audit(0.002:1): state=initialized audit_enabled=0 res=1
[    0.003284] thermal_sys: Registered thermal governor 'fair_share'
[    0.003284] thermal_sys: Registered thermal governor 'bang_bang'
[    0.003286] thermal_sys: Registered thermal governor 'step_wise'
[    0.003287] thermal_sys: Registered thermal governor 'user_space'
[    0.003288] thermal_sys: Registered thermal governor 'power_allocator'
[    0.003294] cpuidle: using governor ladder
[    0.003296] cpuidle: using governor menu
[    0.003313] hw-breakpoint: found 6 breakpoint and 4 watchpoint registers.
[    0.003349] ASID allocator initialised with 65536 entries
[    0.003395] acpiphp: ACPI Hot Plug PCI Controller Driver version: 0.5
[    0.003429] Serial: AMBA PL011 UART driver
[    0.003460] Modules: 2G module region forced by RANDOMIZE_MODULE_REGION_FULL
[    0.003461] Modules: 0 pages in range for non-PLT usage
[    0.003461] Modules: 509552 pages in range for PLT usage
[    0.004360] HugeTLB: registered 1.00 GiB page size, pre-allocated 0 pages
[    0.004362] HugeTLB: 0 KiB vmemmap can be freed for a 1.00 GiB page
[    0.004363] HugeTLB: registered 32.0 MiB page size, pre-allocated 0 pages
[    0.004364] HugeTLB: 0 KiB vmemmap can be freed for a 32.0 MiB page
[    0.004365] HugeTLB: registered 2.00 MiB page size, pre-allocated 0 pages
[    0.004365] HugeTLB: 0 KiB vmemmap can be freed for a 2.00 MiB page
[    0.004366] HugeTLB: registered 64.0 KiB page size, pre-allocated 0 pages
[    0.004367] HugeTLB: 0 KiB vmemmap can be freed for a 64.0 KiB page
[    0.005951] fbcon: Taking over console
[    0.005962] ACPI: Added _OSI(Module Device)
[    0.005963] ACPI: Added _OSI(Processor Device)
[    0.005964] ACPI: Added _OSI(Processor Aggregator Device)
[    0.006009] ACPI: 1 ACPI AML tables successfully acquired and loaded
[    0.006106] ACPI: Interpreter enabled
[    0.006107] ACPI: Using GIC for interrupt routing
[    0.006116] ACPI: MCFG table detected, 1 entries
[    0.006273] ACPI: PCI Root Bridge [PCI0] (domain 0000 [bus 00-ff])
[    0.006276] acpi PNP0A08:00: _OSC: OS supports [ExtendedConfig ASPM ClockPM Segments MSI EDR HPX-Type3]
[    0.006279] acpi PNP0A08:00: _OSC: OS requested [PCIeHotplug SHPCHotplug PME AER PCIeCapability LTR DPC]
[    0.006280] acpi PNP0A08:00: _OSC: platform willing to grant [PCIeHotplug SHPCHotplug PME AER PCIeCapability LTR DPC]
[    0.006281] acpi PNP0A08:00: _OSC: platform retains control of PCIe features (AE_NOT_FOUND)
[    0.006287] acpi PNP0A08:00: ECAM area [mem 0x40000000-0x4fffffff] reserved by PNP0C02:00
[    0.006291] acpi PNP0A08:00: ECAM at [mem 0x40000000-0x4fffffff] for [bus 00-ff]
[    0.006297] ACPI: Remapped I/O 0x000000006fff0000 to [io  0x0000-0xffff window]
[    0.006315] PCI host bridge to bus 0000:00
[    0.006317] pci_bus 0000:00: root bus resource [mem 0x50000000-0x6ffdffff window]
[    0.006318] pci_bus 0000:00: root bus resource [mem 0x180000000-0x57fffffff window]
[    0.006319] pci_bus 0000:00: root bus resource [io  0x0000-0xffff window]
[    0.006320] pci_bus 0000:00: root bus resource [bus 00-ff]
[    0.006343] pci 0000:00:00.0: [106b:1a05] type 00 class 0x060000 conventional PCI endpoint
[    0.006457] pci 0000:00:01.0: [1af4:1041] type 00 class 0x020000 conventional PCI endpoint
[    0.006509] pci 0000:00:01.0: BAR 0 [mem 0x180070000-0x18007ffff 64bit]
[    0.006511] pci 0000:00:01.0: BAR 2 [mem 0x5000a000-0x5000a03f]
[    0.006600] pci 0000:00:05.0: [1af4:1043] type 00 class 0x078000 conventional PCI endpoint
[    0.006642] pci 0000:00:05.0: BAR 0 [mem 0x180060000-0x18006ffff 64bit]
[    0.006643] pci 0000:00:05.0: BAR 2 [mem 0x50003000-0x5000307f]
[    0.006729] pci 0000:00:06.0: [1af4:1042] type 00 class 0x018000 conventional PCI endpoint
[    0.006771] pci 0000:00:06.0: BAR 0 [mem 0x180050000-0x18005ffff 64bit]
[    0.006773] pci 0000:00:06.0: BAR 2 [mem 0x50009000-0x5000903f]
[    0.006856] pci 0000:00:07.0: [1af4:1042] type 00 class 0x018000 conventional PCI endpoint
[    0.006898] pci 0000:00:07.0: BAR 0 [mem 0x180040000-0x18004ffff 64bit]
[    0.006899] pci 0000:00:07.0: BAR 2 [mem 0x50008000-0x5000803f]
[    0.006986] pci 0000:00:08.0: [1af4:1042] type 00 class 0x018000 conventional PCI endpoint
[    0.007027] pci 0000:00:08.0: BAR 0 [mem 0x180030000-0x18003ffff 64bit]
[    0.007029] pci 0000:00:08.0: BAR 2 [mem 0x50007000-0x5000703f]
[    0.007112] pci 0000:00:09.0: [1af4:105a] type 00 class 0x018000 conventional PCI endpoint
[    0.007158] pci 0000:00:09.0: BAR 0 [mem 0x180020000-0x18002ffff 64bit]
[    0.007161] pci 0000:00:09.0: BAR 2 [mem 0x50006000-0x5000603f]
[    0.007271] pci 0000:00:0a.0: [1af4:1053] type 00 class 0x078000 conventional PCI endpoint
[    0.007322] pci 0000:00:0a.0: BAR 0 [mem 0x180010000-0x18001ffff 64bit]
[    0.007324] pci 0000:00:0a.0: BAR 2 [mem 0x50002000-0x5000207f]
[    0.007415] pci 0000:00:0b.0: [1af4:1044] type 00 class 0x100000 conventional PCI endpoint
[    0.007456] pci 0000:00:0b.0: BAR 0 [mem 0x180080000-0x180087fff 64bit]
[    0.007458] pci 0000:00:0b.0: BAR 2 [mem 0x50005000-0x5000503f]
[    0.007532] pci 0000:00:0c.0: [1af4:1045] type 00 class 0x058000 conventional PCI endpoint
[    0.007576] pci 0000:00:0c.0: BAR 0 [mem 0x180000000-0x18000ffff 64bit]
[    0.007578] pci 0000:00:0c.0: BAR 2 [mem 0x50004000-0x5000403f]
[    0.007664] pci 0000:00:0d.0: [106b:1a06] type 00 class 0x0c0330 conventional PCI endpoint
[    0.007705] pci 0000:00:0d.0: BAR 0 [mem 0x50001000-0x50001fff]
[    0.007707] pci 0000:00:0d.0: BAR 1 [mem 0x50000000-0x500003ff]
[    0.007778] pci 0000:00:01.0: BAR 0 [mem 0x180000000-0x18000ffff 64bit]: assigned
[    0.007788] pci 0000:00:05.0: BAR 0 [mem 0x180010000-0x18001ffff 64bit]: assigned
[    0.007801] pci 0000:00:06.0: BAR 0 [mem 0x180020000-0x18002ffff 64bit]: assigned
[    0.007815] pci 0000:00:07.0: BAR 0 [mem 0x180030000-0x18003ffff 64bit]: assigned
[    0.007827] pci 0000:00:08.0: BAR 0 [mem 0x180040000-0x18004ffff 64bit]: assigned
[    0.007842] pci 0000:00:09.0: BAR 0 [mem 0x180050000-0x18005ffff 64bit]: assigned
[    0.007851] pci 0000:00:0a.0: BAR 0 [mem 0x180060000-0x18006ffff 64bit]: assigned
[    0.007860] pci 0000:00:0c.0: BAR 0 [mem 0x180070000-0x18007ffff 64bit]: assigned
[    0.007869] pci 0000:00:0b.0: BAR 0 [mem 0x180080000-0x180087fff 64bit]: assigned
[    0.007879] pci 0000:00:0d.0: BAR 0 [mem 0x50000000-0x50000fff]: assigned
[    0.007881] pci 0000:00:0d.0: BAR 1 [mem 0x50001000-0x500013ff]: assigned
[    0.007884] pci 0000:00:05.0: BAR 2 [mem 0x50001400-0x5000147f]: assigned
[    0.007888] pci 0000:00:0a.0: BAR 2 [mem 0x50001480-0x500014ff]: assigned
[    0.007891] pci 0000:00:01.0: BAR 2 [mem 0x50001500-0x5000153f]: assigned
[    0.007894] pci 0000:00:06.0: BAR 2 [mem 0x50001540-0x5000157f]: assigned
[    0.007898] pci 0000:00:07.0: BAR 2 [mem 0x50001580-0x500015bf]: assigned
[    0.007902] pci 0000:00:08.0: BAR 2 [mem 0x500015c0-0x500015ff]: assigned
[    0.007906] pci 0000:00:09.0: BAR 2 [mem 0x50001600-0x5000163f]: assigned
[    0.007910] pci 0000:00:0b.0: BAR 2 [mem 0x50001640-0x5000167f]: assigned
[    0.007913] pci 0000:00:0c.0: BAR 2 [mem 0x50001680-0x500016bf]: assigned
[    0.007917] pci_bus 0000:00: resource 4 [mem 0x50000000-0x6ffdffff window]
[    0.007918] pci_bus 0000:00: resource 5 [mem 0x180000000-0x57fffffff window]
[    0.007919] pci_bus 0000:00: resource 6 [io  0x0000-0xffff window]
[    0.008268] iommu: Default domain type: Translated
[    0.008270] iommu: DMA domain TLB invalidation policy: strict mode
[    0.008370] SCSI subsystem initialized
[    0.008417] libata version 3.00 loaded.
[    0.008426] ACPI: bus type USB registered
[    0.008434] usbcore: registered new interface driver usbfs
[    0.008438] usbcore: registered new interface driver hub
[    0.008440] usbcore: registered new device driver usb
[    0.008450] pps_core: LinuxPPS API ver. 1 registered
[    0.008451] pps_core: Software ver. 5.3.6 - Copyright 2005-2007 Rodolfo Giometti <giometti@linux.it>
[    0.008453] PTP clock support registered
[    0.008502] EDAC MC: Ver: 3.0.0
[    0.008595] scmi_core: SCMI protocol bus registered
[    0.008636] efivars: Registered efivars operations
[    0.008800] NetLabel: Initializing
[    0.008801] NetLabel:  domain hash size = 128
[    0.008802] NetLabel:  protocols = UNLABELED CIPSOv4 CALIPSO
[    0.008809] NetLabel:  unlabeled traffic allowed by default
[    0.008871] mctp: management component transport protocol core
[    0.008872] NET: Registered PF_MCTP protocol family
[    0.008919] vgaarb: loaded
[    0.008993] clocksource: Switched to clocksource arch_sys_counter
[    0.009273] VFS: Disk quotas dquot_6.6.0
[    0.009278] VFS: Dquot-cache hash table entries: 512 (order 0, 4096 bytes)
[    0.009376] AppArmor: AppArmor Filesystem Enabled
[    0.009384] pnp: PnP ACPI init
[    0.009405] system 00:00: [mem 0x40000000-0x4fffffff] could not be reserved
[    0.009409] pnp: PnP ACPI: found 1 devices
[    0.011633] NET: Registered PF_INET protocol family
[    0.011697] IP idents hash table entries: 65536 (order: 7, 524288 bytes, linear)
[    0.018455] tcp_listen_portaddr_hash hash table entries: 2048 (order: 3, 32768 bytes, linear)
[    0.018461] Table-perturb hash table entries: 65536 (order: 6, 262144 bytes, linear)
[    0.018465] TCP established hash table entries: 32768 (order: 6, 262144 bytes, linear)
[    0.018479] TCP bind hash table entries: 32768 (order: 8, 1048576 bytes, linear)
[    0.018501] TCP: Hash tables configured (established 32768 bind 32768)
[    0.018521] MPTCP token hash table entries: 4096 (order: 5, 98304 bytes, linear)
[    0.018530] UDP hash table entries: 2048 (order: 4, 65536 bytes, linear)
[    0.018535] UDP-Lite hash table entries: 2048 (order: 4, 65536 bytes, linear)
[    0.018555] NET: Registered PF_UNIX/PF_LOCAL protocol family
[    0.018559] NET: Registered PF_XDP protocol family
[    0.018589] pci 0000:00:0d.0: enabling device (0010 -> 0012)
[    0.018618] PCI: CLS 0 bytes, default 64
[    0.018700] kvm [1]: HYP mode not available
[    0.018844] Initialise system trusted keyrings
[    0.018849] Key type blacklist registered
[    0.018888] workingset: timestamp_bits=40 max_order=20 bucket_order=0
[    0.018894] zbud: loaded
[    0.019013] squashfs: version 4.0 (2009/01/31) Phillip Lougher
[    0.019097] fuse: init (API version 7.39)
[    0.019194] integrity: Platform Keyring initialized
[    0.019198] integrity: Machine keyring initialized
[    0.024628] Key type asymmetric registered
[    0.024629] Asymmetric key parser 'x509' registered
[    0.024650] Block layer SCSI generic (bsg) driver version 0.4 loaded (major 242)
[    0.024698] io scheduler mq-deadline registered
[    0.025015] pl061_gpio ARMH0061:00: PL061 GPIO chip registered
[    0.025047] shpchp: Standard Hot Plug PCI Controller Driver version: 0.4
[    0.025114] input: Power Button as /devices/LNXSYSTM:00/PNP0C0C:00/input/input0
[    0.025122] ACPI: button: Power Button [PWRB]
[    0.053024] Serial: 8250/16550 driver, 32 ports, IRQ sharing enabled
[    0.054427] msm_serial: driver initialized
[    0.054433] SuperH (H)SCI(F) driver initialized
[    0.055881] loop: module loaded
[    0.055938] virtio_blk virtio2: 1/0/0 default/read/poll queues
[    0.056126] virtio_blk virtio2: [vda] 41943040 512-byte logical blocks (21.5 GB/20.0 GiB)
[    0.056674] GPT:Primary header thinks Alt. header is not at the end of the disk.
[    0.056676] GPT:7340031 != 41943039
[    0.056677] GPT:Alternate GPT header not at the end of the disk.
[    0.056677] GPT:7340031 != 41943039
[    0.056678] GPT: Use GNU Parted to correct GPT errors.
[    0.056681]  vda: vda1 vda15 vda16
[    0.056842] virtio_blk virtio3: 1/0/0 default/read/poll queues
[    0.057005] virtio_blk virtio3: [vdb] 41943040 512-byte logical blocks (21.5 GB/20.0 GiB)
[    0.057291] virtio_blk virtio4: 1/0/0 default/read/poll queues
[    0.057472] virtio_blk virtio4: [vdc] 38668 512-byte logical blocks (19.8 MB/18.9 MiB)
[    0.057890] ACPI: bus type drm_connector registered
[    0.057980] tun: Universal TUN/TAP device driver, 1.6
[    0.058465] PPP generic driver version 2.4.2
[    0.058592] mousedev: PS/2 mouse device common for all mice
[    0.058838] rtc-efi rtc-efi.0: registered as rtc0
[    0.058863] rtc-efi rtc-efi.0: setting system clock to 2026-06-12T14:46:37 UTC (1781275597)
[    0.058879] i2c_dev: i2c /dev entries driver
[    0.058921] device-mapper: core: CONFIG_IMA_DISABLE_HTABLE is disabled. Duplicate IMA measurements will not be recorded in the IMA log.
[    0.058927] device-mapper: uevent: version 1.0.3
[    0.058968] device-mapper: ioctl: 4.48.0-ioctl (2023-03-01) initialised: dm-devel@redhat.com
[    0.059096] ledtrig-cpu: registered to indicate activity on CPUs
[    0.059185] drop_monitor: Initializing network drop monitor service
[    0.059219] NET: Registered PF_INET6 protocol family
[    0.059737] Segment Routing with IPv6
[    0.059741] In-situ OAM (IOAM) with IPv6
[    0.059748] NET: Registered PF_PACKET protocol family
[    0.059788] Key type dns_resolver registered
[    0.060339] registered taskstats version 1
[    0.060473] Loading compiled-in X.509 certificates
[    0.060697] Loaded X.509 cert 'Build time autogenerated kernel key: 01368eec69cd6f653a28dd100cca076d466f9945'
[    0.060843] Loaded X.509 cert 'Canonical Ltd. Live Patch Signing 2025 Kmod: d541cef61dc7e793b7eb7e899970a2eef0b5dc8c'
[    0.060988] Loaded X.509 cert 'Canonical Ltd. Live Patch Signing: 14df34d1a87cf37625abec039ef2bf521249b969'
[    0.061153] Loaded X.509 cert 'Canonical Ltd. Kernel Module Signing 2025 Kmod: 4627603d2357a2a3f81006370894c221175893e9'
[    0.061330] Loaded X.509 cert 'Canonical Ltd. Kernel Module Signing: 88f752e560a1e0737e31163a466ad7b70a850c19'
[    0.061333] blacklist: Loading compiled-in revocation X.509 certificates
[    0.061345] Loaded X.509 cert 'Canonical Ltd. Secure Boot Signing: 61482aa2830d0ab2ad5af10b7250da9033ddcef0'
[    0.061351] Loaded X.509 cert 'Canonical Ltd. Secure Boot Signing (2017): 242ade75ac4a15e50d50c84b0d45ff3eae707a03'
[    0.061357] Loaded X.509 cert 'Canonical Ltd. Secure Boot Signing (ESM 2018): 365188c1d374d6b07c3c8f240f8ef722433d6a8b'
[    0.061364] Loaded X.509 cert 'Canonical Ltd. Secure Boot Signing (2019): c0746fd6c5da3ae827864651ad66ae47fe24b3e8'
[    0.061369] Loaded X.509 cert 'Canonical Ltd. Secure Boot Signing (2021 v1): a8d54bbb3825cfb94fa13c9f8a594a195c107b8d'
[    0.061374] Loaded X.509 cert 'Canonical Ltd. Secure Boot Signing (2021 v2): 4cf046892d6fd3c9a5b03f98d845f90851dc6a8c'
[    0.061379] Loaded X.509 cert 'Canonical Ltd. Secure Boot Signing (2021 v3): 100437bb6de6e469b581e61cd66bce3ef4ed53af'
[    0.061384] Loaded X.509 cert 'Canonical Ltd. Secure Boot Signing (Ubuntu Core 2019): c1d57b8f6b743f23ee41f4f7ee292f06eecadfb9'
[    0.062587] Key type .fscrypt registered
[    0.062588] Key type fscrypt-provisioning registered
[    0.063230] Key type encrypted registered
[    0.063232] AppArmor: AppArmor sha256 policy hashing enabled
[    0.063307] ima: secureboot mode disabled
[    0.063309] ima: No TPM chip found, activating TPM-bypass!
[    0.063311] Loading compiled-in module X.509 certificates
[    0.063460] Loaded X.509 cert 'Build time autogenerated kernel key: 01368eec69cd6f653a28dd100cca076d466f9945'
[    0.063463] ima: Allocated hash algorithm: sha256
[    0.063469] ima: No architecture policies found
[    0.063473] evm: Initialising EVM extended attributes:
[    0.063474] evm: security.selinux
[    0.063474] evm: security.SMACK64
[    0.063475] evm: security.SMACK64EXEC
[    0.063476] evm: security.SMACK64TRANSMUTE
[    0.063476] evm: security.SMACK64MMAP
[    0.063477] evm: security.apparmor
[    0.063477] evm: security.ima
[    0.063478] evm: security.capability
[    0.063478] evm: HMAC attrs: 0x1
[    0.065221] clk: Disabling unused clocks
[    0.065244] md: Waiting for all devices to be available before autodetect
[    0.065245] md: If you don't use raid, use raid=noautodetect
[    0.065245] md: Autodetecting RAID arrays.
[    0.065246] md: autorun ...
[    0.065247] md: ... autorun DONE.
[    0.066219] EXT4-fs (vda1): mounted filesystem fa7c4d0c-8766-404e-88e9-d9385ac9734c ro with ordered data mode. Quota mode: none.
[    0.066230] VFS: Mounted root (ext4 filesystem) readonly on device 253:1.
[    0.066407] devtmpfs: mounted
[    0.066851] Freeing unused kernel memory: 12288K
[    0.069687] Checked W+X mappings: passed, no W+X pages found
[    0.069697] Run /sbin/init as init process
[    0.069698]   with arguments:
[    0.069699]     /sbin/init
[    0.069699]   with environment:
[    0.069699]     HOME=/
[    0.069700]     TERM=linux
[    0.097928] systemd[1]: Inserted module 'autofs4'
[    0.102747] NET: Registered PF_VSOCK protocol family
[    0.105923] virtiofs virtio5: virtio_fs_setup_dax: No cache capability
[    0.110154] systemd[1]: systemd 255.4-1ubuntu8.15 running in system mode (+PAM +AUDIT +SELINUX +APPARMOR +IMA +SMACK +SECCOMP +GCRYPT -GNUTLS +OPENSSL +ACL +BLKID +CURL +ELFUTILS +FIDO2 +IDN2 -IDN +IPTC +KMOD +LIBCRYPTSETUP +LIBFDISK +PCRE2 -PWQUALITY +P11KIT +QRENCODE +TPM2 +BZIP2 +LZ4 +XZ +ZLIB +ZSTD -BPF_FRAMEWORK -XKBCOMMON +UTMP +SYSVINIT default-hierarchy=unified)
[    0.110158] systemd[1]: Detected virtualization apple.
[    0.110160] systemd[1]: Detected architecture arm64.
[    0.110637] systemd[1]: Hostname set to <ubuntu>.
[    0.111309] systemd[1]: Initializing machine ID from random generator.
[    0.111330] systemd[1]: Installed transient /etc/machine-id file.
[    0.177104] systemd[1]: Queued start job for default target graphical.target.
[    0.184804] systemd[1]: Created slice system-getty.slice - Slice /system/getty.
[    0.184941] systemd[1]: Created slice system-modprobe.slice - Slice /system/modprobe.
[    0.185060] systemd[1]: Created slice system-serial\x2dgetty.slice - Slice /system/serial-getty.
[    0.185172] systemd[1]: Created slice system-systemd\x2dfsck.slice - Slice /system/systemd-fsck.
[    0.185249] systemd[1]: Created slice user.slice - User and Session Slice.
[    0.185274] systemd[1]: Started systemd-ask-password-console.path - Dispatch Password Requests to Console Directory Watch.
[    0.185292] systemd[1]: Started systemd-ask-password-wall.path - Forward Password Requests to Wall Directory Watch.
[    0.185361] systemd[1]: Set up automount proc-sys-fs-binfmt_misc.automount - Arbitrary Executable File Formats File System Automount Point.
[    0.185374] systemd[1]: Expecting device dev-disk-by\x2dlabel-BOOT.device - /dev/disk/by-label/BOOT...
[    0.185381] systemd[1]: Expecting device dev-disk-by\x2dlabel-UEFI.device - /dev/disk/by-label/UEFI...
[    0.185389] systemd[1]: Expecting device dev-hvc0.device - /dev/hvc0...
[    0.185397] systemd[1]: Reached target cryptsetup.target - Local Encrypted Volumes.
[    0.185408] systemd[1]: Reached target integritysetup.target - Local Integrity Protected Volumes.
[    0.185421] systemd[1]: Reached target paths.target - Path Units.
[    0.185429] systemd[1]: Reached target remote-fs.target - Remote File Systems.
[    0.185437] systemd[1]: Reached target slices.target - Slice Units.
[    0.185446] systemd[1]: Reached target swap.target - Swaps.
[    0.185462] systemd[1]: Reached target veritysetup.target - Local Verity Protected Volumes.
[    0.185507] systemd[1]: Listening on systemd-fsckd.socket - fsck to fsckd communication Socket.
[    0.185529] systemd[1]: Listening on systemd-initctl.socket - initctl Compatibility Named Pipe.
[    0.185563] systemd[1]: Listening on systemd-journald-dev-log.socket - Journal Socket (/dev/log).
[    0.185596] systemd[1]: Listening on systemd-journald.socket - Journal Socket.
[    0.185643] systemd[1]: Listening on systemd-networkd.socket - Network Service Netlink Socket.
[    0.185659] systemd[1]: systemd-pcrextend.socket - TPM2 PCR Extension (Varlink) was skipped because of an unmet condition check (ConditionSecurity=measured-uki).
[    0.185698] systemd[1]: Listening on systemd-udevd-control.socket - udev Control Socket.
[    0.185724] systemd[1]: Listening on systemd-udevd-kernel.socket - udev Kernel Socket.
[    0.186208] systemd[1]: Mounting dev-hugepages.mount - Huge Pages File System...
[    0.187359] systemd[1]: Mounting dev-mqueue.mount - POSIX Message Queue File System...
[    0.188276] systemd[1]: Mounting sys-kernel-debug.mount - Kernel Debug File System...
[    0.189024] systemd[1]: Mounting sys-kernel-tracing.mount - Kernel Trace File System...
[    0.190427] systemd[1]: Starting systemd-journald.service - Journal Service...
[    0.191032] systemd[1]: Starting kmod-static-nodes.service - Create List of Static Device Nodes...
[    0.192058] systemd[1]: Starting modprobe@configfs.service - Load Kernel Module configfs...
[    0.194075] systemd[1]: Starting modprobe@dm_mod.service - Load Kernel Module dm_mod...
[    0.195056] systemd[1]: Starting modprobe@drm.service - Load Kernel Module drm...
[    0.196686] systemd[1]: Starting modprobe@efi_pstore.service - Load Kernel Module efi_pstore...
[    0.197030] systemd[1]: Starting modprobe@fuse.service - Load Kernel Module fuse...
[    0.197700] systemd[1]: Starting modprobe@loop.service - Load Kernel Module loop...
[    0.197715] systemd[1]: netplan-ovs-cleanup.service - OpenVSwitch configuration for cleanup was skipped because of an unmet condition check (ConditionFileIsExecutable=/usr/bin/ovs-vsctl).
[    0.197739] systemd-journald[118]: Collecting audit messages is disabled.
[    0.198026] systemd[1]: Starting systemd-fsck-root.service - File System Check on Root Device...
[    0.200025] systemd[1]: Starting systemd-modules-load.service - Load Kernel Modules...
[    0.200042] systemd[1]: systemd-pcrmachine.service - TPM2 PCR Machine ID Measurement was skipped because of an unmet condition check (ConditionSecurity=measured-uki).
[    0.200065] systemd[1]: systemd-tpm2-setup-early.service - TPM2 SRK Setup (Early) was skipped because of an unmet condition check (ConditionSecurity=measured-uki).
[    0.201042] systemd[1]: Starting systemd-udev-trigger.service - Coldplug All udev Devices...
[    0.201427] systemd[1]: Mounted dev-hugepages.mount - Huge Pages File System.
[    0.201749] systemd[1]: Mounted dev-mqueue.mount - POSIX Message Queue File System.
[    0.201781] systemd[1]: Mounted sys-kernel-debug.mount - Kernel Debug File System.
[    0.201809] systemd[1]: Mounted sys-kernel-tracing.mount - Kernel Trace File System.
[    0.201983] systemd[1]: Finished kmod-static-nodes.service - Create List of Static Device Nodes.
[    0.202149] systemd[1]: modprobe@configfs.service: Deactivated successfully.
[    0.202192] systemd[1]: Finished modprobe@configfs.service - Load Kernel Module configfs.
[    0.202650] systemd[1]: modprobe@dm_mod.service: Deactivated successfully.
[    0.202689] systemd[1]: Finished modprobe@dm_mod.service - Load Kernel Module dm_mod.
[    0.202757] systemd[1]: modprobe@drm.service: Deactivated successfully.
[    0.202792] systemd[1]: Finished modprobe@drm.service - Load Kernel Module drm.
[    0.202853] systemd[1]: modprobe@loop.service: Deactivated successfully.
[    0.202886] systemd[1]: Finished modprobe@loop.service - Load Kernel Module loop.
[    0.203044] systemd[1]: Started systemd-journald.service - Journal Service.
[    0.205448] pstore: Using crash dump compression: deflate
[    0.206112] pstore: Registered efi_pstore as persistent store backend
[    0.229210] EXT4-fs (vda1): re-mounted fa7c4d0c-8766-404e-88e9-d9385ac9734c r/w.
[    0.242232] systemd-journald[118]: Received client request to flush runtime journal.
[    0.301723] virtio_net virtio0 enp0s1: renamed from eth0
[    0.357027] EXT4-fs (vda16): mounted filesystem 40bbbb89-65b4-41f0-ad66-b2637a3d87a1 r/w with ordered data mode. Quota mode: none.
[    0.374663] xhci_hcd 0000:00:0d.0: xHCI Host Controller
[    0.374667] xhci_hcd 0000:00:0d.0: new USB bus registered, assigned bus number 1
[    0.374731] xhci_hcd 0000:00:0d.0: hcc params 0x02600801 hci version 0x110 quirks 0x0000000000000010
[    0.374900] xhci_hcd 0000:00:0d.0: xHCI Host Controller
[    0.374901] xhci_hcd 0000:00:0d.0: new USB bus registered, assigned bus number 2
[    0.374903] xhci_hcd 0000:00:0d.0: Host supports USB 3.1 Enhanced SuperSpeed
[    0.378968] usb usb1: New USB device found, idVendor=1d6b, idProduct=0002, bcdDevice= 6.08
[    0.378970] usb usb1: New USB device strings: Mfr=3, Product=2, SerialNumber=1
[    0.378971] usb usb1: Product: xHCI Host Controller
[    0.378971] usb usb1: Manufacturer: Linux 6.8.0-117-generic xhci-hcd
[    0.378972] usb usb1: SerialNumber: 0000:00:0d.0
[    0.379468] hub 1-0:1.0: USB hub found
[    0.379510] hub 1-0:1.0: 8 ports detected
[    0.380365] usb usb2: We don't know the algorithms for LPM for this host, disabling LPM.
[    0.380373] usb usb2: New USB device found, idVendor=1d6b, idProduct=0003, bcdDevice= 6.08
[    0.380373] usb usb2: New USB device strings: Mfr=3, Product=2, SerialNumber=1
[    0.380374] usb usb2: Product: xHCI Host Controller
[    0.380374] usb usb2: Manufacturer: Linux 6.8.0-117-generic xhci-hcd
[    0.380375] usb usb2: SerialNumber: 0000:00:0d.0
[    0.380445] hub 2-0:1.0: USB hub found
[    0.380519] hub 2-0:1.0: 8 ports detected
[    0.395060] audit: type=1400 audit(1781275597.835:2): apparmor="STATUS" operation="profile_load" profile="unconfined" name="1password" pid=229 comm="apparmor_parser"
[    0.396621] audit: type=1400 audit(1781275597.837:3): apparmor="STATUS" operation="profile_load" profile="unconfined" name="Discord" pid=230 comm="apparmor_parser"
[    0.401467] audit: type=1400 audit(1781275597.842:4): apparmor="STATUS" operation="profile_load" profile="unconfined" name=4D6F6E676F444220436F6D70617373 pid=234 comm="apparmor_parser"
[    0.403184] audit: type=1400 audit(1781275597.844:5): apparmor="STATUS" operation="profile_load" profile="unconfined" name="QtWebEngineProcess" pid=236 comm="apparmor_parser"
[    0.403669] audit: type=1400 audit(1781275597.844:6): apparmor="STATUS" operation="profile_load" profile="unconfined" name="balena-etcher" pid=238 comm="apparmor_parser"
[    0.404323] audit: type=1400 audit(1781275597.845:7): apparmor="STATUS" operation="profile_load" profile="unconfined" name="brave" pid=239 comm="apparmor_parser"
[    0.405731] audit: type=1400 audit(1781275597.846:8): apparmor="STATUS" operation="profile_load" profile="unconfined" name="buildah" pid=240 comm="apparmor_parser"
[    0.406310] audit: type=1400 audit(1781275597.847:9): apparmor="STATUS" operation="profile_load" profile="unconfined" name="cam" pid=241 comm="apparmor_parser"
[    0.406988] audit: type=1400 audit(1781275597.847:10): apparmor="STATUS" operation="profile_load" profile="unconfined" name="ch-run" pid=243 comm="apparmor_parser"
[    0.545731] ISO 9660 Extensions: IEEE_P1282
[    0.580437] virtio_net virtio0 eth0: renamed from enp0s1
[    0.618006] usb 1-1: new full-speed USB device number 2 using xhci_hcd
[    0.745258] usb 1-1: New USB device found, idVendor=05ac, idProduct=8105, bcdDevice= 0.00
[    0.745261] usb 1-1: New USB device strings: Mfr=2, Product=3, SerialNumber=0
[    0.745262] usb 1-1: Product: Virtual USB Keyboard
[    0.745262] usb 1-1: Manufacturer: Apple Inc.
[    0.752684] hid: raw HID events driver (C) Jiri Kosina
[    0.754448] usbcore: registered new interface driver usbhid
[    0.754450] usbhid: USB HID core driver
[    0.755906] input: Apple Inc. Virtual USB Keyboard as /devices/pci0000:00/0000:00:0d.0/usb1/1-1/1-1:1.0/0003:05AC:8105.0001/input/input1
[    0.810650] hid-generic 0003:05AC:8105.0001: input,hidraw0: USB HID v1.10 Keyboard [Apple Inc. Virtual USB Keyboard] on usb-0000:00:0d.0-1/input0
[    0.863217] usb 1-2: new full-speed USB device number 3 using xhci_hcd
[    0.999189] usb 1-2: New USB device found, idVendor=05ac, idProduct=8106, bcdDevice= 0.00
[    0.999195] usb 1-2: New USB device strings: Mfr=2, Product=3, SerialNumber=0
[    0.999196] usb 1-2: Product: Virtual USB Digitizer
[    0.999197] usb 1-2: Manufacturer: Apple Inc.
[    0.999713] input: Apple Inc. Virtual USB Digitizer as /devices/pci0000:00/0000:00:0d.0/usb1/1-2/1-2:1.0/0003:05AC:8106.0002/input/input2
[    1.000574] hid-generic 0003:05AC:8106.0002: input,hidraw1: USB HID v1.10 Mouse [Apple Inc. Virtual USB Digitizer] on usb-0000:00:0d.0-2/input0
[    2.748042] EXT4-fs (vda1): resizing filesystem from 655099 to 4980475 blocks
[    2.761338] EXT4-fs (vda1): resized filesystem to 4980475
[    3.529176] Initializing XFRM netlink socket
[    3.538588] bridge: filtering via arp/ip/ip6tables is no longer available by default. Update your scripts to load br_netfilter if you need this.
[    3.677691] ISO 9660 Extensions: IEEE_P1282
[    3.981379]  vdb: vdb1
[    3.999033] EXT4-fs (vdb1): mounted filesystem db378807-04ae-4bd5-bd08-aebb2dc4690d r/w with ordered data mode. Quota mode: none.
[   15.854775] kauditd_printk_skb: 102 callbacks suppressed
[   15.854777] audit: type=1400 audit(1781275612.819:113): apparmor="STATUS" operation="profile_replace" info="same as current profile, skipping" profile="unconfined" name="docker-default" pid=1514 comm="apparmor_parser"
[   32.083756] evm: overlay not supported
[   32.165293] docker0: port 1(veth69864c6) entered blocking state
[   32.165297] docker0: port 1(veth69864c6) entered disabled state
[   32.165302] veth69864c6: entered allmulticast mode
[   32.165320] veth69864c6: entered promiscuous mode
[   32.178109] eth0: renamed from veth42505c1
[   32.184757] docker0: port 1(veth69864c6) entered blocking state
[   32.184760] docker0: port 1(veth69864c6) entered forwarding state
[   72.858250] docker0: port 1(veth69864c6) entered disabled state
[   72.858275] veth42505c1: renamed from eth0
[   72.877527] docker0: port 1(veth69864c6) entered disabled state
[   72.877630] veth69864c6 (unregistering): left allmulticast mode
[   72.877632] veth69864c6 (unregistering): left promiscuous mode
[   72.877633] docker0: port 1(veth69864c6) entered disabled state
[   81.701074] docker0: port 1(vethce56fc9) entered blocking state
[   81.701084] docker0: port 1(vethce56fc9) entered disabled state
[   81.701089] vethce56fc9: entered allmulticast mode
[   81.701107] vethce56fc9: entered promiscuous mode
[   81.704864] eth0: renamed from veth9d30b79
[   81.707902] docker0: port 1(vethce56fc9) entered blocking state
[   81.707904] docker0: port 1(vethce56fc9) entered forwarding state
[  103.071631] docker0: port 1(vethce56fc9) entered disabled state
[  103.071651] veth9d30b79: renamed from eth0
[  103.088430] docker0: port 1(vethce56fc9) entered disabled state
[  103.088537] vethce56fc9 (unregistering): left allmulticast mode
[  103.088538] vethce56fc9 (unregistering): left promiscuous mode
[  103.088539] docker0: port 1(vethce56fc9) entered disabled state
[  212.693056] docker0: port 1(vethe474b95) entered blocking state
[  212.693060] docker0: port 1(vethe474b95) entered disabled state
[  212.693063] vethe474b95: entered allmulticast mode
[  212.693077] vethe474b95: entered promiscuous mode
[  212.696137] eth0: renamed from vethec74e0d
[  212.699968] docker0: port 1(vethe474b95) entered blocking state
[  212.699971] docker0: port 1(vethe474b95) entered forwarding state
