# dmidecode 3.3
Getting SMBIOS data from sysfs.
SMBIOS 3.3.0 present.
Table at 0x16FC19000.

Handle 0x0000, DMI type 1, 27 bytes
System Information
	Manufacturer: Apple Inc.
	Product Name: Apple Virtualization Generic Platform
	Version: 1
	Serial Number: Virtualization-e0301a5f-6531-4547-9f1d-614d7164db4d
	UUID: 5f1a30e0-3165-4745-9f1d-614d7164db4d
	Wake-up Type: Power Switch
	SKU Number: Not Specified
	Family: Not Specified

Handle 0x0001, DMI type 3, 22 bytes
Chassis Information
	Manufacturer: Apple Inc.
	Type: Desktop
	Lock: Not Present
	Version: 1
	Serial Number: Virtualization-e0301a5f-6531-4547-9f1d-614d7164db4d
	Asset Tag: Not Specified
	Boot-up State: Safe
	Power Supply State: Safe
	Thermal State: Safe
	Security Status: None
	OEM Information: 0x00000000
	Height: Unspecified
	Number Of Power Cords: Unspecified
	Contained Elements: 0
	SKU Number: Not Specified

Handle 0x0002, DMI type 4, 48 bytes
Processor Information
	Socket Designation: Socket 0
	Type: Central Processor
	Family: ARMv8
	Manufacturer: Apple Inc.
	ID: 00 00 00 00 00 00 00 00
	Version: Not Specified
	Voltage: Unknown
	External Clock: Unknown
	Max Speed: Unknown
	Current Speed: Unknown
	Status: Populated, Enabled
	Upgrade: None
	L1 Cache Handle: Not Provided
	L2 Cache Handle: Not Provided
	L3 Cache Handle: Not Provided
	Serial Number: Not Specified
	Asset Tag: Not Specified
	Part Number: Not Specified
	Core Count: 2
	Core Enabled: 2
	Thread Count: 2
	Characteristics:
		64-bit capable
		Multi-Core
		Power/Performance Control

Handle 0x0003, DMI type 16, 23 bytes
Physical Memory Array
	Location: System Board Or Motherboard
	Use: System Memory
	Error Correction Type: None
	Maximum Capacity: 4 GB
	Error Information Handle: Not Provided
	Number Of Devices: 1

Handle 0x0004, DMI type 17, 40 bytes
Memory Device
	Array Handle: 0x0003
	Error Information Handle: Not Provided
	Total Width: 64 bits
	Data Width: 64 bits
	Size: 4 GB
	Form Factor: DIMM
	Set: None
	Locator: DIMM 0
	Bank Locator: Bank 0
	Type: DRAM
	Type Detail: Unknown
	Speed: Unknown
	Manufacturer: Not Specified
	Serial Number: Not Specified
	Asset Tag: Not Specified
	Part Number: Not Specified
	Rank: Unknown
	Configured Memory Speed: Unknown
	Minimum Voltage: Unknown
	Maximum Voltage: Unknown
	Configured Voltage: Unknown

Handle 0x0005, DMI type 0, 26 bytes
BIOS Information
	Vendor: Apple Inc.
	Version: 2103.100.6.0.0
	Release Date: 04/18/2026
	ROM Size: 1 MB
	Characteristics:
		PCI is supported
		BIOS is upgradeable
		BIOS shadowing is allowed
		Boot from CD is supported
		Selectable boot is supported
		Targeted content distribution is supported
		UEFI is supported
		System is a virtual machine

Handle 0x0006, DMI type 11, 5 bytes
OEM Strings
	String 1: Apple ROM Version.  BIOS ID:      VZG21.88Z.F000.B00.2604181615.  Model:        VZG21.  EFI Version:  2103.100.6.0.0.  Built by:     root@qlx62.  Date:         Sat Apr 18 16:15:21 2026.  Revision:     2103.100.6 (B&I).  ROM Version:  F000_B00.  Build Type:   Official Build, RELEASE.  Compiler:     clang-2100.0.123.2.

Handle 0x0007, DMI type 32, 11 bytes
System Boot Information
	Status: No errors detected

Handle 0x0008, DMI type 128, 96 bytes
OEM-specific Type
	Header and Data:
		80 60 08 00 02 00 00 00 42 E0 0A B2 FF FF FF FF
		00 00 00 00 00 00 00 00 00 10 00 00 FF FF 0F 00
		10 F0 C5 6F 0F D0 FC 6F 00 00 00 00 00 00 00 00
		00 00 00 00 00 00 00 00 00 00 00 00 00 00 00 00
		00 00 00 00 00 00 00 00 00 00 00 00 00 00 00 00
		00 00 00 00 00 00 00 00 04 00 00 00 FF FF FF FF

Handle 0xFEFF, DMI type 127, 4 bytes
End Of Table

