Desired=Unknown/Install/Remove/Purge/Hold
| Status=Not/Inst/Conf-files/Unpacked/halF-conf/Half-inst/trig-aWait/Trig-pend
|/ Err?=(none)/Reinst-required (Status,Err: uppercase=bad)
||/ Name                           Version                                          Architecture Description
+++-==============================-================================================-============-================================================================================
ii  adduser                        3.118ubuntu5                                     all          add and remove users and groups
ii  apt                            2.4.14                                           arm64        commandline package manager
ii  base-files                     12ubuntu4.7                                      arm64        Debian base system miscellaneous files
ii  base-passwd                    3.5.52build1                                     arm64        Debian base system master password and group files
ii  bash                           5.1-6ubuntu1.1                                   arm64        GNU Bourne Again SHell
ii  bsdutils                       1:2.37.2-4ubuntu3.5                              arm64        basic utilities from 4.4BSD-Lite
ii  bzip2                          1.0.8-5build1                                    arm64        high-quality block-sorting file compressor - utilities
ii  coreutils                      8.32-4.1ubuntu1.3                                arm64        GNU core utilities
ii  dash                           0.5.11+git20210903+057cd650a4ed-3build1          arm64        POSIX-compliant shell
ii  dbus                           1.12.20-2ubuntu4.1                               arm64        simple interprocess messaging system (daemon and utilities)
ii  debconf                        1.5.79ubuntu1                                    all          Debian configuration management system
ii  debianutils                    5.5-1ubuntu2                                     arm64        Miscellaneous utilities specific to Debian
ii  diffutils                      1:3.8-0ubuntu2                                   arm64        File comparison utilities
ii  distro-info-data               0.52ubuntu0.12                                   all          information about the distributions' releases (data files)
ii  dmidecode                      3.3-3ubuntu0.2                                   arm64        SMBIOS/DMI table decoder
ii  dmsetup                        2:1.02.175-2.1ubuntu5                            arm64        Linux Kernel Device Mapper userspace library
ii  dpkg                           1.21.1ubuntu2.6                                  arm64        Debian package management system
ii  e2fsprogs                      1.46.5-2ubuntu1.2                                arm64        ext2/ext3/ext4 file system utilities
ii  ethtool                        1:5.16-1ubuntu0.2                                arm64        display or change Ethernet device settings
ii  findutils                      4.8.0-1ubuntu3                                   arm64        utilities for finding files--find, xargs
ii  gcc-12-base:arm64              12.3.0-1ubuntu1~22.04.3                          arm64        GCC, the GNU Compiler Collection (base package)
ii  gir1.2-glib-2.0:arm64          1.72.0-1                                         arm64        Introspection data for GLib, GObject, Gio and GModule
ii  gpgv                           2.2.27-3ubuntu2.5                                arm64        GNU privacy guard - signature verification tool
ii  grep                           3.7-1build1                                      arm64        GNU grep, egrep and fgrep
ii  gzip                           1.10-4ubuntu4.1                                  arm64        GNU compression utilities
ii  hostname                       3.23ubuntu2                                      arm64        utility to set/show the host name or domain name
ii  hwdata                         0.357-1                                          all          hardware identification / configuration data
ii  init-system-helpers            1.62                                             all          helper tools for all init systems
ii  iproute2                       5.15.0-1ubuntu2.1                                arm64        networking and traffic control tools
ii  libacl1:arm64                  2.3.1-1                                          arm64        access control list - shared library
ii  libapparmor1:arm64             3.0.4-2ubuntu2.5                                 arm64        changehat AppArmor library
ii  libapt-pkg6.0:arm64            2.4.14                                           arm64        package management runtime library
ii  libargon2-1:arm64              0~20171227-0.3                                   arm64        memory-hard hashing function - runtime library
ii  libatm1:arm64                  1:2.5.1-4build2                                  arm64        shared library for ATM (Asynchronous Transfer Mode)
ii  libattr1:arm64                 1:2.5.1-1build1                                  arm64        extended attribute handling - shared library
ii  libaudit-common                1:3.0.7-1build1                                  all          Dynamic library for security auditing - common files
ii  libaudit1:arm64                1:3.0.7-1build1                                  arm64        Dynamic library for security auditing
ii  libblkid1:arm64                2.37.2-4ubuntu3.5                                arm64        block device ID library
ii  libbpf0:arm64                  1:0.5.0-1ubuntu22.04.1                           arm64        eBPF helper library (shared library)
ii  libbsd0:arm64                  0.11.5-1                                         arm64        utility functions from BSD systems - shared library
ii  libbz2-1.0:arm64               1.0.8-5build1                                    arm64        high-quality block-sorting file compressor library - runtime
ii  libc-bin                       2.35-0ubuntu3.13                                 arm64        GNU C Library: Binaries
ii  libc6:arm64                    2.35-0ubuntu3.13                                 arm64        GNU C Library: Shared libraries
ii  libcap-ng0:arm64               0.7.9-2.2build3                                  arm64        An alternate POSIX capabilities library
ii  libcap2:arm64                  1:2.44-1ubuntu0.22.04.3                          arm64        POSIX 1003.1e capabilities (library)
ii  libcap2-bin                    1:2.44-1ubuntu0.22.04.3                          arm64        POSIX 1003.1e capabilities (utilities)
ii  libcom-err2:arm64              1.46.5-2ubuntu1.2                                arm64        common error description library
ii  libcrypt1:arm64                1:4.4.27-1                                       arm64        libcrypt shared library
ii  libcryptsetup12:arm64          2:2.4.3-1ubuntu1.3                               arm64        disk encryption support - shared library
ii  libdb5.3:arm64                 5.3.28+dfsg1-0.8ubuntu3                          arm64        Berkeley v5.3 Database Libraries [runtime]
ii  libdbus-1-3:arm64              1.12.20-2ubuntu4.1                               arm64        simple interprocess messaging system (library)
ii  libdebconfclient0:arm64        0.261ubuntu1                                     arm64        Debian Configuration Management System (C-implementation library)
ii  libdevmapper1.02.1:arm64       2:1.02.175-2.1ubuntu5                            arm64        Linux Kernel Device Mapper userspace library
ii  libdw1:arm64                   0.186-1ubuntu0.1                                 arm64        library that provides access to the DWARF debug information
ii  libelf1:arm64                  0.186-1ubuntu0.1                                 arm64        library to read and write ELF files
ii  libexpat1:arm64                2.4.7-1ubuntu0.7                                 arm64        XML parsing C library - runtime library
ii  libext2fs2:arm64               1.46.5-2ubuntu1.2                                arm64        ext2/ext3/ext4 file system libraries
ii  libffi8:arm64                  3.4.2-4                                          arm64        Foreign Function Interface library runtime
ii  libgcc-s1:arm64                12.3.0-1ubuntu1~22.04.3                          arm64        GCC support library
ii  libgcrypt20:arm64              1.9.4-3ubuntu3                                   arm64        LGPL Crypto library - runtime library
ii  libgdbm-compat4:arm64          1.23-1                                           arm64        GNU dbm database routines (legacy support runtime version) 
ii  libgdbm6:arm64                 1.23-1                                           arm64        GNU dbm database routines (runtime version) 
ii  libgirepository-1.0-1:arm64    1.72.0-1                                         arm64        Library for handling GObject introspection data (runtime library)
ii  libglib2.0-0:arm64             2.72.4-0ubuntu2.9                                arm64        GLib library of C routines
ii  libglib2.0-data                2.72.4-0ubuntu2.9                                all          Common files for GLib library
ii  libgmp10:arm64                 2:6.2.1+dfsg-3ubuntu1                            arm64        Multiprecision arithmetic library
ii  libgnutls30:arm64              3.7.3-4ubuntu1.8                                 arm64        GNU TLS library - main runtime library
ii  libgpg-error0:arm64            1.43-3                                           arm64        GnuPG development runtime library
ii  libgssapi-krb5-2:arm64         1.19.2-2ubuntu0.7                                arm64        MIT Kerberos runtime libraries - krb5 GSS-API Mechanism
ii  libhogweed6:arm64              3.7.3-1build2                                    arm64        low level cryptographic library (public-key cryptos)
ii  libicu70:arm64                 70.1-2                                           arm64        International Components for Unicode
ii  libidn2-0:arm64                2.3.2-2build1                                    arm64        Internationalized domain names (IDNA2008/TR46) library
ii  libip4tc2:arm64                1.8.7-1ubuntu5.2                                 arm64        netfilter libip4tc library
ii  libjson-c5:arm64               0.15-3~ubuntu1.22.04.2                           arm64        JSON manipulation library - shared library
ii  libk5crypto3:arm64             1.19.2-2ubuntu0.7                                arm64        MIT Kerberos runtime libraries - Crypto Library
ii  libkeyutils1:arm64             1.6.1-2ubuntu3                                   arm64        Linux Key Management Utilities (library)
ii  libkmod2:arm64                 29-1ubuntu1.1                                    arm64        libkmod shared library
ii  libkrb5-3:arm64                1.19.2-2ubuntu0.7                                arm64        MIT Kerberos runtime libraries
ii  libkrb5support0:arm64          1.19.2-2ubuntu0.7                                arm64        MIT Kerberos runtime libraries - Support library
ii  liblz4-1:arm64                 1.9.3-2build2                                    arm64        Fast LZ compression algorithm library - runtime
ii  liblzma5:arm64                 5.2.5-2ubuntu1                                   arm64        XZ-format compression library
ii  libmd0:arm64                   1.0.4-1build1                                    arm64        message digest functions from BSD systems - shared library
ii  libmnl0:arm64                  1.0.4-3build2                                    arm64        minimalistic Netlink communication library
ii  libmount1:arm64                2.37.2-4ubuntu3.5                                arm64        device mounting library
ii  libmpdec3:arm64                2.5.1-2build2                                    arm64        library for decimal floating point arithmetic (runtime library)
ii  libncurses6:arm64              6.3-2ubuntu0.1                                   arm64        shared libraries for terminal handling
ii  libncursesw6:arm64             6.3-2ubuntu0.1                                   arm64        shared libraries for terminal handling (wide character support)
ii  libnettle8:arm64               3.7.3-1build2                                    arm64        low level cryptographic library (symmetric and one-way cryptos)
ii  libnsl2:arm64                  1.3.0-2build2                                    arm64        Public client interface for NIS(YP) and NIS+
ii  libnuma1:arm64                 2.0.14-3ubuntu2                                  arm64        Libraries for controlling NUMA policy
ii  libp11-kit0:arm64              0.24.0-6build1                                   arm64        library for loading and coordinating access to PKCS#11 modules - runtime
ii  libpam-cap:arm64               1:2.44-1ubuntu0.22.04.3                          arm64        POSIX 1003.1e capabilities (PAM module)
ii  libpam-modules:arm64           1.4.0-11ubuntu2.6                                arm64        Pluggable Authentication Modules for PAM
ii  libpam-modules-bin             1.4.0-11ubuntu2.6                                arm64        Pluggable Authentication Modules for PAM - helper binaries
ii  libpam-runtime                 1.4.0-11ubuntu2.6                                all          Runtime support for the PAM library
ii  libpam0g:arm64                 1.4.0-11ubuntu2.6                                arm64        Pluggable Authentication Modules library
ii  libpci3:arm64                  1:3.7.0-6                                        arm64        PCI utilities (shared library)
ii  libpcre2-8-0:arm64             10.39-3ubuntu0.1                                 arm64        New Perl Compatible Regular Expression Library- 8 bit runtime files
ii  libpcre3:arm64                 2:8.39-13ubuntu0.22.04.1                         arm64        Old Perl 5 Compatible Regular Expression Library - runtime files
ii  libperl5.34:arm64              5.34.0-3ubuntu1.5                                arm64        shared Perl library
ii  libprocps8:arm64               2:3.3.17-6ubuntu2.1                              arm64        library for accessing process information from /proc
ii  libpython3-stdlib:arm64        3.10.6-1~22.04.1                                 arm64        interactive high-level object-oriented language (default python3 version)
ii  libpython3.10-minimal:arm64    3.10.12-1~22.04.15                               arm64        Minimal subset of the Python language (version 3.10)
ii  libpython3.10-stdlib:arm64     3.10.12-1~22.04.15                               arm64        Interactive high-level object-oriented language (standard library, version 3.10)
ii  libreadline8:arm64             8.1.2-1                                          arm64        GNU readline and history libraries, run-time libraries
ii  libseccomp2:arm64              2.5.3-2ubuntu3~22.04.1                           arm64        high level interface to Linux seccomp filter
ii  libselinux1:arm64              3.3-1build2                                      arm64        SELinux runtime shared libraries
ii  libsemanage-common             3.3-1build2                                      all          Common files for SELinux policy management libraries
ii  libsemanage2:arm64             3.3-1build2                                      arm64        SELinux policy management library
ii  libsensors-config              1:3.6.0-7ubuntu1                                 all          lm-sensors configuration files
ii  libsensors5:arm64              1:3.6.0-7ubuntu1                                 arm64        library to read temperature/voltage/fan sensors
ii  libsepol2:arm64                3.3-1build1                                      arm64        SELinux library for manipulating binary security policies
ii  libslang2:arm64                2.3.2-5build4                                    arm64        S-Lang programming library - runtime version
ii  libsmartcols1:arm64            2.37.2-4ubuntu3.5                                arm64        smart column output alignment library
ii  libsqlite3-0:arm64             3.37.2-2ubuntu0.5                                arm64        SQLite 3 shared library
ii  libss2:arm64                   1.46.5-2ubuntu1.2                                arm64        command-line interface parsing library
ii  libssl3:arm64                  3.0.2-0ubuntu1.23                                arm64        Secure Sockets Layer toolkit - shared libraries
ii  libstdc++6:arm64               12.3.0-1ubuntu1~22.04.3                          arm64        GNU Standard C++ Library v3
ii  libsystemd0:arm64              249.11-0ubuntu3.21                               arm64        systemd utility library
ii  libtasn1-6:arm64               4.18.0-4ubuntu0.2                                arm64        Manage ASN.1 structures (runtime)
ii  libtinfo6:arm64                6.3-2ubuntu0.1                                   arm64        shared low-level terminfo library for terminal handling
ii  libtirpc-common                1.3.2-2ubuntu0.1                                 all          transport-independent RPC library - common files
ii  libtirpc3:arm64                1.3.2-2ubuntu0.1                                 arm64        transport-independent RPC library
ii  libudev1:arm64                 249.11-0ubuntu3.20                               arm64        libudev shared library
ii  libunistring2:arm64            1.0-1                                            arm64        Unicode string library for C
ii  libunwind8:arm64               1.3.2-2build2.1                                  arm64        library to determine the call-chain of a program - runtime
ii  libusb-1.0-0:arm64             2:1.0.25-1ubuntu2                                arm64        userspace USB programming library
ii  libuuid1:arm64                 2.37.2-4ubuntu3.5                                arm64        Universally Unique ID library
ii  libxml2:arm64                  2.9.13+dfsg-1ubuntu0.11                          arm64        GNOME XML library
ii  libxtables12:arm64             1.8.7-1ubuntu5.2                                 arm64        netfilter xtables library
ii  libxxhash0:arm64               0.8.1-1                                          arm64        shared library for xxhash
ii  libzstd1:arm64                 1.4.8+dfsg-3build1                               arm64        fast lossless compression algorithm
ii  linux-tools-5.15.0-181         5.15.0-181.191                                   arm64        Linux kernel version specific tools for version 5.15.0-181
ii  linux-tools-5.15.0-181-generic 5.15.0-181.191                                   arm64        Linux kernel version specific tools for version 5.15.0-181
ii  linux-tools-common             5.15.0-181.191                                   all          Linux kernel version specific tools for version 5.15.0
ii  linux-tools-generic            5.15.0.181.164                                   arm64        Generic Linux kernel tools
ii  login                          1:4.8.1-2ubuntu2.2                               arm64        system login tools
ii  logsave                        1.46.5-2ubuntu1.2                                arm64        save the output of a command in a log file
ii  lsb-base                       11.1.0ubuntu4                                    all          Linux Standard Base init script functionality
ii  lsb-release                    11.1.0ubuntu4                                    all          Linux Standard Base version reporting utility
ii  lshw                           02.19.git.2021.06.19.996aaad9c7-2ubuntu0.22.04.1 arm64        information about hardware configuration
ii  lsof                           4.93.2+dfsg-1.1build2                            arm64        utility to list open files
ii  mawk                           1.3.4.20200120-3                                 arm64        Pattern scanning and text processing language
ii  media-types                    7.0.0                                            all          List of standard media types and their usual file extension
ii  mount                          2.37.2-4ubuntu3.5                                arm64        tools for mounting and manipulating filesystems
ii  ncurses-base                   6.3-2ubuntu0.1                                   all          basic terminal type definitions
ii  ncurses-bin                    6.3-2ubuntu0.1                                   arm64        terminal-related programs and man pages
ii  netbase                        6.3                                              all          Basic TCP/IP networking system
ii  networkd-dispatcher            2.1-2ubuntu0.22.04.2                             all          Dispatcher service for systemd-networkd connection status changes
ii  numactl                        2.0.14-3ubuntu2                                  arm64        NUMA scheduling and memory placement tool
ii  passwd                         1:4.8.1-2ubuntu2.2                               arm64        change and administer password and group data
ii  pci.ids                        0.0~2022.01.22-1ubuntu0.1                        all          PCI ID Repository
ii  pciutils                       1:3.7.0-6                                        arm64        PCI utilities
ii  perl                           5.34.0-3ubuntu1.5                                arm64        Larry Wall's Practical Extraction and Report Language
ii  perl-base                      5.34.0-3ubuntu1.5                                arm64        minimal Perl system
ii  perl-modules-5.34              5.34.0-3ubuntu1.5                                all          Core Perl modules
ii  procps                         2:3.3.17-6ubuntu2.1                              arm64        /proc file system utilities
ii  python3                        3.10.6-1~22.04.1                                 arm64        interactive high-level object-oriented language (default python3 version)
ii  python3-dbus                   1.2.18-3build1                                   arm64        simple interprocess messaging system (Python 3 interface)
ii  python3-gi                     3.42.1-0ubuntu1                                  arm64        Python 3 bindings for gobject-introspection libraries
ii  python3-minimal                3.10.6-1~22.04.1                                 arm64        minimal subset of the Python language (default python3 version)
ii  python3.10                     3.10.12-1~22.04.15                               arm64        Interactive high-level object-oriented language (version 3.10)
ii  python3.10-minimal             3.10.12-1~22.04.15                               arm64        Minimal subset of the Python language (version 3.10)
ii  readline-common                8.1.2-1                                          all          GNU readline and history libraries, common files
ii  sed                            4.8-1ubuntu2.1                                   arm64        GNU stream editor for filtering/transforming text
ii  sensible-utils                 0.0.17                                           all          Utilities for sensible alternative selection
ii  shared-mime-info               2.1-2                                            arm64        FreeDesktop.org shared MIME database and spec
ii  sysstat                        12.5.2-2ubuntu0.2                                arm64        system performance tools for Linux
ii  systemd                        249.11-0ubuntu3.21                               arm64        system and service manager
ii  systemd-timesyncd              249.11-0ubuntu3.21                               arm64        minimalistic service to synchronize local time with NTP servers
ii  sysvinit-utils                 3.01-1ubuntu1                                    arm64        System-V-like utilities
ii  tar                            1.34+dfsg-1ubuntu0.1.22.04.2                     arm64        GNU version of the tar archiving utility
ii  ubuntu-keyring                 2021.03.26                                       all          GnuPG keys of the Ubuntu archive
ii  ucf                            3.0043                                           all          Update Configuration File(s): preserve user changes to config files
ii  usb.ids                        2022.04.02-1                                     all          USB ID Repository
ii  usbutils                       1:014-1build1                                    arm64        Linux USB utilities
ii  usrmerge                       25ubuntu2                                        all          Convert the system to the merged /usr directories scheme
ii  util-linux                     2.37.2-4ubuntu3.5                                arm64        miscellaneous system utilities
ii  xdg-user-dirs                  0.17-2ubuntu4                                    arm64        tool to manage well known user directories
ii  xz-utils                       5.2.5-2ubuntu1.1                                 arm64        XZ-format compression utilities
ii  zlib1g:arm64                   1:1.2.11.dfsg-2ubuntu9.2                         arm64        compression library - runtime
