cat: '/proc/irq/IPI0:': No such file or directory
cat: 4330: No such file or directory
cat: 5990: No such file or directory
cat: Rescheduling: No such file or directory
cat: interrupts/smp_affinity: No such file or directory
./tools/irq-affinity-list.sh: line 103: [: too many arguments
cat: '/proc/irq/IPI1:': No such file or directory
cat: 39336: No such file or directory
cat: 73235: No such file or directory
cat: Function: No such file or directory
cat: call: No such file or directory
cat: interrupts/smp_affinity: No such file or directory
./tools/irq-affinity-list.sh: line 103: [: too many arguments
cat: '/proc/irq/IPI2:': No such file or directory
cat: 0: No such file or directory
cat: 0: No such file or directory
cat: CPU: No such file or directory
cat: stop: No such file or directory
cat: interrupts/smp_affinity: No such file or directory
./tools/irq-affinity-list.sh: line 103: [: too many arguments
cat: '/proc/irq/IPI3:': No such file or directory
cat: 0: No such file or directory
cat: 0: No such file or directory
cat: CPU: No such file or directory
cat: stop: No such file or directory
cat: NMIs/smp_affinity: No such file or directory
./tools/irq-affinity-list.sh: line 103: [: too many arguments
cat: '/proc/irq/IPI4:': No such file or directory
cat: 0: No such file or directory
cat: 0: No such file or directory
cat: Timer: No such file or directory
cat: broadcast: No such file or directory
cat: interrupts/smp_affinity: No such file or directory
./tools/irq-affinity-list.sh: line 103: [: too many arguments
cat: '/proc/irq/IPI5:': No such file or directory
cat: 96: No such file or directory
cat: 91: No such file or directory
cat: IRQ: No such file or directory
cat: work: No such file or directory
cat: interrupts/smp_affinity: No such file or directory
./tools/irq-affinity-list.sh: line 103: [: too many arguments
cat: '/proc/irq/IPI6:': No such file or directory
cat: 0: No such file or directory
cat: 0: No such file or directory
cat: CPU: No such file or directory
cat: backtrace: No such file or directory
cat: interrupts/smp_affinity: No such file or directory
./tools/irq-affinity-list.sh: line 103: [: too many arguments
cat: '/proc/irq/IPI7:': No such file or directory
cat: 0: No such file or directory
cat: 0: No such file or directory
cat: KGDB: No such file or directory
cat: roundup: No such file or directory
cat: interrupts/smp_affinity: No such file or directory
./tools/irq-affinity-list.sh: line 103: [: too many arguments
