Coalesce parameters for enP24p1s0f0np0:
Adaptive RX: on  TX: on
stats-block-usecs:	n/a
sample-interval:	n/a
pkt-rate-low:		n/a
pkt-rate-high:		n/a

rx-usecs:	8
rx-frames:	128
rx-usecs-irq:	n/a
rx-frames-irq:	n/a

tx-usecs:	8
tx-frames:	128
tx-usecs-irq:	n/a
tx-frames-irq:	n/a

rx-usecs-low:	n/a
rx-frame-low:	n/a
tx-usecs-low:	n/a
tx-frame-low:	n/a

rx-usecs-high:	n/a
rx-frame-high:	n/a
tx-usecs-high:	n/a
tx-frame-high:	n/a

CQE mode RX: on  TX: off

tx-aggr-max-bytes:	n/a
tx-aggr-max-frames:	n/a
tx-aggr-time-usecs:	n/a

