    PID TTY      STAT   TIME COMMAND
      2 ?        S      0:00 [kthreadd]
      3 ?        S      0:00  \_ [pool_workqueue_release]
      4 ?        I<     0:00  \_ [kworker/R-rcu_gp]
      5 ?        I<     0:00  \_ [kworker/R-sync_wq]
      6 ?        I<     0:00  \_ [kworker/R-kvfree_rcu_reclaim]
      7 ?        I<     0:00  \_ [kworker/R-slub_flushwq]
      8 ?        I<     0:00  \_ [kworker/R-netns]
     11 ?        I<     0:00  \_ [kworker/0:0H-events_highpri]
     14 ?        I<     0:00  \_ [kworker/R-mm_percpu_wq]
     15 ?        S      0:01  \_ [ksoftirqd/0]
     16 ?        I      9:44  \_ [rcu_sched]
     17 ?        S      0:00  \_ [rcu_exp_par_gp_kthread_worker/1]
     18 ?        S      0:00  \_ [rcu_exp_gp_kthread_worker]
     19 ?        S      0:04  \_ [migration/0]
     20 ?        S      0:00  \_ [cpuhp/0]
     21 ?        S      0:00  \_ [cpuhp/1]
     22 ?        S      0:04  \_ [migration/1]
     23 ?        S      0:00  \_ [ksoftirqd/1]
     25 ?        I<     0:00  \_ [kworker/1:0H-events_highpri]
     26 ?        S      0:00  \_ [cpuhp/2]
     27 ?        S      0:04  \_ [migration/2]
     28 ?        S      0:00  \_ [ksoftirqd/2]
     30 ?        I<     0:00  \_ [kworker/2:0H-events_highpri]
     31 ?        S      0:00  \_ [cpuhp/3]
     32 ?        S      0:04  \_ [migration/3]
     33 ?        S      0:00  \_ [ksoftirqd/3]
     35 ?        I<     0:00  \_ [kworker/3:0H-events_highpri]
     36 ?        S      0:00  \_ [cpuhp/4]
     37 ?        S      0:04  \_ [migration/4]
     38 ?        S      0:00  \_ [ksoftirqd/4]
     40 ?        I<     0:00  \_ [kworker/4:0H-events_highpri]
     41 ?        S      0:00  \_ [cpuhp/5]
     42 ?        S      0:04  \_ [migration/5]
     43 ?        S      0:00  \_ [ksoftirqd/5]
     45 ?        I<     0:00  \_ [kworker/5:0H-events_highpri]
     46 ?        S      0:00  \_ [cpuhp/6]
     47 ?        S      0:04  \_ [migration/6]
     48 ?        S      0:00  \_ [ksoftirqd/6]
     50 ?        I<     0:00  \_ [kworker/6:0H-events_highpri]
     51 ?        S      0:00  \_ [cpuhp/7]
     52 ?        S      0:04  \_ [migration/7]
     53 ?        S      0:00  \_ [ksoftirqd/7]
     55 ?        I<     0:00  \_ [kworker/7:0H-events_highpri]
     56 ?        S      0:00  \_ [cpuhp/8]
     57 ?        S      0:04  \_ [migration/8]
     58 ?        S      0:00  \_ [ksoftirqd/8]
     60 ?        I<     0:00  \_ [kworker/8:0H-events_highpri]
     61 ?        S      0:00  \_ [cpuhp/9]
     62 ?        S      0:04  \_ [migration/9]
     63 ?        S      0:00  \_ [ksoftirqd/9]
     65 ?        I<     0:00  \_ [kworker/9:0H-events_highpri]
     66 ?        S      0:00  \_ [cpuhp/10]
     67 ?        S      0:04  \_ [migration/10]
     68 ?        S      0:00  \_ [ksoftirqd/10]
     70 ?        I<     0:00  \_ [kworker/10:0H-events_highpri]
     71 ?        S      0:00  \_ [cpuhp/11]
     72 ?        S      0:04  \_ [migration/11]
     73 ?        S      0:00  \_ [ksoftirqd/11]
     75 ?        I<     0:00  \_ [kworker/11:0H-events_highpri]
     76 ?        S      0:00  \_ [cpuhp/12]
     77 ?        S      0:04  \_ [migration/12]
     78 ?        S      0:00  \_ [ksoftirqd/12]
     80 ?        I<     0:00  \_ [kworker/12:0H-events_highpri]
     81 ?        S      0:00  \_ [cpuhp/13]
     82 ?        S      0:04  \_ [migration/13]
     83 ?        S      0:00  \_ [ksoftirqd/13]
     85 ?        I<     0:00  \_ [kworker/13:0H-events_highpri]
     86 ?        S      0:00  \_ [cpuhp/14]
     87 ?        S      0:04  \_ [migration/14]
     88 ?        S      0:00  \_ [ksoftirqd/14]
     90 ?        I<     0:00  \_ [kworker/14:0H-events_highpri]
     91 ?        S      0:00  \_ [cpuhp/15]
     92 ?        S      0:04  \_ [migration/15]
     93 ?        S      0:00  \_ [ksoftirqd/15]
     95 ?        I<     0:00  \_ [kworker/15:0H-events_highpri]
     96 ?        S      0:00  \_ [cpuhp/16]
     97 ?        S      0:04  \_ [migration/16]
     98 ?        S      0:00  \_ [ksoftirqd/16]
    100 ?        I<     0:00  \_ [kworker/16:0H-events_highpri]
    101 ?        S      0:00  \_ [rcu_exp_par_gp_kthread_worker/2]
    102 ?        S      0:00  \_ [cpuhp/17]
    103 ?        S      0:04  \_ [migration/17]
    104 ?        S      0:00  \_ [ksoftirqd/17]
    106 ?        I<     0:00  \_ [kworker/17:0H-events_highpri]
    107 ?        S      0:00  \_ [cpuhp/18]
    108 ?        S      0:04  \_ [migration/18]
    109 ?        S      0:00  \_ [ksoftirqd/18]
    111 ?        I<     0:00  \_ [kworker/18:0H-events_highpri]
    112 ?        S      0:00  \_ [cpuhp/19]
    113 ?        S      0:04  \_ [migration/19]
    114 ?        S      0:00  \_ [ksoftirqd/19]
    116 ?        I<     0:00  \_ [kworker/19:0H-events_highpri]
    117 ?        S      0:00  \_ [cpuhp/20]
    118 ?        S      0:04  \_ [migration/20]
    119 ?        S      0:00  \_ [ksoftirqd/20]
    121 ?        I<     0:00  \_ [kworker/20:0H-events_highpri]
    122 ?        S      0:00  \_ [cpuhp/21]
    123 ?        S      0:04  \_ [migration/21]
    124 ?        S      0:00  \_ [ksoftirqd/21]
    126 ?        I<     0:00  \_ [kworker/21:0H-events_highpri]
    127 ?        S      0:00  \_ [cpuhp/22]
    128 ?        S      0:04  \_ [migration/22]
    129 ?        S      0:00  \_ [ksoftirqd/22]
    131 ?        I<     0:00  \_ [kworker/22:0H-events_highpri]
    132 ?        S      0:00  \_ [cpuhp/23]
    133 ?        S      0:04  \_ [migration/23]
    134 ?        S      0:00  \_ [ksoftirqd/23]
    136 ?        I<     0:00  \_ [kworker/23:0H-events_highpri]
    140 ?        S      0:00  \_ [kdevtmpfs]
    141 ?        I<     0:00  \_ [kworker/R-inet_frag_wq]
    142 ?        I      0:00  \_ [rcu_tasks_rude_kthread]
    143 ?        I      0:00  \_ [rcu_tasks_trace_kthread]
    144 ?        S      0:00  \_ [kauditd]
    145 ?        S      0:00  \_ [eehd]
    146 ?        S      0:00  \_ [khungtaskd]
    148 ?        S      0:00  \_ [oom_reaper]
    150 ?        I<     0:00  \_ [kworker/R-writeback]
    151 ?        S      0:24  \_ [kcompactd0]
    152 ?        SN     0:00  \_ [ksmd]
    153 ?        SN     0:00  \_ [khugepaged]
    154 ?        I<     0:00  \_ [kworker/R-cryptd]
    155 ?        I<     0:00  \_ [kworker/R-kblockd]
    156 ?        I<     0:00  \_ [kworker/R-blkcg_punt_bio]
    157 ?        I<     0:00  \_ [kworker/R-kintegrityd]
    158 ?        I<     0:00  \_ [kworker/R-tpm_dev_wq]
    159 ?        I<     0:00  \_ [kworker/R-md]
    160 ?        I<     0:00  \_ [kworker/R-md_bitmap]
    161 ?        I<     0:00  \_ [kworker/R-edac-poller]
    162 ?        S      0:00  \_ [watchdogd]
    165 ?        I<     0:00  \_ [kworker/2:1H-kblockd]
    167 ?        S      0:00  \_ [kswapd0]
    188 ?        I<     0:00  \_ [kworker/R-kthrotld]
    193 ?        S      0:00  \_ [khvcd]
    195 ?        I<     0:00  \_ [kworker/R-kmpath_rdacd]
    196 ?        I<     0:00  \_ [kworker/R-kaluad]
    198 ?        I<     0:00  \_ [kworker/R-mld]
    199 ?        I<     0:00  \_ [kworker/13:1H-kblockd]
    200 ?        I<     0:00  \_ [kworker/R-ipv6_addrconf]
    206 ?        I<     0:00  \_ [kworker/R-kstrp]
    221 ?        I<     0:00  \_ [kworker/u132:0]
    222 ?        I<     0:00  \_ [kworker/u133:0]
    223 ?        I<     0:00  \_ [kworker/u134:0]
    224 ?        I<     0:00  \_ [kworker/u135:0]
    296 ?        I<     0:02  \_ [kworker/0:1H-kblockd]
    297 ?        I<     0:00  \_ [kworker/5:1H-kblockd]
    299 ?        I<     0:00  \_ [kworker/18:1H-kblockd]
    306 ?        I<     0:00  \_ [kworker/6:1H-kblockd]
    342 ?        I<     0:00  \_ [kworker/23:1H-kblockd]
    345 ?        I<     0:00  \_ [kworker/8:1H-xfs-log/dm-0]
    351 ?        I<     0:00  \_ [kworker/16:1H-kblockd]
    355 ?        I<     0:00  \_ [kworker/11:1H-kblockd]
    360 ?        I<     0:00  \_ [kworker/1:1H-kblockd]
    362 ?        I<     0:00  \_ [kworker/12:1H-xfs-log/dm-0]
    364 ?        I<     0:00  \_ [kworker/R-kmpathd]
    365 ?        I<     0:00  \_ [kworker/R-kmpath_handlerd]
    502 ?        I<     0:00  \_ [kworker/R-iscsi_conn_cleanup]
    506 ?        I<     0:00  \_ [kworker/R-tls-strp]
    509 ?        I<     0:00  \_ [kworker/R-cnic_wq]
    510 ?        S<     0:00  \_ [bnx2i_thread/0]
    511 ?        S<     0:00  \_ [bnx2i_thread/1]
    512 ?        S<     0:00  \_ [bnx2i_thread/2]
    513 ?        S<     0:00  \_ [bnx2i_thread/3]
    514 ?        S<     0:00  \_ [bnx2i_thread/4]
    515 ?        S<     0:00  \_ [bnx2i_thread/5]
    516 ?        S<     0:00  \_ [bnx2i_thread/6]
    517 ?        S<     0:00  \_ [bnx2i_thread/7]
    518 ?        S<     0:00  \_ [bnx2i_thread/8]
    519 ?        S<     0:00  \_ [bnx2i_thread/9]
    520 ?        S<     0:00  \_ [bnx2i_thread/10]
    521 ?        S<     0:00  \_ [bnx2i_thread/11]
    522 ?        S<     0:00  \_ [bnx2i_thread/12]
    523 ?        S<     0:00  \_ [bnx2i_thread/13]
    524 ?        S<     0:00  \_ [bnx2i_thread/14]
    525 ?        S<     0:00  \_ [bnx2i_thread/15]
    526 ?        S<     0:00  \_ [bnx2i_thread/16]
    527 ?        S<     0:00  \_ [bnx2i_thread/17]
    528 ?        S<     0:00  \_ [bnx2i_thread/18]
    529 ?        S<     0:00  \_ [bnx2i_thread/19]
    530 ?        S<     0:00  \_ [bnx2i_thread/20]
    531 ?        S<     0:00  \_ [bnx2i_thread/21]
    532 ?        S<     0:00  \_ [bnx2i_thread/22]
    533 ?        S<     0:00  \_ [bnx2i_thread/23]
    594 ?        I<     0:00  \_ [kworker/20:1H-kblockd]
    602 ?        I<     0:00  \_ [kworker/4:1H-kblockd]
    608 ?        I<     0:00  \_ [kworker/21:1H-kblockd]
    609 ?        I<     0:00  \_ [kworker/R-rpciod]
    610 ?        I<     0:00  \_ [kworker/R-xprtiod]
    642 ?        I<     0:00  \_ [kworker/9:1H-kblockd]
    653 ?        I<     0:00  \_ [kworker/22:1H-kblockd]
    672 ?        I<     0:00  \_ [kworker/10:1H-xfs-log/dm-0]
    673 ?        I<     0:00  \_ [kworker/3:1H-kblockd]
    695 ?        I<     0:00  \_ [kworker/17:1H-kblockd]
    706 ?        I<     0:00  \_ [kworker/19:1H-kblockd]
    712 ?        I<     0:00  \_ [kworker/14:1H-xfs-log/dm-0]
    713 ?        I<     0:00  \_ [kworker/7:1H-kblockd]
    717 ?        I<     0:00  \_ [kworker/15:1H-kblockd]
    746 ?        S      0:00  \_ [scsi_eh_0]
    747 ?        I<     0:00  \_ [kworker/R-scsi_tmf_0]
    748 ?        S<     0:00  \_ [ibmvscsi_0]
    755 ?        I<     0:00  \_ [kworker/R-nvme-wq]
    756 ?        I<     0:00  \_ [kworker/R-nvme-reset-wq]
    757 ?        I<     0:00  \_ [kworker/R-nvme-delete-wq]
    758 ?        I<     0:00  \_ [kworker/R-nvme-auth-wq]
    765 ?        I<     0:00  \_ [kworker/R-mlx5_cmd_0018:01:00.0]
    766 ?        I<     0:00  \_ [kworker/R-mlx5_health0018:01:00.0]
    767 ?        I<     0:00  \_ [kworker/R-mlx5_page_allocator]
    768 ?        I<     0:00  \_ [kworker/R-mlx5_events]
    771 ?        I<     0:00  \_ [kworker/R-nvme_tcp_wq]
    816 ?        I<     0:00  \_ [kworker/R-mlx5_fw_reset_events]
    817 ?        S      0:00  \_ [ptp0]
    818 ?        I<     0:00  \_ [kworker/R-mlx5_esw_wq]
    819 ?        I<     0:00  \_ [kworker/R-mlx5_vhca_event0]
    820 ?        I<     0:00  \_ [kworker/R-mlx5_vhca_event1]
    821 ?        I<     0:00  \_ [kworker/R-mlx5_vhca_event2]
    822 ?        I<     0:00  \_ [kworker/R-mlx5_vhca_event3]
    823 ?        I<     0:00  \_ [kworker/R-mlx5_vhca_event4]
    824 ?        I<     0:00  \_ [kworker/R-mlx5_vhca_event5]
    825 ?        I<     0:00  \_ [kworker/R-mlx5_vhca_event6]
    826 ?        I<     0:00  \_ [kworker/R-mlx5_vhca_event7]
    827 ?        I<     0:00  \_ [kworker/R-mlx5_fc]
    828 ?        I<     0:00  \_ [kworker/R-mlx5_fw_tracer]
    829 ?        I<     0:00  \_ [kworker/R-mlx5_lag]
    830 ?        I<     0:00  \_ [kworker/R-mlx5_lag_mp]
    831 ?        I<     0:00  \_ [kworker/R-mlx5e]
    833 ?        I<     0:00  \_ [kworker/R-mlx5e_arfs]
    834 ?        I<     0:00  \_ [kworker/R-mlx5_cmd_0018:01:00.1]
    835 ?        I<     0:00  \_ [kworker/R-mlx5_health0018:01:00.1]
    836 ?        I<     0:00  \_ [kworker/R-mlx5_page_allocator]
    837 ?        I<     0:00  \_ [kworker/R-mlx5_events]
    838 ?        I<     0:00  \_ [kworker/R-mlx5_fw_reset_events]
    839 ?        S      0:00  \_ [ptp1]
    840 ?        I<     0:00  \_ [kworker/R-mlx5_esw_wq]
    841 ?        I<     0:00  \_ [kworker/R-mlx5_vhca_event0]
    842 ?        I<     0:00  \_ [kworker/R-mlx5_vhca_event1]
    843 ?        I<     0:00  \_ [kworker/R-mlx5_vhca_event2]
    844 ?        I<     0:00  \_ [kworker/R-mlx5_vhca_event3]
    845 ?        I<     0:00  \_ [kworker/R-mlx5_vhca_event4]
    846 ?        I<     0:00  \_ [kworker/R-mlx5_vhca_event5]
    847 ?        I<     0:00  \_ [kworker/R-mlx5_vhca_event6]
    848 ?        I<     0:00  \_ [kworker/R-mlx5_vhca_event7]
    849 ?        I<     0:00  \_ [kworker/R-mlx5_fc]
    850 ?        I<     0:00  \_ [kworker/R-mlx5_fw_tracer]
    851 ?        I<     0:00  \_ [kworker/R-mlx5e]
    852 ?        I<     0:00  \_ [kworker/R-mlx5e_arfs]
    930 ?        I<     0:00  \_ [kworker/R-kdmflush/253:0]
    936 ?        I<     0:00  \_ [kworker/R-kdmflush/253:1]
    966 ?        I<     0:00  \_ [kworker/R-xfsalloc]
    967 ?        I<     0:00  \_ [kworker/R-xfs_mru_cache]
    968 ?        I<     0:00  \_ [kworker/R-xfs-buf/dm-0]
    969 ?        I<     0:00  \_ [kworker/R-xfs-conv/dm-0]
    970 ?        I<     0:00  \_ [kworker/R-xfs-reclaim/dm-0]
    971 ?        I<     0:00  \_ [kworker/R-xfs-blockgc/dm-0]
    972 ?        I<     0:00  \_ [kworker/R-xfs-inodegc/dm-0]
    973 ?        I<     0:00  \_ [kworker/R-xfs-log/dm-0]
    974 ?        I<     0:00  \_ [kworker/R-xfs-cil/dm-0]
    975 ?        S      3:32  \_ [xfsaild/dm-0]
   1356 ?        I<     0:00  \_ [kworker/R-ib-comp-wq]
   1357 ?        I<     0:00  \_ [kworker/R-ib-comp-unb-wq]
   1358 ?        I<     0:00  \_ [kworker/R-ib_mcast]
   1359 ?        I<     0:00  \_ [kworker/R-ib_nl_sa_wq]
   1366 ?        S      0:00  \_ [hwrng]
   1376 ?        I<     0:00  \_ [kworker/R-ib_mad1]
   1377 ?        I<     0:00  \_ [kworker/R-mkey_cache]
   1379 ?        I<     0:00  \_ [kworker/R-ib_mad1]
   1380 ?        I<     0:00  \_ [kworker/R-mkey_cache]
   1389 ?        I<     0:00  \_ [kworker/R-xfs-buf/sda2]
   1390 ?        I<     0:00  \_ [kworker/R-xfs-conv/sda2]
   1391 ?        I<     0:00  \_ [kworker/R-xfs-reclaim/sda2]
   1392 ?        I<     0:00  \_ [kworker/R-xfs-blockgc/sda2]
   1393 ?        I<     0:00  \_ [kworker/R-xfs-inodegc/sda2]
   1394 ?        I<     0:00  \_ [kworker/R-xfs-log/sda2]
   1395 ?        I<     0:00  \_ [kworker/R-xfs-cil/sda2]
   1396 ?        S      0:00  \_ [xfsaild/sda2]
   1403 ?        I<     0:00  \_ [kworker/R-kdmflush/253:2]
   1413 ?        I<     0:00  \_ [kworker/R-xfs-buf/dm-2]
   1414 ?        I<     0:00  \_ [kworker/R-xfs-conv/dm-2]
   1415 ?        I<     0:00  \_ [kworker/R-xfs-reclaim/dm-2]
   1416 ?        I<     0:00  \_ [kworker/R-xfs-blockgc/dm-2]
   1417 ?        I<     0:00  \_ [kworker/R-xfs-inodegc/dm-2]
   1418 ?        I<     0:00  \_ [kworker/R-xfs-log/dm-2]
   1419 ?        I<     0:00  \_ [kworker/R-xfs-cil/dm-2]
   1420 ?        S      0:00  \_ [xfsaild/dm-2]
2028316 ?        I      0:01  \_ [kworker/3:1-mm_percpu_wq]
2111465 ?        I      0:00  \_ [kworker/18:1-events]
2121497 ?        I      0:00  \_ [kworker/20:3-mm_percpu_wq]
2121505 ?        I      0:00  \_ [kworker/17:3-mm_percpu_wq]
2135193 ?        I      0:00  \_ [kworker/21:0-xfs-conv/dm-0]
2158528 ?        I      0:00  \_ [kworker/4:0-events]
2192781 ?        I      0:00  \_ [kworker/6:1-mm_percpu_wq]
2209067 ?        I      0:00  \_ [kworker/16:0-events]
2209068 ?        I      0:00  \_ [kworker/19:3-mm_percpu_wq]
2211483 ?        I      0:00  \_ [kworker/22:1-mm_percpu_wq]
2211484 ?        I      0:00  \_ [kworker/21:1-events]
2212341 ?        I      0:00  \_ [kworker/7:2-events]
2218963 ?        I      0:00  \_ [kworker/23:0-xfs-conv/dm-0]
2221637 ?        I      0:00  \_ [kworker/14:0-cgroup_destroy]
2253529 ?        I      0:00  \_ [kworker/12:2-mm_percpu_wq]
2275066 ?        I      0:00  \_ [kworker/1:2-mm_percpu_wq]
2277793 ?        I      0:00  \_ [kworker/2:0-events]
2286647 ?        I      0:00  \_ [kworker/5:0]
2311075 ?        I      0:00  \_ [kworker/18:0]
2321926 ?        I      0:00  \_ [kworker/6:0]
2326061 ?        I      0:00  \_ [kworker/17:1]
2341548 ?        I      0:00  \_ [kworker/13:0-mm_percpu_wq]
2354422 ?        I      0:00  \_ [kworker/13:1]
2356049 ?        I      0:00  \_ [kworker/7:0]
2382777 ?        I      0:00  \_ [kworker/19:1-cgroup_destroy]
2390994 ?        I      0:00  \_ [kworker/u131:1-kvfree_rcu_reclaim]
2414566 ?        I      0:00  \_ [kworker/3:2]
2426948 ?        I      0:00  \_ [kworker/15:1-mm_percpu_wq]
2429524 ?        I      0:00  \_ [kworker/15:0]
2431845 ?        I      0:00  \_ [kworker/u131:3-flush-253:0]
2449500 ?        I      0:00  \_ [kworker/12:0]
2451821 ?        I      0:00  \_ [kworker/14:2-events]
2462878 ?        I      0:00  \_ [kworker/5:1-mm_percpu_wq]
2471673 ?        I      0:00  \_ [kworker/2:2]
2475859 ?        I      0:00  \_ [kworker/20:1]
2477767 ?        I      0:00  \_ [kworker/u131:0-kvfree_rcu_reclaim]
2481347 ?        I      0:00  \_ [kworker/8:1-xfs-conv/dm-0]
2483224 ?        I      0:00  \_ [kworker/u130:3-events_unbound]
2484671 ?        I      0:00  \_ [kworker/u129:1-events_unbound]
2485536 ?        I      0:00  \_ [kworker/9:3-xfs-conv/dm-0]
2485604 ?        I      0:00  \_ [kworker/0:1-events]
2487205 ?        I      0:00  \_ [kworker/0:2-xfs-sync/sda2]
2487218 ?        I      0:00  \_ [kworker/u128:2-mlx5_fc]
2487621 ?        I      0:00  \_ [kworker/u130:2-kvfree_rcu_reclaim]
2487836 ?        I      0:00  \_ [kworker/1:1-cgroup_destroy]
2487866 ?        I      0:00  \_ [kworker/11:0-events]
2487867 ?        I      0:00  \_ [kworker/4:2]
2488750 ?        I      0:00  \_ [kworker/u129:0-kvfree_rcu_reclaim]
2489144 ?        I      0:00  \_ [kworker/9:1-events]
2489145 ?        I      0:00  \_ [kworker/8:0-events]
2489705 ?        I      0:00  \_ [kworker/0:0-xfs-conv/dm-0]
2489830 ?        I      0:00  \_ [kworker/23:2-xfs-conv/dm-0]
2489831 ?        I      0:00  \_ [kworker/16:1]
2490911 ?        I      0:00  \_ [kworker/11:3-cgroup_destroy]
2491063 ?        I      0:00  \_ [kworker/u129:3-kvfree_rcu_reclaim]
2491489 ?        I      0:00  \_ [kworker/10:9-mm_percpu_wq]
2491492 ?        I      0:00  \_ [kworker/10:12-xfs-conv/dm-0]
2491861 ?        I      0:00  \_ [kworker/22:2]
2492100 ?        I      0:00  \_ [kworker/u130:0-kvfree_rcu_reclaim]
2492139 ?        I      0:00  \_ [kworker/u128:0-mlx5_cmd_0018:01:00.1]
2492262 ?        I      0:00  \_ [kworker/11:1]
2492263 ?        I      0:00  \_ [kworker/11:2-events]
2492347 ?        I      0:00  \_ [kworker/8:2-events]
      1 ?        Ss     1:47 /usr/lib/systemd/systemd --switched-root --system --deserialize=43
   1075 ?        Ss     0:16 /usr/lib/systemd/systemd-journald
   1113 ?        Ss     0:09 /usr/lib/systemd/systemd-userdbd
2492204 ?        S      0:00  \_ systemd-userwork: waiting...
2492205 ?        S      0:00  \_ systemd-userwork: waiting...
2492301 ?        S      0:00  \_ systemd-userwork: waiting...
   1123 ?        Ss     0:03 /usr/lib/systemd/systemd-udevd
   1433 ?        S<sl   0:04 /usr/sbin/auditd
   1435 ?        S<     0:00  \_ /usr/sbin/sedispatch
   1468 ?        Ss     0:00 /usr/bin/dbus-broker-launch --scope system --audit
   1476 ?        S      0:16  \_ dbus-broker --log 4 --controller 9 --machine-id 0ade6c7a11e041e19e50a2352ea73547 --max-bytes 536870912 --max-fds 4096 --max-matches 131072 --audit
   1477 ?        Ss     0:03 /usr/sbin/chronyd -n -F 2
   1479 ?        Ssl    0:00 /usr/bin/python3 -sP /usr/sbin/firewalld --nofork --nopid
   1480 ?        Ssl    4:42 /usr/sbin/irqbalance
   1481 ?        Ss     0:02 /usr/bin/lsmd -d
   1485 ?        Ss     0:12 /usr/lib/systemd/systemd-logind
   1530 ?        Ss     0:00 /usr/sbin/rtas_errd
   1578 ?        Ssl    0:18 /usr/sbin/NetworkManager --no-daemon
   1579 ?        Ssl    0:04 /usr/lib/polkit-1/polkitd --no-debug --log-level=err
   1618 ?        Ssl    0:14 /usr/sbin/gssproxy -i
   1627 ?        Ssl    2:06 /usr/bin/python3 -Es /usr/sbin/tuned -l -P
   1631 ?        Ssl    0:00 /usr/bin/rhsmcertd
   1941 ?        Ssl    0:44 /usr/sbin/rsyslogd -n
   1963 ?        Ss     0:00 /usr/sbin/atd -f
   1969 ?        Ss     0:03 /usr/sbin/crond -n
   2045 tty1     Ss+    0:00 /sbin/agetty -o -- \u --noreset --noclear - linux
   2050 ?        Ss     0:00 login -- root
   6358 hvc0     Ss+    0:00  \_ -bash
   2182 ?        Ss     5:23 /usr/libexec/pcp/bin/pmcd -A
   2195 ?        S      0:00  \_ /var/lib/pcp/pmdas/root/pmdaroot
   2204 ?        S     61:05      \_ /var/lib/pcp/pmdas/proc/pmdaproc -d 3
   2210 ?        S      7:46      \_ /var/lib/pcp/pmdas/xfs/pmdaxfs -d 11
   2216 ?        S     45:00      \_ /var/lib/pcp/pmdas/linux/pmdalinux
   2224 ?        S      0:00      \_ /usr/bin/python3 /var/lib/pcp/pmdas/nfsclient/pmdanfsclient.python
   2238 ?        S      0:23      \_ /var/lib/pcp/pmdas/kvm/pmdakvm -d 95
   2239 ?        S      0:01      \_ /var/lib/pcp/pmdas/dm/pmdadm -d 129
   2240 ?        S     22:37      \_ /usr/bin/python3 /var/lib/pcp/pmdas/openmetrics/pmdaopenmetrics.python
   2250 ?        S      2:00      \_ /usr/bin/python3 /var/lib/pcp/pmdas/opentelemetry/pmdaopentelemetry.python
   3109 ?        S      0:05 /usr/bin/pmie -b -m pmie_check -F -P -l /var/log/pcp/pmie/ltczz345-lp2.ltc.tadn.ibm.com/pmie.log -c config.default
   3127 ?        Ss     0:00 /usr/libexec/pcp/bin/pmpause
   3249 ?        S      7:34 /usr/libexec/pcp/bin/pmlogger -N -P -d "/var/log/pcp/pmlogger/LOCALHOSTNAME" -r -T24h10m -c config.default -v 100mb -mreexec %Y%m%d.%H.%M
   3739 ?        Ss     0:00 /usr/libexec/pcp/bin/pmpause
   6251 ?        Ss     0:00 /usr/lib/systemd/systemd --user
   6262 ?        S      0:00  \_ (sd-pam)
  16047 ?        Ss     0:01 sshd: /usr/sbin/sshd -D [listener] 0 of 10-100 startups
2487561 ?        Ss     0:00  \_ sshd-session: root [priv]
2487564 ?        S      0:00  |   \_ sshd-session: root@pts/0
2487565 pts/0    Ss+    0:00  |       \_ -bash
2492354 ?        Ss     0:00  \_ sshd-session: root [priv]
2492357 ?        S      0:00      \_ sshd-session: root@notty
2492358 ?        Ss     0:00          \_ /bin/bash ./lpcpu.sh profilers=ipi cpu-affinity duration=60 interval=1
2492388 ?        S      0:00              \_ /bin/bash ./lpcpu.sh profilers=ipi cpu-affinity duration=60 interval=1
2492501 ?        R      0:00              |   \_ ps waxf
2492389 ?        S      0:00              \_ tee -i /tmp/lpcpu_data.ltczz345-lp2.default.2026-06-29_1112/lpcpu.out
