NIC statistics:
     rx_packets: 5687
     rx_bytes: 442076
     tx_packets: 16
     tx_bytes: 1340
     tx_tso_packets: 0
     tx_tso_bytes: 0
     tx_tso_inner_packets: 0
     tx_tso_inner_bytes: 0
     tx_added_vlan_packets: 0
     tx_nop: 0
     tx_mpwqe_blks: 16
     tx_mpwqe_pkts: 16
     tx_tls_encrypted_packets: 0
     tx_tls_encrypted_bytes: 0
     tx_tls_ooo: 0
     tx_tls_dump_packets: 0
     tx_tls_dump_bytes: 0
     tx_tls_resync_bytes: 0
     tx_tls_skip_no_sync_data: 0
     tx_tls_drop_no_sync_data: 0
     tx_tls_drop_bypass_req: 0
     rx_lro_packets: 0
     rx_lro_bytes: 0
     rx_gro_packets: 0
     rx_gro_bytes: 0
     rx_gro_skbs: 0
     rx_gro_large_hds: 0
     rx_hds_nodata_packets: 0
     rx_hds_nodata_bytes: 0
     rx_hds_nosplit_packets: 0
     rx_hds_nosplit_bytes: 0
     rx_ecn_mark: 0
     rx_removed_vlan_packets: 0
     rx_csum_unnecessary: 0
     rx_csum_none: 95
     rx_csum_complete: 5592
     rx_csum_complete_tail: 0
     rx_csum_complete_tail_slow: 0
     rx_csum_unnecessary_inner: 0
     rx_xdp_drop: 0
     rx_xdp_redirect: 0
     rx_xdp_tx_xmit: 0
     rx_xdp_tx_mpwqe: 0
     rx_xdp_tx_inlnw: 0
     rx_xdp_tx_nops: 0
     rx_xdp_tx_full: 0
     rx_xdp_tx_err: 0
     rx_xdp_tx_cqe: 0
     tx_csum_none: 16
     tx_csum_partial: 0
     tx_csum_partial_inner: 0
     tx_queue_stopped: 0
     tx_queue_dropped: 0
     tx_xmit_more: 0
     tx_recover: 0
     tx_cqes: 16
     tx_queue_wake: 0
     tx_cqe_err: 0
     tx_xdp_xmit: 0
     tx_xdp_mpwqe: 0
     tx_xdp_inlnw: 0
     tx_xdp_nops: 0
     tx_xdp_full: 0
     tx_xdp_err: 0
     tx_xdp_cqes: 0
     rx_wqe_err: 0
     rx_mpwqe_filler_cqes: 0
     rx_mpwqe_filler_strides: 0
     rx_oversize_pkts_sw_drop: 0
     rx_buff_alloc_err: 0
     rx_cqe_compress_blks: 0
     rx_cqe_compress_pkts: 0
     rx_congst_umr: 0
     rx_arfs_add: 0
     rx_arfs_request_in: 0
     rx_arfs_request_out: 0
     rx_arfs_expired: 0
     rx_arfs_err: 0
     rx_recover: 0
     rx_pp_alloc_fast: 816
     rx_pp_alloc_slow: 24
     rx_pp_alloc_slow_high_order: 0
     rx_pp_alloc_empty: 24
     rx_pp_alloc_refill: 0
     rx_pp_alloc_waive: 0
     rx_pp_recycle_cached: 164
     rx_pp_recycle_cache_full: 0
     rx_pp_recycle_ring: 0
     rx_pp_recycle_ring_full: 0
     rx_pp_recycle_released_ref: 0
     rx_tls_decrypted_packets: 0
     rx_tls_decrypted_bytes: 0
     rx_tls_resync_req_pkt: 0
     rx_tls_resync_req_start: 0
     rx_tls_resync_req_end: 0
     rx_tls_resync_req_skip: 0
     rx_tls_resync_res_ok: 0
     rx_tls_resync_res_retry: 0
     rx_tls_resync_res_skip: 0
     rx_tls_err: 0
     ch_events: 5767
     ch_poll: 5767
     ch_arm: 5746
     ch_aff_change: 0
     ch_force_irq: 0
     ch_eq_rearm: 0
     rx_xsk_packets: 0
     rx_xsk_bytes: 0
     rx_xsk_csum_complete: 0
     rx_xsk_csum_unnecessary: 0
     rx_xsk_csum_unnecessary_inner: 0
     rx_xsk_csum_none: 0
     rx_xsk_ecn_mark: 0
     rx_xsk_removed_vlan_packets: 0
     rx_xsk_xdp_drop: 0
     rx_xsk_xdp_redirect: 0
     rx_xsk_wqe_err: 0
     rx_xsk_mpwqe_filler_cqes: 0
     rx_xsk_mpwqe_filler_strides: 0
     rx_xsk_oversize_pkts_sw_drop: 0
     rx_xsk_buff_alloc_err: 0
     rx_xsk_cqe_compress_blks: 0
     rx_xsk_cqe_compress_pkts: 0
     rx_xsk_congst_umr: 0
     tx_xsk_xmit: 0
     tx_xsk_mpwqe: 0
     tx_xsk_inlnw: 0
     tx_xsk_full: 0
     tx_xsk_err: 0
     tx_xsk_cqes: 0
     rx_out_of_buffer: 0
     rx_if_down_packets: 0
     rx_steer_missed_packets: 65773
     dev_internal_queue_oob: 0
     rx_oversize_pkts_buffer: 0
     rx_vport_unicast_packets: 17
     rx_vport_unicast_bytes: 1400
     tx_vport_unicast_packets: 16
     tx_vport_unicast_bytes: 1340
     rx_vport_multicast_packets: 71355
     rx_vport_multicast_bytes: 21554936
     tx_vport_multicast_packets: 0
     tx_vport_multicast_bytes: 0
     rx_vport_broadcast_packets: 88
     rx_vport_broadcast_bytes: 5280
     tx_vport_broadcast_packets: 0
     tx_vport_broadcast_bytes: 0
     rx_vport_rdma_unicast_packets: 0
     rx_vport_rdma_unicast_bytes: 0
     tx_vport_rdma_unicast_packets: 0
     tx_vport_rdma_unicast_bytes: 0
     rx_vport_rdma_multicast_packets: 0
     rx_vport_rdma_multicast_bytes: 0
     tx_vport_rdma_multicast_packets: 0
     tx_vport_rdma_multicast_bytes: 0
     tx_packets_phy: 115520
     rx_packets_phy: 71460
     rx_crc_errors_phy: 0
     tx_bytes_phy: 18020028
     rx_bytes_phy: 21847456
     tx_multicast_phy: 115504
     tx_broadcast_phy: 0
     rx_multicast_phy: 71355
     rx_broadcast_phy: 88
     rx_in_range_len_errors_phy: 0
     rx_out_of_range_len_phy: 0
     rx_oversize_pkts_phy: 0
     rx_symbol_err_phy: 0
     tx_mac_control_phy: 0
     rx_mac_control_phy: 0
     rx_unsupported_op_phy: 0
     rx_pause_ctrl_phy: 0
     tx_pause_ctrl_phy: 0
     rx_discards_phy: 0
     tx_discards_phy: 0
     tx_errors_phy: 0
     rx_undersize_pkts_phy: 0
     rx_fragments_phy: 0
     rx_jabbers_phy: 0
     rx_64_bytes_phy: 95
     rx_65_to_127_bytes_phy: 8896
     rx_128_to_255_bytes_phy: 84
     rx_256_to_511_bytes_phy: 62385
     rx_512_to_1023_bytes_phy: 0
     rx_1024_to_1518_bytes_phy: 0
     rx_1519_to_2047_bytes_phy: 0
     rx_2048_to_4095_bytes_phy: 0
     rx_4096_to_8191_bytes_phy: 0
     rx_8192_to_10239_bytes_phy: 0
     link_down_events_phy: 0
     rx_pcs_symbol_err_phy: 0
     rx_corrected_bits_phy: 584
     rx_err_lane_0_phy: 584
     rx_err_lane_1_phy: 0
     rx_err_lane_2_phy: 0
     rx_err_lane_3_phy: 0
     rx_buffer_passed_thres_phy: 0
     rx_pci_signal_integrity: 0
     tx_pci_signal_integrity: 0
     outbound_pci_stalled_rd: 0
     outbound_pci_stalled_wr: 0
     outbound_pci_stalled_rd_events: 0
     outbound_pci_stalled_wr_events: 0
     rx_prio0_bytes: 21847456
     rx_prio0_packets: 71460
     rx_prio0_discards: 0
     tx_prio0_bytes: 18020028
     tx_prio0_packets: 115520
     rx_prio1_bytes: 0
     rx_prio1_packets: 0
     rx_prio1_discards: 0
     tx_prio1_bytes: 0
     tx_prio1_packets: 0
     rx_prio2_bytes: 0
     rx_prio2_packets: 0
     rx_prio2_discards: 0
     tx_prio2_bytes: 0
     tx_prio2_packets: 0
     rx_prio3_bytes: 0
     rx_prio3_packets: 0
     rx_prio3_discards: 0
     tx_prio3_bytes: 0
     tx_prio3_packets: 0
     rx_prio4_bytes: 0
     rx_prio4_packets: 0
     rx_prio4_discards: 0
     tx_prio4_bytes: 0
     tx_prio4_packets: 0
     rx_prio5_bytes: 0
     rx_prio5_packets: 0
     rx_prio5_discards: 0
     tx_prio5_bytes: 0
     tx_prio5_packets: 0
     rx_prio6_bytes: 0
     rx_prio6_packets: 0
     rx_prio6_discards: 0
     tx_prio6_bytes: 0
     tx_prio6_packets: 0
     rx_prio7_bytes: 0
     rx_prio7_packets: 0
     rx_prio7_discards: 0
     tx_prio7_bytes: 0
     tx_prio7_packets: 0
     rx_global_pause: 0
     rx_global_pause_duration: 0
     tx_global_pause: 0
     tx_global_pause_duration: 0
     rx_global_pause_transition: 0
     tx_pause_storm_warning_events: 0
     tx_pause_storm_error_events: 0
     module_unplug: 0
     module_bus_stuck: 0
     module_high_temp: 0
     module_bad_shorted: 0
     ch0_events: 96
     ch0_poll: 96
     ch0_arm: 96
     ch0_aff_change: 0
     ch0_force_irq: 0
     ch0_eq_rearm: 0
     ch1_events: 2
     ch1_poll: 2
     ch1_arm: 2
     ch1_aff_change: 0
     ch1_force_irq: 0
     ch1_eq_rearm: 0
     ch2_events: 2
     ch2_poll: 2
     ch2_arm: 2
     ch2_aff_change: 0
     ch2_force_irq: 0
     ch2_eq_rearm: 0
     ch3_events: 2
     ch3_poll: 2
     ch3_arm: 2
     ch3_aff_change: 0
     ch3_force_irq: 0
     ch3_eq_rearm: 0
     ch4_events: 2
     ch4_poll: 2
     ch4_arm: 2
     ch4_aff_change: 0
     ch4_force_irq: 0
     ch4_eq_rearm: 0
     ch5_events: 3
     ch5_poll: 3
     ch5_arm: 3
     ch5_aff_change: 0
     ch5_force_irq: 0
     ch5_eq_rearm: 0
     ch6_events: 2
     ch6_poll: 2
     ch6_arm: 2
     ch6_aff_change: 0
     ch6_force_irq: 0
     ch6_eq_rearm: 0
     ch7_events: 2
     ch7_poll: 2
     ch7_arm: 2
     ch7_aff_change: 0
     ch7_force_irq: 0
     ch7_eq_rearm: 0
     ch8_events: 6
     ch8_poll: 6
     ch8_arm: 6
     ch8_aff_change: 0
     ch8_force_irq: 0
     ch8_eq_rearm: 0
     ch9_events: 2
     ch9_poll: 2
     ch9_arm: 2
     ch9_aff_change: 0
     ch9_force_irq: 0
     ch9_eq_rearm: 0
     ch10_events: 5
     ch10_poll: 5
     ch10_arm: 5
     ch10_aff_change: 0
     ch10_force_irq: 0
     ch10_eq_rearm: 0
     ch11_events: 2
     ch11_poll: 2
     ch11_arm: 2
     ch11_aff_change: 0
     ch11_force_irq: 0
     ch11_eq_rearm: 0
     ch12_events: 2
     ch12_poll: 2
     ch12_arm: 2
     ch12_aff_change: 0
     ch12_force_irq: 0
     ch12_eq_rearm: 0
     ch13_events: 2
     ch13_poll: 2
     ch13_arm: 2
     ch13_aff_change: 0
     ch13_force_irq: 0
     ch13_eq_rearm: 0
     ch14_events: 2
     ch14_poll: 2
     ch14_arm: 2
     ch14_aff_change: 0
     ch14_force_irq: 0
     ch14_eq_rearm: 0
     ch15_events: 2
     ch15_poll: 2
     ch15_arm: 2
     ch15_aff_change: 0
     ch15_force_irq: 0
     ch15_eq_rearm: 0
     ch16_events: 15
     ch16_poll: 15
     ch16_arm: 15
     ch16_aff_change: 0
     ch16_force_irq: 0
     ch16_eq_rearm: 0
     ch17_events: 2
     ch17_poll: 2
     ch17_arm: 2
     ch17_aff_change: 0
     ch17_force_irq: 0
     ch17_eq_rearm: 0
     ch18_events: 2
     ch18_poll: 2
     ch18_arm: 2
     ch18_aff_change: 0
     ch18_force_irq: 0
     ch18_eq_rearm: 0
     ch19_events: 5606
     ch19_poll: 5606
     ch19_arm: 5585
     ch19_aff_change: 0
     ch19_force_irq: 0
     ch19_eq_rearm: 0
     ch20_events: 2
     ch20_poll: 2
     ch20_arm: 2
     ch20_aff_change: 0
     ch20_force_irq: 0
     ch20_eq_rearm: 0
     ch21_events: 2
     ch21_poll: 2
     ch21_arm: 2
     ch21_aff_change: 0
     ch21_force_irq: 0
     ch21_eq_rearm: 0
     ch22_events: 2
     ch22_poll: 2
     ch22_arm: 2
     ch22_aff_change: 0
     ch22_force_irq: 0
     ch22_eq_rearm: 0
     ch23_events: 2
     ch23_poll: 2
     ch23_arm: 2
     ch23_aff_change: 0
     ch23_force_irq: 0
     ch23_eq_rearm: 0
     rx0_packets: 95
     rx0_bytes: 5700
     rx0_csum_complete: 0
     rx0_csum_complete_tail: 0
     rx0_csum_complete_tail_slow: 0
     rx0_csum_unnecessary: 0
     rx0_csum_unnecessary_inner: 0
     rx0_csum_none: 95
     rx0_xdp_drop: 0
     rx0_xdp_redirect: 0
     rx0_lro_packets: 0
     rx0_lro_bytes: 0
     rx0_gro_packets: 0
     rx0_gro_bytes: 0
     rx0_gro_skbs: 0
     rx0_gro_large_hds: 0
     rx0_hds_nodata_packets: 0
     rx0_hds_nodata_bytes: 0
     rx0_hds_nosplit_packets: 0
     rx0_hds_nosplit_bytes: 0
     rx0_ecn_mark: 0
     rx0_removed_vlan_packets: 0
     rx0_wqe_err: 0
     rx0_mpwqe_filler_cqes: 0
     rx0_mpwqe_filler_strides: 0
     rx0_oversize_pkts_sw_drop: 0
     rx0_buff_alloc_err: 0
     rx0_cqe_compress_blks: 0
     rx0_cqe_compress_pkts: 0
     rx0_congst_umr: 0
     rx0_arfs_add: 0
     rx0_arfs_request_in: 0
     rx0_arfs_request_out: 0
     rx0_arfs_expired: 0
     rx0_arfs_err: 0
     rx0_recover: 0
     rx0_pp_alloc_fast: 27
     rx0_pp_alloc_slow: 1
     rx0_pp_alloc_slow_high_order: 0
     rx0_pp_alloc_empty: 1
     rx0_pp_alloc_refill: 0
     rx0_pp_alloc_waive: 0
     rx0_pp_recycle_cached: 0
     rx0_pp_recycle_cache_full: 0
     rx0_pp_recycle_ring: 0
     rx0_pp_recycle_ring_full: 0
     rx0_pp_recycle_released_ref: 0
     rx0_tls_decrypted_packets: 0
     rx0_tls_decrypted_bytes: 0
     rx0_tls_resync_req_pkt: 0
     rx0_tls_resync_req_start: 0
     rx0_tls_resync_req_end: 0
     rx0_tls_resync_req_skip: 0
     rx0_tls_resync_res_ok: 0
     rx0_tls_resync_res_retry: 0
     rx0_tls_resync_res_skip: 0
     rx0_tls_err: 0
     rx0_xdp_tx_xmit: 0
     rx0_xdp_tx_mpwqe: 0
     rx0_xdp_tx_inlnw: 0
     rx0_xdp_tx_nops: 0
     rx0_xdp_tx_full: 0
     rx0_xdp_tx_err: 0
     rx0_xdp_tx_cqes: 0
     rx1_packets: 0
     rx1_bytes: 0
     rx1_csum_complete: 0
     rx1_csum_complete_tail: 0
     rx1_csum_complete_tail_slow: 0
     rx1_csum_unnecessary: 0
     rx1_csum_unnecessary_inner: 0
     rx1_csum_none: 0
     rx1_xdp_drop: 0
     rx1_xdp_redirect: 0
     rx1_lro_packets: 0
     rx1_lro_bytes: 0
     rx1_gro_packets: 0
     rx1_gro_bytes: 0
     rx1_gro_skbs: 0
     rx1_gro_large_hds: 0
     rx1_hds_nodata_packets: 0
     rx1_hds_nodata_bytes: 0
     rx1_hds_nosplit_packets: 0
     rx1_hds_nosplit_bytes: 0
     rx1_ecn_mark: 0
     rx1_removed_vlan_packets: 0
     rx1_wqe_err: 0
     rx1_mpwqe_filler_cqes: 0
     rx1_mpwqe_filler_strides: 0
     rx1_oversize_pkts_sw_drop: 0
     rx1_buff_alloc_err: 0
     rx1_cqe_compress_blks: 0
     rx1_cqe_compress_pkts: 0
     rx1_congst_umr: 0
     rx1_arfs_add: 0
     rx1_arfs_request_in: 0
     rx1_arfs_request_out: 0
     rx1_arfs_expired: 0
     rx1_arfs_err: 0
     rx1_recover: 0
     rx1_pp_alloc_fast: 27
     rx1_pp_alloc_slow: 1
     rx1_pp_alloc_slow_high_order: 0
     rx1_pp_alloc_empty: 1
     rx1_pp_alloc_refill: 0
     rx1_pp_alloc_waive: 0
     rx1_pp_recycle_cached: 0
     rx1_pp_recycle_cache_full: 0
     rx1_pp_recycle_ring: 0
     rx1_pp_recycle_ring_full: 0
     rx1_pp_recycle_released_ref: 0
     rx1_tls_decrypted_packets: 0
     rx1_tls_decrypted_bytes: 0
     rx1_tls_resync_req_pkt: 0
     rx1_tls_resync_req_start: 0
     rx1_tls_resync_req_end: 0
     rx1_tls_resync_req_skip: 0
     rx1_tls_resync_res_ok: 0
     rx1_tls_resync_res_retry: 0
     rx1_tls_resync_res_skip: 0
     rx1_tls_err: 0
     rx1_xdp_tx_xmit: 0
     rx1_xdp_tx_mpwqe: 0
     rx1_xdp_tx_inlnw: 0
     rx1_xdp_tx_nops: 0
     rx1_xdp_tx_full: 0
     rx1_xdp_tx_err: 0
     rx1_xdp_tx_cqes: 0
     rx2_packets: 0
     rx2_bytes: 0
     rx2_csum_complete: 0
     rx2_csum_complete_tail: 0
     rx2_csum_complete_tail_slow: 0
     rx2_csum_unnecessary: 0
     rx2_csum_unnecessary_inner: 0
     rx2_csum_none: 0
     rx2_xdp_drop: 0
     rx2_xdp_redirect: 0
     rx2_lro_packets: 0
     rx2_lro_bytes: 0
     rx2_gro_packets: 0
     rx2_gro_bytes: 0
     rx2_gro_skbs: 0
     rx2_gro_large_hds: 0
     rx2_hds_nodata_packets: 0
     rx2_hds_nodata_bytes: 0
     rx2_hds_nosplit_packets: 0
     rx2_hds_nosplit_bytes: 0
     rx2_ecn_mark: 0
     rx2_removed_vlan_packets: 0
     rx2_wqe_err: 0
     rx2_mpwqe_filler_cqes: 0
     rx2_mpwqe_filler_strides: 0
     rx2_oversize_pkts_sw_drop: 0
     rx2_buff_alloc_err: 0
     rx2_cqe_compress_blks: 0
     rx2_cqe_compress_pkts: 0
     rx2_congst_umr: 0
     rx2_arfs_add: 0
     rx2_arfs_request_in: 0
     rx2_arfs_request_out: 0
     rx2_arfs_expired: 0
     rx2_arfs_err: 0
     rx2_recover: 0
     rx2_pp_alloc_fast: 27
     rx2_pp_alloc_slow: 1
     rx2_pp_alloc_slow_high_order: 0
     rx2_pp_alloc_empty: 1
     rx2_pp_alloc_refill: 0
     rx2_pp_alloc_waive: 0
     rx2_pp_recycle_cached: 0
     rx2_pp_recycle_cache_full: 0
     rx2_pp_recycle_ring: 0
     rx2_pp_recycle_ring_full: 0
     rx2_pp_recycle_released_ref: 0
     rx2_tls_decrypted_packets: 0
     rx2_tls_decrypted_bytes: 0
     rx2_tls_resync_req_pkt: 0
     rx2_tls_resync_req_start: 0
     rx2_tls_resync_req_end: 0
     rx2_tls_resync_req_skip: 0
     rx2_tls_resync_res_ok: 0
     rx2_tls_resync_res_retry: 0
     rx2_tls_resync_res_skip: 0
     rx2_tls_err: 0
     rx2_xdp_tx_xmit: 0
     rx2_xdp_tx_mpwqe: 0
     rx2_xdp_tx_inlnw: 0
     rx2_xdp_tx_nops: 0
     rx2_xdp_tx_full: 0
     rx2_xdp_tx_err: 0
     rx2_xdp_tx_cqes: 0
     rx3_packets: 0
     rx3_bytes: 0
     rx3_csum_complete: 0
     rx3_csum_complete_tail: 0
     rx3_csum_complete_tail_slow: 0
     rx3_csum_unnecessary: 0
     rx3_csum_unnecessary_inner: 0
     rx3_csum_none: 0
     rx3_xdp_drop: 0
     rx3_xdp_redirect: 0
     rx3_lro_packets: 0
     rx3_lro_bytes: 0
     rx3_gro_packets: 0
     rx3_gro_bytes: 0
     rx3_gro_skbs: 0
     rx3_gro_large_hds: 0
     rx3_hds_nodata_packets: 0
     rx3_hds_nodata_bytes: 0
     rx3_hds_nosplit_packets: 0
     rx3_hds_nosplit_bytes: 0
     rx3_ecn_mark: 0
     rx3_removed_vlan_packets: 0
     rx3_wqe_err: 0
     rx3_mpwqe_filler_cqes: 0
     rx3_mpwqe_filler_strides: 0
     rx3_oversize_pkts_sw_drop: 0
     rx3_buff_alloc_err: 0
     rx3_cqe_compress_blks: 0
     rx3_cqe_compress_pkts: 0
     rx3_congst_umr: 0
     rx3_arfs_add: 0
     rx3_arfs_request_in: 0
     rx3_arfs_request_out: 0
     rx3_arfs_expired: 0
     rx3_arfs_err: 0
     rx3_recover: 0
     rx3_pp_alloc_fast: 27
     rx3_pp_alloc_slow: 1
     rx3_pp_alloc_slow_high_order: 0
     rx3_pp_alloc_empty: 1
     rx3_pp_alloc_refill: 0
     rx3_pp_alloc_waive: 0
     rx3_pp_recycle_cached: 0
     rx3_pp_recycle_cache_full: 0
     rx3_pp_recycle_ring: 0
     rx3_pp_recycle_ring_full: 0
     rx3_pp_recycle_released_ref: 0
     rx3_tls_decrypted_packets: 0
     rx3_tls_decrypted_bytes: 0
     rx3_tls_resync_req_pkt: 0
     rx3_tls_resync_req_start: 0
     rx3_tls_resync_req_end: 0
     rx3_tls_resync_req_skip: 0
     rx3_tls_resync_res_ok: 0
     rx3_tls_resync_res_retry: 0
     rx3_tls_resync_res_skip: 0
     rx3_tls_err: 0
     rx3_xdp_tx_xmit: 0
     rx3_xdp_tx_mpwqe: 0
     rx3_xdp_tx_inlnw: 0
     rx3_xdp_tx_nops: 0
     rx3_xdp_tx_full: 0
     rx3_xdp_tx_err: 0
     rx3_xdp_tx_cqes: 0
     rx4_packets: 0
     rx4_bytes: 0
     rx4_csum_complete: 0
     rx4_csum_complete_tail: 0
     rx4_csum_complete_tail_slow: 0
     rx4_csum_unnecessary: 0
     rx4_csum_unnecessary_inner: 0
     rx4_csum_none: 0
     rx4_xdp_drop: 0
     rx4_xdp_redirect: 0
     rx4_lro_packets: 0
     rx4_lro_bytes: 0
     rx4_gro_packets: 0
     rx4_gro_bytes: 0
     rx4_gro_skbs: 0
     rx4_gro_large_hds: 0
     rx4_hds_nodata_packets: 0
     rx4_hds_nodata_bytes: 0
     rx4_hds_nosplit_packets: 0
     rx4_hds_nosplit_bytes: 0
     rx4_ecn_mark: 0
     rx4_removed_vlan_packets: 0
     rx4_wqe_err: 0
     rx4_mpwqe_filler_cqes: 0
     rx4_mpwqe_filler_strides: 0
     rx4_oversize_pkts_sw_drop: 0
     rx4_buff_alloc_err: 0
     rx4_cqe_compress_blks: 0
     rx4_cqe_compress_pkts: 0
     rx4_congst_umr: 0
     rx4_arfs_add: 0
     rx4_arfs_request_in: 0
     rx4_arfs_request_out: 0
     rx4_arfs_expired: 0
     rx4_arfs_err: 0
     rx4_recover: 0
     rx4_pp_alloc_fast: 27
     rx4_pp_alloc_slow: 1
     rx4_pp_alloc_slow_high_order: 0
     rx4_pp_alloc_empty: 1
     rx4_pp_alloc_refill: 0
     rx4_pp_alloc_waive: 0
     rx4_pp_recycle_cached: 0
     rx4_pp_recycle_cache_full: 0
     rx4_pp_recycle_ring: 0
     rx4_pp_recycle_ring_full: 0
     rx4_pp_recycle_released_ref: 0
     rx4_tls_decrypted_packets: 0
     rx4_tls_decrypted_bytes: 0
     rx4_tls_resync_req_pkt: 0
     rx4_tls_resync_req_start: 0
     rx4_tls_resync_req_end: 0
     rx4_tls_resync_req_skip: 0
     rx4_tls_resync_res_ok: 0
     rx4_tls_resync_res_retry: 0
     rx4_tls_resync_res_skip: 0
     rx4_tls_err: 0
     rx4_xdp_tx_xmit: 0
     rx4_xdp_tx_mpwqe: 0
     rx4_xdp_tx_inlnw: 0
     rx4_xdp_tx_nops: 0
     rx4_xdp_tx_full: 0
     rx4_xdp_tx_err: 0
     rx4_xdp_tx_cqes: 0
     rx5_packets: 0
     rx5_bytes: 0
     rx5_csum_complete: 0
     rx5_csum_complete_tail: 0
     rx5_csum_complete_tail_slow: 0
     rx5_csum_unnecessary: 0
     rx5_csum_unnecessary_inner: 0
     rx5_csum_none: 0
     rx5_xdp_drop: 0
     rx5_xdp_redirect: 0
     rx5_lro_packets: 0
     rx5_lro_bytes: 0
     rx5_gro_packets: 0
     rx5_gro_bytes: 0
     rx5_gro_skbs: 0
     rx5_gro_large_hds: 0
     rx5_hds_nodata_packets: 0
     rx5_hds_nodata_bytes: 0
     rx5_hds_nosplit_packets: 0
     rx5_hds_nosplit_bytes: 0
     rx5_ecn_mark: 0
     rx5_removed_vlan_packets: 0
     rx5_wqe_err: 0
     rx5_mpwqe_filler_cqes: 0
     rx5_mpwqe_filler_strides: 0
     rx5_oversize_pkts_sw_drop: 0
     rx5_buff_alloc_err: 0
     rx5_cqe_compress_blks: 0
     rx5_cqe_compress_pkts: 0
     rx5_congst_umr: 0
     rx5_arfs_add: 0
     rx5_arfs_request_in: 0
     rx5_arfs_request_out: 0
     rx5_arfs_expired: 0
     rx5_arfs_err: 0
     rx5_recover: 0
     rx5_pp_alloc_fast: 27
     rx5_pp_alloc_slow: 1
     rx5_pp_alloc_slow_high_order: 0
     rx5_pp_alloc_empty: 1
     rx5_pp_alloc_refill: 0
     rx5_pp_alloc_waive: 0
     rx5_pp_recycle_cached: 0
     rx5_pp_recycle_cache_full: 0
     rx5_pp_recycle_ring: 0
     rx5_pp_recycle_ring_full: 0
     rx5_pp_recycle_released_ref: 0
     rx5_tls_decrypted_packets: 0
     rx5_tls_decrypted_bytes: 0
     rx5_tls_resync_req_pkt: 0
     rx5_tls_resync_req_start: 0
     rx5_tls_resync_req_end: 0
     rx5_tls_resync_req_skip: 0
     rx5_tls_resync_res_ok: 0
     rx5_tls_resync_res_retry: 0
     rx5_tls_resync_res_skip: 0
     rx5_tls_err: 0
     rx5_xdp_tx_xmit: 0
     rx5_xdp_tx_mpwqe: 0
     rx5_xdp_tx_inlnw: 0
     rx5_xdp_tx_nops: 0
     rx5_xdp_tx_full: 0
     rx5_xdp_tx_err: 0
     rx5_xdp_tx_cqes: 0
     rx6_packets: 0
     rx6_bytes: 0
     rx6_csum_complete: 0
     rx6_csum_complete_tail: 0
     rx6_csum_complete_tail_slow: 0
     rx6_csum_unnecessary: 0
     rx6_csum_unnecessary_inner: 0
     rx6_csum_none: 0
     rx6_xdp_drop: 0
     rx6_xdp_redirect: 0
     rx6_lro_packets: 0
     rx6_lro_bytes: 0
     rx6_gro_packets: 0
     rx6_gro_bytes: 0
     rx6_gro_skbs: 0
     rx6_gro_large_hds: 0
     rx6_hds_nodata_packets: 0
     rx6_hds_nodata_bytes: 0
     rx6_hds_nosplit_packets: 0
     rx6_hds_nosplit_bytes: 0
     rx6_ecn_mark: 0
     rx6_removed_vlan_packets: 0
     rx6_wqe_err: 0
     rx6_mpwqe_filler_cqes: 0
     rx6_mpwqe_filler_strides: 0
     rx6_oversize_pkts_sw_drop: 0
     rx6_buff_alloc_err: 0
     rx6_cqe_compress_blks: 0
     rx6_cqe_compress_pkts: 0
     rx6_congst_umr: 0
     rx6_arfs_add: 0
     rx6_arfs_request_in: 0
     rx6_arfs_request_out: 0
     rx6_arfs_expired: 0
     rx6_arfs_err: 0
     rx6_recover: 0
     rx6_pp_alloc_fast: 27
     rx6_pp_alloc_slow: 1
     rx6_pp_alloc_slow_high_order: 0
     rx6_pp_alloc_empty: 1
     rx6_pp_alloc_refill: 0
     rx6_pp_alloc_waive: 0
     rx6_pp_recycle_cached: 0
     rx6_pp_recycle_cache_full: 0
     rx6_pp_recycle_ring: 0
     rx6_pp_recycle_ring_full: 0
     rx6_pp_recycle_released_ref: 0
     rx6_tls_decrypted_packets: 0
     rx6_tls_decrypted_bytes: 0
     rx6_tls_resync_req_pkt: 0
     rx6_tls_resync_req_start: 0
     rx6_tls_resync_req_end: 0
     rx6_tls_resync_req_skip: 0
     rx6_tls_resync_res_ok: 0
     rx6_tls_resync_res_retry: 0
     rx6_tls_resync_res_skip: 0
     rx6_tls_err: 0
     rx6_xdp_tx_xmit: 0
     rx6_xdp_tx_mpwqe: 0
     rx6_xdp_tx_inlnw: 0
     rx6_xdp_tx_nops: 0
     rx6_xdp_tx_full: 0
     rx6_xdp_tx_err: 0
     rx6_xdp_tx_cqes: 0
     rx7_packets: 0
     rx7_bytes: 0
     rx7_csum_complete: 0
     rx7_csum_complete_tail: 0
     rx7_csum_complete_tail_slow: 0
     rx7_csum_unnecessary: 0
     rx7_csum_unnecessary_inner: 0
     rx7_csum_none: 0
     rx7_xdp_drop: 0
     rx7_xdp_redirect: 0
     rx7_lro_packets: 0
     rx7_lro_bytes: 0
     rx7_gro_packets: 0
     rx7_gro_bytes: 0
     rx7_gro_skbs: 0
     rx7_gro_large_hds: 0
     rx7_hds_nodata_packets: 0
     rx7_hds_nodata_bytes: 0
     rx7_hds_nosplit_packets: 0
     rx7_hds_nosplit_bytes: 0
     rx7_ecn_mark: 0
     rx7_removed_vlan_packets: 0
     rx7_wqe_err: 0
     rx7_mpwqe_filler_cqes: 0
     rx7_mpwqe_filler_strides: 0
     rx7_oversize_pkts_sw_drop: 0
     rx7_buff_alloc_err: 0
     rx7_cqe_compress_blks: 0
     rx7_cqe_compress_pkts: 0
     rx7_congst_umr: 0
     rx7_arfs_add: 0
     rx7_arfs_request_in: 0
     rx7_arfs_request_out: 0
     rx7_arfs_expired: 0
     rx7_arfs_err: 0
     rx7_recover: 0
     rx7_pp_alloc_fast: 27
     rx7_pp_alloc_slow: 1
     rx7_pp_alloc_slow_high_order: 0
     rx7_pp_alloc_empty: 1
     rx7_pp_alloc_refill: 0
     rx7_pp_alloc_waive: 0
     rx7_pp_recycle_cached: 0
     rx7_pp_recycle_cache_full: 0
     rx7_pp_recycle_ring: 0
     rx7_pp_recycle_ring_full: 0
     rx7_pp_recycle_released_ref: 0
     rx7_tls_decrypted_packets: 0
     rx7_tls_decrypted_bytes: 0
     rx7_tls_resync_req_pkt: 0
     rx7_tls_resync_req_start: 0
     rx7_tls_resync_req_end: 0
     rx7_tls_resync_req_skip: 0
     rx7_tls_resync_res_ok: 0
     rx7_tls_resync_res_retry: 0
     rx7_tls_resync_res_skip: 0
     rx7_tls_err: 0
     rx7_xdp_tx_xmit: 0
     rx7_xdp_tx_mpwqe: 0
     rx7_xdp_tx_inlnw: 0
     rx7_xdp_tx_nops: 0
     rx7_xdp_tx_full: 0
     rx7_xdp_tx_err: 0
     rx7_xdp_tx_cqes: 0
     rx8_packets: 0
     rx8_bytes: 0
     rx8_csum_complete: 0
     rx8_csum_complete_tail: 0
     rx8_csum_complete_tail_slow: 0
     rx8_csum_unnecessary: 0
     rx8_csum_unnecessary_inner: 0
     rx8_csum_none: 0
     rx8_xdp_drop: 0
     rx8_xdp_redirect: 0
     rx8_lro_packets: 0
     rx8_lro_bytes: 0
     rx8_gro_packets: 0
     rx8_gro_bytes: 0
     rx8_gro_skbs: 0
     rx8_gro_large_hds: 0
     rx8_hds_nodata_packets: 0
     rx8_hds_nodata_bytes: 0
     rx8_hds_nosplit_packets: 0
     rx8_hds_nosplit_bytes: 0
     rx8_ecn_mark: 0
     rx8_removed_vlan_packets: 0
     rx8_wqe_err: 0
     rx8_mpwqe_filler_cqes: 0
     rx8_mpwqe_filler_strides: 0
     rx8_oversize_pkts_sw_drop: 0
     rx8_buff_alloc_err: 0
     rx8_cqe_compress_blks: 0
     rx8_cqe_compress_pkts: 0
     rx8_congst_umr: 0
     rx8_arfs_add: 0
     rx8_arfs_request_in: 0
     rx8_arfs_request_out: 0
     rx8_arfs_expired: 0
     rx8_arfs_err: 0
     rx8_recover: 0
     rx8_pp_alloc_fast: 27
     rx8_pp_alloc_slow: 1
     rx8_pp_alloc_slow_high_order: 0
     rx8_pp_alloc_empty: 1
     rx8_pp_alloc_refill: 0
     rx8_pp_alloc_waive: 0
     rx8_pp_recycle_cached: 0
     rx8_pp_recycle_cache_full: 0
     rx8_pp_recycle_ring: 0
     rx8_pp_recycle_ring_full: 0
     rx8_pp_recycle_released_ref: 0
     rx8_tls_decrypted_packets: 0
     rx8_tls_decrypted_bytes: 0
     rx8_tls_resync_req_pkt: 0
     rx8_tls_resync_req_start: 0
     rx8_tls_resync_req_end: 0
     rx8_tls_resync_req_skip: 0
     rx8_tls_resync_res_ok: 0
     rx8_tls_resync_res_retry: 0
     rx8_tls_resync_res_skip: 0
     rx8_tls_err: 0
     rx8_xdp_tx_xmit: 0
     rx8_xdp_tx_mpwqe: 0
     rx8_xdp_tx_inlnw: 0
     rx8_xdp_tx_nops: 0
     rx8_xdp_tx_full: 0
     rx8_xdp_tx_err: 0
     rx8_xdp_tx_cqes: 0
     rx9_packets: 0
     rx9_bytes: 0
     rx9_csum_complete: 0
     rx9_csum_complete_tail: 0
     rx9_csum_complete_tail_slow: 0
     rx9_csum_unnecessary: 0
     rx9_csum_unnecessary_inner: 0
     rx9_csum_none: 0
     rx9_xdp_drop: 0
     rx9_xdp_redirect: 0
     rx9_lro_packets: 0
     rx9_lro_bytes: 0
     rx9_gro_packets: 0
     rx9_gro_bytes: 0
     rx9_gro_skbs: 0
     rx9_gro_large_hds: 0
     rx9_hds_nodata_packets: 0
     rx9_hds_nodata_bytes: 0
     rx9_hds_nosplit_packets: 0
     rx9_hds_nosplit_bytes: 0
     rx9_ecn_mark: 0
     rx9_removed_vlan_packets: 0
     rx9_wqe_err: 0
     rx9_mpwqe_filler_cqes: 0
     rx9_mpwqe_filler_strides: 0
     rx9_oversize_pkts_sw_drop: 0
     rx9_buff_alloc_err: 0
     rx9_cqe_compress_blks: 0
     rx9_cqe_compress_pkts: 0
     rx9_congst_umr: 0
     rx9_arfs_add: 0
     rx9_arfs_request_in: 0
     rx9_arfs_request_out: 0
     rx9_arfs_expired: 0
     rx9_arfs_err: 0
     rx9_recover: 0
     rx9_pp_alloc_fast: 27
     rx9_pp_alloc_slow: 1
     rx9_pp_alloc_slow_high_order: 0
     rx9_pp_alloc_empty: 1
     rx9_pp_alloc_refill: 0
     rx9_pp_alloc_waive: 0
     rx9_pp_recycle_cached: 0
     rx9_pp_recycle_cache_full: 0
     rx9_pp_recycle_ring: 0
     rx9_pp_recycle_ring_full: 0
     rx9_pp_recycle_released_ref: 0
     rx9_tls_decrypted_packets: 0
     rx9_tls_decrypted_bytes: 0
     rx9_tls_resync_req_pkt: 0
     rx9_tls_resync_req_start: 0
     rx9_tls_resync_req_end: 0
     rx9_tls_resync_req_skip: 0
     rx9_tls_resync_res_ok: 0
     rx9_tls_resync_res_retry: 0
     rx9_tls_resync_res_skip: 0
     rx9_tls_err: 0
     rx9_xdp_tx_xmit: 0
     rx9_xdp_tx_mpwqe: 0
     rx9_xdp_tx_inlnw: 0
     rx9_xdp_tx_nops: 0
     rx9_xdp_tx_full: 0
     rx9_xdp_tx_err: 0
     rx9_xdp_tx_cqes: 0
     rx10_packets: 0
     rx10_bytes: 0
     rx10_csum_complete: 0
     rx10_csum_complete_tail: 0
     rx10_csum_complete_tail_slow: 0
     rx10_csum_unnecessary: 0
     rx10_csum_unnecessary_inner: 0
     rx10_csum_none: 0
     rx10_xdp_drop: 0
     rx10_xdp_redirect: 0
     rx10_lro_packets: 0
     rx10_lro_bytes: 0
     rx10_gro_packets: 0
     rx10_gro_bytes: 0
     rx10_gro_skbs: 0
     rx10_gro_large_hds: 0
     rx10_hds_nodata_packets: 0
     rx10_hds_nodata_bytes: 0
     rx10_hds_nosplit_packets: 0
     rx10_hds_nosplit_bytes: 0
     rx10_ecn_mark: 0
     rx10_removed_vlan_packets: 0
     rx10_wqe_err: 0
     rx10_mpwqe_filler_cqes: 0
     rx10_mpwqe_filler_strides: 0
     rx10_oversize_pkts_sw_drop: 0
     rx10_buff_alloc_err: 0
     rx10_cqe_compress_blks: 0
     rx10_cqe_compress_pkts: 0
     rx10_congst_umr: 0
     rx10_arfs_add: 0
     rx10_arfs_request_in: 0
     rx10_arfs_request_out: 0
     rx10_arfs_expired: 0
     rx10_arfs_err: 0
     rx10_recover: 0
     rx10_pp_alloc_fast: 27
     rx10_pp_alloc_slow: 1
     rx10_pp_alloc_slow_high_order: 0
     rx10_pp_alloc_empty: 1
     rx10_pp_alloc_refill: 0
     rx10_pp_alloc_waive: 0
     rx10_pp_recycle_cached: 0
     rx10_pp_recycle_cache_full: 0
     rx10_pp_recycle_ring: 0
     rx10_pp_recycle_ring_full: 0
     rx10_pp_recycle_released_ref: 0
     rx10_tls_decrypted_packets: 0
     rx10_tls_decrypted_bytes: 0
     rx10_tls_resync_req_pkt: 0
     rx10_tls_resync_req_start: 0
     rx10_tls_resync_req_end: 0
     rx10_tls_resync_req_skip: 0
     rx10_tls_resync_res_ok: 0
     rx10_tls_resync_res_retry: 0
     rx10_tls_resync_res_skip: 0
     rx10_tls_err: 0
     rx10_xdp_tx_xmit: 0
     rx10_xdp_tx_mpwqe: 0
     rx10_xdp_tx_inlnw: 0
     rx10_xdp_tx_nops: 0
     rx10_xdp_tx_full: 0
     rx10_xdp_tx_err: 0
     rx10_xdp_tx_cqes: 0
     rx11_packets: 0
     rx11_bytes: 0
     rx11_csum_complete: 0
     rx11_csum_complete_tail: 0
     rx11_csum_complete_tail_slow: 0
     rx11_csum_unnecessary: 0
     rx11_csum_unnecessary_inner: 0
     rx11_csum_none: 0
     rx11_xdp_drop: 0
     rx11_xdp_redirect: 0
     rx11_lro_packets: 0
     rx11_lro_bytes: 0
     rx11_gro_packets: 0
     rx11_gro_bytes: 0
     rx11_gro_skbs: 0
     rx11_gro_large_hds: 0
     rx11_hds_nodata_packets: 0
     rx11_hds_nodata_bytes: 0
     rx11_hds_nosplit_packets: 0
     rx11_hds_nosplit_bytes: 0
     rx11_ecn_mark: 0
     rx11_removed_vlan_packets: 0
     rx11_wqe_err: 0
     rx11_mpwqe_filler_cqes: 0
     rx11_mpwqe_filler_strides: 0
     rx11_oversize_pkts_sw_drop: 0
     rx11_buff_alloc_err: 0
     rx11_cqe_compress_blks: 0
     rx11_cqe_compress_pkts: 0
     rx11_congst_umr: 0
     rx11_arfs_add: 0
     rx11_arfs_request_in: 0
     rx11_arfs_request_out: 0
     rx11_arfs_expired: 0
     rx11_arfs_err: 0
     rx11_recover: 0
     rx11_pp_alloc_fast: 27
     rx11_pp_alloc_slow: 1
     rx11_pp_alloc_slow_high_order: 0
     rx11_pp_alloc_empty: 1
     rx11_pp_alloc_refill: 0
     rx11_pp_alloc_waive: 0
     rx11_pp_recycle_cached: 0
     rx11_pp_recycle_cache_full: 0
     rx11_pp_recycle_ring: 0
     rx11_pp_recycle_ring_full: 0
     rx11_pp_recycle_released_ref: 0
     rx11_tls_decrypted_packets: 0
     rx11_tls_decrypted_bytes: 0
     rx11_tls_resync_req_pkt: 0
     rx11_tls_resync_req_start: 0
     rx11_tls_resync_req_end: 0
     rx11_tls_resync_req_skip: 0
     rx11_tls_resync_res_ok: 0
     rx11_tls_resync_res_retry: 0
     rx11_tls_resync_res_skip: 0
     rx11_tls_err: 0
     rx11_xdp_tx_xmit: 0
     rx11_xdp_tx_mpwqe: 0
     rx11_xdp_tx_inlnw: 0
     rx11_xdp_tx_nops: 0
     rx11_xdp_tx_full: 0
     rx11_xdp_tx_err: 0
     rx11_xdp_tx_cqes: 0
     rx12_packets: 0
     rx12_bytes: 0
     rx12_csum_complete: 0
     rx12_csum_complete_tail: 0
     rx12_csum_complete_tail_slow: 0
     rx12_csum_unnecessary: 0
     rx12_csum_unnecessary_inner: 0
     rx12_csum_none: 0
     rx12_xdp_drop: 0
     rx12_xdp_redirect: 0
     rx12_lro_packets: 0
     rx12_lro_bytes: 0
     rx12_gro_packets: 0
     rx12_gro_bytes: 0
     rx12_gro_skbs: 0
     rx12_gro_large_hds: 0
     rx12_hds_nodata_packets: 0
     rx12_hds_nodata_bytes: 0
     rx12_hds_nosplit_packets: 0
     rx12_hds_nosplit_bytes: 0
     rx12_ecn_mark: 0
     rx12_removed_vlan_packets: 0
     rx12_wqe_err: 0
     rx12_mpwqe_filler_cqes: 0
     rx12_mpwqe_filler_strides: 0
     rx12_oversize_pkts_sw_drop: 0
     rx12_buff_alloc_err: 0
     rx12_cqe_compress_blks: 0
     rx12_cqe_compress_pkts: 0
     rx12_congst_umr: 0
     rx12_arfs_add: 0
     rx12_arfs_request_in: 0
     rx12_arfs_request_out: 0
     rx12_arfs_expired: 0
     rx12_arfs_err: 0
     rx12_recover: 0
     rx12_pp_alloc_fast: 27
     rx12_pp_alloc_slow: 1
     rx12_pp_alloc_slow_high_order: 0
     rx12_pp_alloc_empty: 1
     rx12_pp_alloc_refill: 0
     rx12_pp_alloc_waive: 0
     rx12_pp_recycle_cached: 0
     rx12_pp_recycle_cache_full: 0
     rx12_pp_recycle_ring: 0
     rx12_pp_recycle_ring_full: 0
     rx12_pp_recycle_released_ref: 0
     rx12_tls_decrypted_packets: 0
     rx12_tls_decrypted_bytes: 0
     rx12_tls_resync_req_pkt: 0
     rx12_tls_resync_req_start: 0
     rx12_tls_resync_req_end: 0
     rx12_tls_resync_req_skip: 0
     rx12_tls_resync_res_ok: 0
     rx12_tls_resync_res_retry: 0
     rx12_tls_resync_res_skip: 0
     rx12_tls_err: 0
     rx12_xdp_tx_xmit: 0
     rx12_xdp_tx_mpwqe: 0
     rx12_xdp_tx_inlnw: 0
     rx12_xdp_tx_nops: 0
     rx12_xdp_tx_full: 0
     rx12_xdp_tx_err: 0
     rx12_xdp_tx_cqes: 0
     rx13_packets: 0
     rx13_bytes: 0
     rx13_csum_complete: 0
     rx13_csum_complete_tail: 0
     rx13_csum_complete_tail_slow: 0
     rx13_csum_unnecessary: 0
     rx13_csum_unnecessary_inner: 0
     rx13_csum_none: 0
     rx13_xdp_drop: 0
     rx13_xdp_redirect: 0
     rx13_lro_packets: 0
     rx13_lro_bytes: 0
     rx13_gro_packets: 0
     rx13_gro_bytes: 0
     rx13_gro_skbs: 0
     rx13_gro_large_hds: 0
     rx13_hds_nodata_packets: 0
     rx13_hds_nodata_bytes: 0
     rx13_hds_nosplit_packets: 0
     rx13_hds_nosplit_bytes: 0
     rx13_ecn_mark: 0
     rx13_removed_vlan_packets: 0
     rx13_wqe_err: 0
     rx13_mpwqe_filler_cqes: 0
     rx13_mpwqe_filler_strides: 0
     rx13_oversize_pkts_sw_drop: 0
     rx13_buff_alloc_err: 0
     rx13_cqe_compress_blks: 0
     rx13_cqe_compress_pkts: 0
     rx13_congst_umr: 0
     rx13_arfs_add: 0
     rx13_arfs_request_in: 0
     rx13_arfs_request_out: 0
     rx13_arfs_expired: 0
     rx13_arfs_err: 0
     rx13_recover: 0
     rx13_pp_alloc_fast: 27
     rx13_pp_alloc_slow: 1
     rx13_pp_alloc_slow_high_order: 0
     rx13_pp_alloc_empty: 1
     rx13_pp_alloc_refill: 0
     rx13_pp_alloc_waive: 0
     rx13_pp_recycle_cached: 0
     rx13_pp_recycle_cache_full: 0
     rx13_pp_recycle_ring: 0
     rx13_pp_recycle_ring_full: 0
     rx13_pp_recycle_released_ref: 0
     rx13_tls_decrypted_packets: 0
     rx13_tls_decrypted_bytes: 0
     rx13_tls_resync_req_pkt: 0
     rx13_tls_resync_req_start: 0
     rx13_tls_resync_req_end: 0
     rx13_tls_resync_req_skip: 0
     rx13_tls_resync_res_ok: 0
     rx13_tls_resync_res_retry: 0
     rx13_tls_resync_res_skip: 0
     rx13_tls_err: 0
     rx13_xdp_tx_xmit: 0
     rx13_xdp_tx_mpwqe: 0
     rx13_xdp_tx_inlnw: 0
     rx13_xdp_tx_nops: 0
     rx13_xdp_tx_full: 0
     rx13_xdp_tx_err: 0
     rx13_xdp_tx_cqes: 0
     rx14_packets: 0
     rx14_bytes: 0
     rx14_csum_complete: 0
     rx14_csum_complete_tail: 0
     rx14_csum_complete_tail_slow: 0
     rx14_csum_unnecessary: 0
     rx14_csum_unnecessary_inner: 0
     rx14_csum_none: 0
     rx14_xdp_drop: 0
     rx14_xdp_redirect: 0
     rx14_lro_packets: 0
     rx14_lro_bytes: 0
     rx14_gro_packets: 0
     rx14_gro_bytes: 0
     rx14_gro_skbs: 0
     rx14_gro_large_hds: 0
     rx14_hds_nodata_packets: 0
     rx14_hds_nodata_bytes: 0
     rx14_hds_nosplit_packets: 0
     rx14_hds_nosplit_bytes: 0
     rx14_ecn_mark: 0
     rx14_removed_vlan_packets: 0
     rx14_wqe_err: 0
     rx14_mpwqe_filler_cqes: 0
     rx14_mpwqe_filler_strides: 0
     rx14_oversize_pkts_sw_drop: 0
     rx14_buff_alloc_err: 0
     rx14_cqe_compress_blks: 0
     rx14_cqe_compress_pkts: 0
     rx14_congst_umr: 0
     rx14_arfs_add: 0
     rx14_arfs_request_in: 0
     rx14_arfs_request_out: 0
     rx14_arfs_expired: 0
     rx14_arfs_err: 0
     rx14_recover: 0
     rx14_pp_alloc_fast: 27
     rx14_pp_alloc_slow: 1
     rx14_pp_alloc_slow_high_order: 0
     rx14_pp_alloc_empty: 1
     rx14_pp_alloc_refill: 0
     rx14_pp_alloc_waive: 0
     rx14_pp_recycle_cached: 0
     rx14_pp_recycle_cache_full: 0
     rx14_pp_recycle_ring: 0
     rx14_pp_recycle_ring_full: 0
     rx14_pp_recycle_released_ref: 0
     rx14_tls_decrypted_packets: 0
     rx14_tls_decrypted_bytes: 0
     rx14_tls_resync_req_pkt: 0
     rx14_tls_resync_req_start: 0
     rx14_tls_resync_req_end: 0
     rx14_tls_resync_req_skip: 0
     rx14_tls_resync_res_ok: 0
     rx14_tls_resync_res_retry: 0
     rx14_tls_resync_res_skip: 0
     rx14_tls_err: 0
     rx14_xdp_tx_xmit: 0
     rx14_xdp_tx_mpwqe: 0
     rx14_xdp_tx_inlnw: 0
     rx14_xdp_tx_nops: 0
     rx14_xdp_tx_full: 0
     rx14_xdp_tx_err: 0
     rx14_xdp_tx_cqes: 0
     rx15_packets: 0
     rx15_bytes: 0
     rx15_csum_complete: 0
     rx15_csum_complete_tail: 0
     rx15_csum_complete_tail_slow: 0
     rx15_csum_unnecessary: 0
     rx15_csum_unnecessary_inner: 0
     rx15_csum_none: 0
     rx15_xdp_drop: 0
     rx15_xdp_redirect: 0
     rx15_lro_packets: 0
     rx15_lro_bytes: 0
     rx15_gro_packets: 0
     rx15_gro_bytes: 0
     rx15_gro_skbs: 0
     rx15_gro_large_hds: 0
     rx15_hds_nodata_packets: 0
     rx15_hds_nodata_bytes: 0
     rx15_hds_nosplit_packets: 0
     rx15_hds_nosplit_bytes: 0
     rx15_ecn_mark: 0
     rx15_removed_vlan_packets: 0
     rx15_wqe_err: 0
     rx15_mpwqe_filler_cqes: 0
     rx15_mpwqe_filler_strides: 0
     rx15_oversize_pkts_sw_drop: 0
     rx15_buff_alloc_err: 0
     rx15_cqe_compress_blks: 0
     rx15_cqe_compress_pkts: 0
     rx15_congst_umr: 0
     rx15_arfs_add: 0
     rx15_arfs_request_in: 0
     rx15_arfs_request_out: 0
     rx15_arfs_expired: 0
     rx15_arfs_err: 0
     rx15_recover: 0
     rx15_pp_alloc_fast: 27
     rx15_pp_alloc_slow: 1
     rx15_pp_alloc_slow_high_order: 0
     rx15_pp_alloc_empty: 1
     rx15_pp_alloc_refill: 0
     rx15_pp_alloc_waive: 0
     rx15_pp_recycle_cached: 0
     rx15_pp_recycle_cache_full: 0
     rx15_pp_recycle_ring: 0
     rx15_pp_recycle_ring_full: 0
     rx15_pp_recycle_released_ref: 0
     rx15_tls_decrypted_packets: 0
     rx15_tls_decrypted_bytes: 0
     rx15_tls_resync_req_pkt: 0
     rx15_tls_resync_req_start: 0
     rx15_tls_resync_req_end: 0
     rx15_tls_resync_req_skip: 0
     rx15_tls_resync_res_ok: 0
     rx15_tls_resync_res_retry: 0
     rx15_tls_resync_res_skip: 0
     rx15_tls_err: 0
     rx15_xdp_tx_xmit: 0
     rx15_xdp_tx_mpwqe: 0
     rx15_xdp_tx_inlnw: 0
     rx15_xdp_tx_nops: 0
     rx15_xdp_tx_full: 0
     rx15_xdp_tx_err: 0
     rx15_xdp_tx_cqes: 0
     rx16_packets: 10
     rx16_bytes: 980
     rx16_csum_complete: 10
     rx16_csum_complete_tail: 0
     rx16_csum_complete_tail_slow: 0
     rx16_csum_unnecessary: 0
     rx16_csum_unnecessary_inner: 0
     rx16_csum_none: 0
     rx16_xdp_drop: 0
     rx16_xdp_redirect: 0
     rx16_lro_packets: 0
     rx16_lro_bytes: 0
     rx16_gro_packets: 0
     rx16_gro_bytes: 0
     rx16_gro_skbs: 0
     rx16_gro_large_hds: 0
     rx16_hds_nodata_packets: 0
     rx16_hds_nodata_bytes: 0
     rx16_hds_nosplit_packets: 0
     rx16_hds_nosplit_bytes: 0
     rx16_ecn_mark: 0
     rx16_removed_vlan_packets: 0
     rx16_wqe_err: 0
     rx16_mpwqe_filler_cqes: 0
     rx16_mpwqe_filler_strides: 0
     rx16_oversize_pkts_sw_drop: 0
     rx16_buff_alloc_err: 0
     rx16_cqe_compress_blks: 0
     rx16_cqe_compress_pkts: 0
     rx16_congst_umr: 0
     rx16_arfs_add: 0
     rx16_arfs_request_in: 0
     rx16_arfs_request_out: 0
     rx16_arfs_expired: 0
     rx16_arfs_err: 0
     rx16_recover: 0
     rx16_pp_alloc_fast: 27
     rx16_pp_alloc_slow: 1
     rx16_pp_alloc_slow_high_order: 0
     rx16_pp_alloc_empty: 1
     rx16_pp_alloc_refill: 0
     rx16_pp_alloc_waive: 0
     rx16_pp_recycle_cached: 0
     rx16_pp_recycle_cache_full: 0
     rx16_pp_recycle_ring: 0
     rx16_pp_recycle_ring_full: 0
     rx16_pp_recycle_released_ref: 0
     rx16_tls_decrypted_packets: 0
     rx16_tls_decrypted_bytes: 0
     rx16_tls_resync_req_pkt: 0
     rx16_tls_resync_req_start: 0
     rx16_tls_resync_req_end: 0
     rx16_tls_resync_req_skip: 0
     rx16_tls_resync_res_ok: 0
     rx16_tls_resync_res_retry: 0
     rx16_tls_resync_res_skip: 0
     rx16_tls_err: 0
     rx16_xdp_tx_xmit: 0
     rx16_xdp_tx_mpwqe: 0
     rx16_xdp_tx_inlnw: 0
     rx16_xdp_tx_nops: 0
     rx16_xdp_tx_full: 0
     rx16_xdp_tx_err: 0
     rx16_xdp_tx_cqes: 0
     rx17_packets: 0
     rx17_bytes: 0
     rx17_csum_complete: 0
     rx17_csum_complete_tail: 0
     rx17_csum_complete_tail_slow: 0
     rx17_csum_unnecessary: 0
     rx17_csum_unnecessary_inner: 0
     rx17_csum_none: 0
     rx17_xdp_drop: 0
     rx17_xdp_redirect: 0
     rx17_lro_packets: 0
     rx17_lro_bytes: 0
     rx17_gro_packets: 0
     rx17_gro_bytes: 0
     rx17_gro_skbs: 0
     rx17_gro_large_hds: 0
     rx17_hds_nodata_packets: 0
     rx17_hds_nodata_bytes: 0
     rx17_hds_nosplit_packets: 0
     rx17_hds_nosplit_bytes: 0
     rx17_ecn_mark: 0
     rx17_removed_vlan_packets: 0
     rx17_wqe_err: 0
     rx17_mpwqe_filler_cqes: 0
     rx17_mpwqe_filler_strides: 0
     rx17_oversize_pkts_sw_drop: 0
     rx17_buff_alloc_err: 0
     rx17_cqe_compress_blks: 0
     rx17_cqe_compress_pkts: 0
     rx17_congst_umr: 0
     rx17_arfs_add: 0
     rx17_arfs_request_in: 0
     rx17_arfs_request_out: 0
     rx17_arfs_expired: 0
     rx17_arfs_err: 0
     rx17_recover: 0
     rx17_pp_alloc_fast: 27
     rx17_pp_alloc_slow: 1
     rx17_pp_alloc_slow_high_order: 0
     rx17_pp_alloc_empty: 1
     rx17_pp_alloc_refill: 0
     rx17_pp_alloc_waive: 0
     rx17_pp_recycle_cached: 0
     rx17_pp_recycle_cache_full: 0
     rx17_pp_recycle_ring: 0
     rx17_pp_recycle_ring_full: 0
     rx17_pp_recycle_released_ref: 0
     rx17_tls_decrypted_packets: 0
     rx17_tls_decrypted_bytes: 0
     rx17_tls_resync_req_pkt: 0
     rx17_tls_resync_req_start: 0
     rx17_tls_resync_req_end: 0
     rx17_tls_resync_req_skip: 0
     rx17_tls_resync_res_ok: 0
     rx17_tls_resync_res_retry: 0
     rx17_tls_resync_res_skip: 0
     rx17_tls_err: 0
     rx17_xdp_tx_xmit: 0
     rx17_xdp_tx_mpwqe: 0
     rx17_xdp_tx_inlnw: 0
     rx17_xdp_tx_nops: 0
     rx17_xdp_tx_full: 0
     rx17_xdp_tx_err: 0
     rx17_xdp_tx_cqes: 0
     rx18_packets: 0
     rx18_bytes: 0
     rx18_csum_complete: 0
     rx18_csum_complete_tail: 0
     rx18_csum_complete_tail_slow: 0
     rx18_csum_unnecessary: 0
     rx18_csum_unnecessary_inner: 0
     rx18_csum_none: 0
     rx18_xdp_drop: 0
     rx18_xdp_redirect: 0
     rx18_lro_packets: 0
     rx18_lro_bytes: 0
     rx18_gro_packets: 0
     rx18_gro_bytes: 0
     rx18_gro_skbs: 0
     rx18_gro_large_hds: 0
     rx18_hds_nodata_packets: 0
     rx18_hds_nodata_bytes: 0
     rx18_hds_nosplit_packets: 0
     rx18_hds_nosplit_bytes: 0
     rx18_ecn_mark: 0
     rx18_removed_vlan_packets: 0
     rx18_wqe_err: 0
     rx18_mpwqe_filler_cqes: 0
     rx18_mpwqe_filler_strides: 0
     rx18_oversize_pkts_sw_drop: 0
     rx18_buff_alloc_err: 0
     rx18_cqe_compress_blks: 0
     rx18_cqe_compress_pkts: 0
     rx18_congst_umr: 0
     rx18_arfs_add: 0
     rx18_arfs_request_in: 0
     rx18_arfs_request_out: 0
     rx18_arfs_expired: 0
     rx18_arfs_err: 0
     rx18_recover: 0
     rx18_pp_alloc_fast: 27
     rx18_pp_alloc_slow: 1
     rx18_pp_alloc_slow_high_order: 0
     rx18_pp_alloc_empty: 1
     rx18_pp_alloc_refill: 0
     rx18_pp_alloc_waive: 0
     rx18_pp_recycle_cached: 0
     rx18_pp_recycle_cache_full: 0
     rx18_pp_recycle_ring: 0
     rx18_pp_recycle_ring_full: 0
     rx18_pp_recycle_released_ref: 0
     rx18_tls_decrypted_packets: 0
     rx18_tls_decrypted_bytes: 0
     rx18_tls_resync_req_pkt: 0
     rx18_tls_resync_req_start: 0
     rx18_tls_resync_req_end: 0
     rx18_tls_resync_req_skip: 0
     rx18_tls_resync_res_ok: 0
     rx18_tls_resync_res_retry: 0
     rx18_tls_resync_res_skip: 0
     rx18_tls_err: 0
     rx18_xdp_tx_xmit: 0
     rx18_xdp_tx_mpwqe: 0
     rx18_xdp_tx_inlnw: 0
     rx18_xdp_tx_nops: 0
     rx18_xdp_tx_full: 0
     rx18_xdp_tx_err: 0
     rx18_xdp_tx_cqes: 0
     rx19_packets: 5582
     rx19_bytes: 435396
     rx19_csum_complete: 5582
     rx19_csum_complete_tail: 0
     rx19_csum_complete_tail_slow: 0
     rx19_csum_unnecessary: 0
     rx19_csum_unnecessary_inner: 0
     rx19_csum_none: 0
     rx19_xdp_drop: 0
     rx19_xdp_redirect: 0
     rx19_lro_packets: 0
     rx19_lro_bytes: 0
     rx19_gro_packets: 0
     rx19_gro_bytes: 0
     rx19_gro_skbs: 0
     rx19_gro_large_hds: 0
     rx19_hds_nodata_packets: 0
     rx19_hds_nodata_bytes: 0
     rx19_hds_nosplit_packets: 0
     rx19_hds_nosplit_bytes: 0
     rx19_ecn_mark: 0
     rx19_removed_vlan_packets: 0
     rx19_wqe_err: 0
     rx19_mpwqe_filler_cqes: 0
     rx19_mpwqe_filler_strides: 0
     rx19_oversize_pkts_sw_drop: 0
     rx19_buff_alloc_err: 0
     rx19_cqe_compress_blks: 0
     rx19_cqe_compress_pkts: 0
     rx19_congst_umr: 0
     rx19_arfs_add: 0
     rx19_arfs_request_in: 0
     rx19_arfs_request_out: 0
     rx19_arfs_expired: 0
     rx19_arfs_err: 0
     rx19_recover: 0
     rx19_pp_alloc_fast: 195
     rx19_pp_alloc_slow: 1
     rx19_pp_alloc_slow_high_order: 0
     rx19_pp_alloc_empty: 1
     rx19_pp_alloc_refill: 0
     rx19_pp_alloc_waive: 0
     rx19_pp_recycle_cached: 164
     rx19_pp_recycle_cache_full: 0
     rx19_pp_recycle_ring: 0
     rx19_pp_recycle_ring_full: 0
     rx19_pp_recycle_released_ref: 0
     rx19_tls_decrypted_packets: 0
     rx19_tls_decrypted_bytes: 0
     rx19_tls_resync_req_pkt: 0
     rx19_tls_resync_req_start: 0
     rx19_tls_resync_req_end: 0
     rx19_tls_resync_req_skip: 0
     rx19_tls_resync_res_ok: 0
     rx19_tls_resync_res_retry: 0
     rx19_tls_resync_res_skip: 0
     rx19_tls_err: 0
     rx19_xdp_tx_xmit: 0
     rx19_xdp_tx_mpwqe: 0
     rx19_xdp_tx_inlnw: 0
     rx19_xdp_tx_nops: 0
     rx19_xdp_tx_full: 0
     rx19_xdp_tx_err: 0
     rx19_xdp_tx_cqes: 0
     rx20_packets: 0
     rx20_bytes: 0
     rx20_csum_complete: 0
     rx20_csum_complete_tail: 0
     rx20_csum_complete_tail_slow: 0
     rx20_csum_unnecessary: 0
     rx20_csum_unnecessary_inner: 0
     rx20_csum_none: 0
     rx20_xdp_drop: 0
     rx20_xdp_redirect: 0
     rx20_lro_packets: 0
     rx20_lro_bytes: 0
     rx20_gro_packets: 0
     rx20_gro_bytes: 0
     rx20_gro_skbs: 0
     rx20_gro_large_hds: 0
     rx20_hds_nodata_packets: 0
     rx20_hds_nodata_bytes: 0
     rx20_hds_nosplit_packets: 0
     rx20_hds_nosplit_bytes: 0
     rx20_ecn_mark: 0
     rx20_removed_vlan_packets: 0
     rx20_wqe_err: 0
     rx20_mpwqe_filler_cqes: 0
     rx20_mpwqe_filler_strides: 0
     rx20_oversize_pkts_sw_drop: 0
     rx20_buff_alloc_err: 0
     rx20_cqe_compress_blks: 0
     rx20_cqe_compress_pkts: 0
     rx20_congst_umr: 0
     rx20_arfs_add: 0
     rx20_arfs_request_in: 0
     rx20_arfs_request_out: 0
     rx20_arfs_expired: 0
     rx20_arfs_err: 0
     rx20_recover: 0
     rx20_pp_alloc_fast: 27
     rx20_pp_alloc_slow: 1
     rx20_pp_alloc_slow_high_order: 0
     rx20_pp_alloc_empty: 1
     rx20_pp_alloc_refill: 0
     rx20_pp_alloc_waive: 0
     rx20_pp_recycle_cached: 0
     rx20_pp_recycle_cache_full: 0
     rx20_pp_recycle_ring: 0
     rx20_pp_recycle_ring_full: 0
     rx20_pp_recycle_released_ref: 0
     rx20_tls_decrypted_packets: 0
     rx20_tls_decrypted_bytes: 0
     rx20_tls_resync_req_pkt: 0
     rx20_tls_resync_req_start: 0
     rx20_tls_resync_req_end: 0
     rx20_tls_resync_req_skip: 0
     rx20_tls_resync_res_ok: 0
     rx20_tls_resync_res_retry: 0
     rx20_tls_resync_res_skip: 0
     rx20_tls_err: 0
     rx20_xdp_tx_xmit: 0
     rx20_xdp_tx_mpwqe: 0
     rx20_xdp_tx_inlnw: 0
     rx20_xdp_tx_nops: 0
     rx20_xdp_tx_full: 0
     rx20_xdp_tx_err: 0
     rx20_xdp_tx_cqes: 0
     rx21_packets: 0
     rx21_bytes: 0
     rx21_csum_complete: 0
     rx21_csum_complete_tail: 0
     rx21_csum_complete_tail_slow: 0
     rx21_csum_unnecessary: 0
     rx21_csum_unnecessary_inner: 0
     rx21_csum_none: 0
     rx21_xdp_drop: 0
     rx21_xdp_redirect: 0
     rx21_lro_packets: 0
     rx21_lro_bytes: 0
     rx21_gro_packets: 0
     rx21_gro_bytes: 0
     rx21_gro_skbs: 0
     rx21_gro_large_hds: 0
     rx21_hds_nodata_packets: 0
     rx21_hds_nodata_bytes: 0
     rx21_hds_nosplit_packets: 0
     rx21_hds_nosplit_bytes: 0
     rx21_ecn_mark: 0
     rx21_removed_vlan_packets: 0
     rx21_wqe_err: 0
     rx21_mpwqe_filler_cqes: 0
     rx21_mpwqe_filler_strides: 0
     rx21_oversize_pkts_sw_drop: 0
     rx21_buff_alloc_err: 0
     rx21_cqe_compress_blks: 0
     rx21_cqe_compress_pkts: 0
     rx21_congst_umr: 0
     rx21_arfs_add: 0
     rx21_arfs_request_in: 0
     rx21_arfs_request_out: 0
     rx21_arfs_expired: 0
     rx21_arfs_err: 0
     rx21_recover: 0
     rx21_pp_alloc_fast: 27
     rx21_pp_alloc_slow: 1
     rx21_pp_alloc_slow_high_order: 0
     rx21_pp_alloc_empty: 1
     rx21_pp_alloc_refill: 0
     rx21_pp_alloc_waive: 0
     rx21_pp_recycle_cached: 0
     rx21_pp_recycle_cache_full: 0
     rx21_pp_recycle_ring: 0
     rx21_pp_recycle_ring_full: 0
     rx21_pp_recycle_released_ref: 0
     rx21_tls_decrypted_packets: 0
     rx21_tls_decrypted_bytes: 0
     rx21_tls_resync_req_pkt: 0
     rx21_tls_resync_req_start: 0
     rx21_tls_resync_req_end: 0
     rx21_tls_resync_req_skip: 0
     rx21_tls_resync_res_ok: 0
     rx21_tls_resync_res_retry: 0
     rx21_tls_resync_res_skip: 0
     rx21_tls_err: 0
     rx21_xdp_tx_xmit: 0
     rx21_xdp_tx_mpwqe: 0
     rx21_xdp_tx_inlnw: 0
     rx21_xdp_tx_nops: 0
     rx21_xdp_tx_full: 0
     rx21_xdp_tx_err: 0
     rx21_xdp_tx_cqes: 0
     rx22_packets: 0
     rx22_bytes: 0
     rx22_csum_complete: 0
     rx22_csum_complete_tail: 0
     rx22_csum_complete_tail_slow: 0
     rx22_csum_unnecessary: 0
     rx22_csum_unnecessary_inner: 0
     rx22_csum_none: 0
     rx22_xdp_drop: 0
     rx22_xdp_redirect: 0
     rx22_lro_packets: 0
     rx22_lro_bytes: 0
     rx22_gro_packets: 0
     rx22_gro_bytes: 0
     rx22_gro_skbs: 0
     rx22_gro_large_hds: 0
     rx22_hds_nodata_packets: 0
     rx22_hds_nodata_bytes: 0
     rx22_hds_nosplit_packets: 0
     rx22_hds_nosplit_bytes: 0
     rx22_ecn_mark: 0
     rx22_removed_vlan_packets: 0
     rx22_wqe_err: 0
     rx22_mpwqe_filler_cqes: 0
     rx22_mpwqe_filler_strides: 0
     rx22_oversize_pkts_sw_drop: 0
     rx22_buff_alloc_err: 0
     rx22_cqe_compress_blks: 0
     rx22_cqe_compress_pkts: 0
     rx22_congst_umr: 0
     rx22_arfs_add: 0
     rx22_arfs_request_in: 0
     rx22_arfs_request_out: 0
     rx22_arfs_expired: 0
     rx22_arfs_err: 0
     rx22_recover: 0
     rx22_pp_alloc_fast: 27
     rx22_pp_alloc_slow: 1
     rx22_pp_alloc_slow_high_order: 0
     rx22_pp_alloc_empty: 1
     rx22_pp_alloc_refill: 0
     rx22_pp_alloc_waive: 0
     rx22_pp_recycle_cached: 0
     rx22_pp_recycle_cache_full: 0
     rx22_pp_recycle_ring: 0
     rx22_pp_recycle_ring_full: 0
     rx22_pp_recycle_released_ref: 0
     rx22_tls_decrypted_packets: 0
     rx22_tls_decrypted_bytes: 0
     rx22_tls_resync_req_pkt: 0
     rx22_tls_resync_req_start: 0
     rx22_tls_resync_req_end: 0
     rx22_tls_resync_req_skip: 0
     rx22_tls_resync_res_ok: 0
     rx22_tls_resync_res_retry: 0
     rx22_tls_resync_res_skip: 0
     rx22_tls_err: 0
     rx22_xdp_tx_xmit: 0
     rx22_xdp_tx_mpwqe: 0
     rx22_xdp_tx_inlnw: 0
     rx22_xdp_tx_nops: 0
     rx22_xdp_tx_full: 0
     rx22_xdp_tx_err: 0
     rx22_xdp_tx_cqes: 0
     rx23_packets: 0
     rx23_bytes: 0
     rx23_csum_complete: 0
     rx23_csum_complete_tail: 0
     rx23_csum_complete_tail_slow: 0
     rx23_csum_unnecessary: 0
     rx23_csum_unnecessary_inner: 0
     rx23_csum_none: 0
     rx23_xdp_drop: 0
     rx23_xdp_redirect: 0
     rx23_lro_packets: 0
     rx23_lro_bytes: 0
     rx23_gro_packets: 0
     rx23_gro_bytes: 0
     rx23_gro_skbs: 0
     rx23_gro_large_hds: 0
     rx23_hds_nodata_packets: 0
     rx23_hds_nodata_bytes: 0
     rx23_hds_nosplit_packets: 0
     rx23_hds_nosplit_bytes: 0
     rx23_ecn_mark: 0
     rx23_removed_vlan_packets: 0
     rx23_wqe_err: 0
     rx23_mpwqe_filler_cqes: 0
     rx23_mpwqe_filler_strides: 0
     rx23_oversize_pkts_sw_drop: 0
     rx23_buff_alloc_err: 0
     rx23_cqe_compress_blks: 0
     rx23_cqe_compress_pkts: 0
     rx23_congst_umr: 0
     rx23_arfs_add: 0
     rx23_arfs_request_in: 0
     rx23_arfs_request_out: 0
     rx23_arfs_expired: 0
     rx23_arfs_err: 0
     rx23_recover: 0
     rx23_pp_alloc_fast: 27
     rx23_pp_alloc_slow: 1
     rx23_pp_alloc_slow_high_order: 0
     rx23_pp_alloc_empty: 1
     rx23_pp_alloc_refill: 0
     rx23_pp_alloc_waive: 0
     rx23_pp_recycle_cached: 0
     rx23_pp_recycle_cache_full: 0
     rx23_pp_recycle_ring: 0
     rx23_pp_recycle_ring_full: 0
     rx23_pp_recycle_released_ref: 0
     rx23_tls_decrypted_packets: 0
     rx23_tls_decrypted_bytes: 0
     rx23_tls_resync_req_pkt: 0
     rx23_tls_resync_req_start: 0
     rx23_tls_resync_req_end: 0
     rx23_tls_resync_req_skip: 0
     rx23_tls_resync_res_ok: 0
     rx23_tls_resync_res_retry: 0
     rx23_tls_resync_res_skip: 0
     rx23_tls_err: 0
     rx23_xdp_tx_xmit: 0
     rx23_xdp_tx_mpwqe: 0
     rx23_xdp_tx_inlnw: 0
     rx23_xdp_tx_nops: 0
     rx23_xdp_tx_full: 0
     rx23_xdp_tx_err: 0
     rx23_xdp_tx_cqes: 0
     tx0_packets: 4
     tx0_bytes: 354
     tx0_tso_packets: 0
     tx0_tso_bytes: 0
     tx0_tso_inner_packets: 0
     tx0_tso_inner_bytes: 0
     tx0_csum_partial: 0
     tx0_csum_partial_inner: 0
     tx0_added_vlan_packets: 0
     tx0_nop: 0
     tx0_timestamps: 0
     tx0_mpwqe_blks: 4
     tx0_mpwqe_pkts: 4
     tx0_tls_encrypted_packets: 0
     tx0_tls_encrypted_bytes: 0
     tx0_tls_ooo: 0
     tx0_tls_dump_packets: 0
     tx0_tls_dump_bytes: 0
     tx0_tls_resync_bytes: 0
     tx0_tls_skip_no_sync_data: 0
     tx0_tls_drop_no_sync_data: 0
     tx0_tls_drop_bypass_req: 0
     tx0_csum_none: 4
     tx0_stopped: 0
     tx0_dropped: 0
     tx0_xmit_more: 0
     tx0_recover: 0
     tx0_cqes: 4
     tx0_wake: 0
     tx0_cqe_err: 0
     tx1_packets: 0
     tx1_bytes: 0
     tx1_tso_packets: 0
     tx1_tso_bytes: 0
     tx1_tso_inner_packets: 0
     tx1_tso_inner_bytes: 0
     tx1_csum_partial: 0
     tx1_csum_partial_inner: 0
     tx1_added_vlan_packets: 0
     tx1_nop: 0
     tx1_timestamps: 0
     tx1_mpwqe_blks: 0
     tx1_mpwqe_pkts: 0
     tx1_tls_encrypted_packets: 0
     tx1_tls_encrypted_bytes: 0
     tx1_tls_ooo: 0
     tx1_tls_dump_packets: 0
     tx1_tls_dump_bytes: 0
     tx1_tls_resync_bytes: 0
     tx1_tls_skip_no_sync_data: 0
     tx1_tls_drop_no_sync_data: 0
     tx1_tls_drop_bypass_req: 0
     tx1_csum_none: 0
     tx1_stopped: 0
     tx1_dropped: 0
     tx1_xmit_more: 0
     tx1_recover: 0
     tx1_cqes: 0
     tx1_wake: 0
     tx1_cqe_err: 0
     tx2_packets: 0
     tx2_bytes: 0
     tx2_tso_packets: 0
     tx2_tso_bytes: 0
     tx2_tso_inner_packets: 0
     tx2_tso_inner_bytes: 0
     tx2_csum_partial: 0
     tx2_csum_partial_inner: 0
     tx2_added_vlan_packets: 0
     tx2_nop: 0
     tx2_timestamps: 0
     tx2_mpwqe_blks: 0
     tx2_mpwqe_pkts: 0
     tx2_tls_encrypted_packets: 0
     tx2_tls_encrypted_bytes: 0
     tx2_tls_ooo: 0
     tx2_tls_dump_packets: 0
     tx2_tls_dump_bytes: 0
     tx2_tls_resync_bytes: 0
     tx2_tls_skip_no_sync_data: 0
     tx2_tls_drop_no_sync_data: 0
     tx2_tls_drop_bypass_req: 0
     tx2_csum_none: 0
     tx2_stopped: 0
     tx2_dropped: 0
     tx2_xmit_more: 0
     tx2_recover: 0
     tx2_cqes: 0
     tx2_wake: 0
     tx2_cqe_err: 0
     tx3_packets: 0
     tx3_bytes: 0
     tx3_tso_packets: 0
     tx3_tso_bytes: 0
     tx3_tso_inner_packets: 0
     tx3_tso_inner_bytes: 0
     tx3_csum_partial: 0
     tx3_csum_partial_inner: 0
     tx3_added_vlan_packets: 0
     tx3_nop: 0
     tx3_timestamps: 0
     tx3_mpwqe_blks: 0
     tx3_mpwqe_pkts: 0
     tx3_tls_encrypted_packets: 0
     tx3_tls_encrypted_bytes: 0
     tx3_tls_ooo: 0
     tx3_tls_dump_packets: 0
     tx3_tls_dump_bytes: 0
     tx3_tls_resync_bytes: 0
     tx3_tls_skip_no_sync_data: 0
     tx3_tls_drop_no_sync_data: 0
     tx3_tls_drop_bypass_req: 0
     tx3_csum_none: 0
     tx3_stopped: 0
     tx3_dropped: 0
     tx3_xmit_more: 0
     tx3_recover: 0
     tx3_cqes: 0
     tx3_wake: 0
     tx3_cqe_err: 0
     tx4_packets: 0
     tx4_bytes: 0
     tx4_tso_packets: 0
     tx4_tso_bytes: 0
     tx4_tso_inner_packets: 0
     tx4_tso_inner_bytes: 0
     tx4_csum_partial: 0
     tx4_csum_partial_inner: 0
     tx4_added_vlan_packets: 0
     tx4_nop: 0
     tx4_timestamps: 0
     tx4_mpwqe_blks: 0
     tx4_mpwqe_pkts: 0
     tx4_tls_encrypted_packets: 0
     tx4_tls_encrypted_bytes: 0
     tx4_tls_ooo: 0
     tx4_tls_dump_packets: 0
     tx4_tls_dump_bytes: 0
     tx4_tls_resync_bytes: 0
     tx4_tls_skip_no_sync_data: 0
     tx4_tls_drop_no_sync_data: 0
     tx4_tls_drop_bypass_req: 0
     tx4_csum_none: 0
     tx4_stopped: 0
     tx4_dropped: 0
     tx4_xmit_more: 0
     tx4_recover: 0
     tx4_cqes: 0
     tx4_wake: 0
     tx4_cqe_err: 0
     tx5_packets: 1
     tx5_bytes: 60
     tx5_tso_packets: 0
     tx5_tso_bytes: 0
     tx5_tso_inner_packets: 0
     tx5_tso_inner_bytes: 0
     tx5_csum_partial: 0
     tx5_csum_partial_inner: 0
     tx5_added_vlan_packets: 0
     tx5_nop: 0
     tx5_timestamps: 0
     tx5_mpwqe_blks: 1
     tx5_mpwqe_pkts: 1
     tx5_tls_encrypted_packets: 0
     tx5_tls_encrypted_bytes: 0
     tx5_tls_ooo: 0
     tx5_tls_dump_packets: 0
     tx5_tls_dump_bytes: 0
     tx5_tls_resync_bytes: 0
     tx5_tls_skip_no_sync_data: 0
     tx5_tls_drop_no_sync_data: 0
     tx5_tls_drop_bypass_req: 0
     tx5_csum_none: 1
     tx5_stopped: 0
     tx5_dropped: 0
     tx5_xmit_more: 0
     tx5_recover: 0
     tx5_cqes: 1
     tx5_wake: 0
     tx5_cqe_err: 0
     tx6_packets: 0
     tx6_bytes: 0
     tx6_tso_packets: 0
     tx6_tso_bytes: 0
     tx6_tso_inner_packets: 0
     tx6_tso_inner_bytes: 0
     tx6_csum_partial: 0
     tx6_csum_partial_inner: 0
     tx6_added_vlan_packets: 0
     tx6_nop: 0
     tx6_timestamps: 0
     tx6_mpwqe_blks: 0
     tx6_mpwqe_pkts: 0
     tx6_tls_encrypted_packets: 0
     tx6_tls_encrypted_bytes: 0
     tx6_tls_ooo: 0
     tx6_tls_dump_packets: 0
     tx6_tls_dump_bytes: 0
     tx6_tls_resync_bytes: 0
     tx6_tls_skip_no_sync_data: 0
     tx6_tls_drop_no_sync_data: 0
     tx6_tls_drop_bypass_req: 0
     tx6_csum_none: 0
     tx6_stopped: 0
     tx6_dropped: 0
     tx6_xmit_more: 0
     tx6_recover: 0
     tx6_cqes: 0
     tx6_wake: 0
     tx6_cqe_err: 0
     tx7_packets: 0
     tx7_bytes: 0
     tx7_tso_packets: 0
     tx7_tso_bytes: 0
     tx7_tso_inner_packets: 0
     tx7_tso_inner_bytes: 0
     tx7_csum_partial: 0
     tx7_csum_partial_inner: 0
     tx7_added_vlan_packets: 0
     tx7_nop: 0
     tx7_timestamps: 0
     tx7_mpwqe_blks: 0
     tx7_mpwqe_pkts: 0
     tx7_tls_encrypted_packets: 0
     tx7_tls_encrypted_bytes: 0
     tx7_tls_ooo: 0
     tx7_tls_dump_packets: 0
     tx7_tls_dump_bytes: 0
     tx7_tls_resync_bytes: 0
     tx7_tls_skip_no_sync_data: 0
     tx7_tls_drop_no_sync_data: 0
     tx7_tls_drop_bypass_req: 0
     tx7_csum_none: 0
     tx7_stopped: 0
     tx7_dropped: 0
     tx7_xmit_more: 0
     tx7_recover: 0
     tx7_cqes: 0
     tx7_wake: 0
     tx7_cqe_err: 0
     tx8_packets: 4
     tx8_bytes: 392
     tx8_tso_packets: 0
     tx8_tso_bytes: 0
     tx8_tso_inner_packets: 0
     tx8_tso_inner_bytes: 0
     tx8_csum_partial: 0
     tx8_csum_partial_inner: 0
     tx8_added_vlan_packets: 0
     tx8_nop: 0
     tx8_timestamps: 0
     tx8_mpwqe_blks: 4
     tx8_mpwqe_pkts: 4
     tx8_tls_encrypted_packets: 0
     tx8_tls_encrypted_bytes: 0
     tx8_tls_ooo: 0
     tx8_tls_dump_packets: 0
     tx8_tls_dump_bytes: 0
     tx8_tls_resync_bytes: 0
     tx8_tls_skip_no_sync_data: 0
     tx8_tls_drop_no_sync_data: 0
     tx8_tls_drop_bypass_req: 0
     tx8_csum_none: 4
     tx8_stopped: 0
     tx8_dropped: 0
     tx8_xmit_more: 0
     tx8_recover: 0
     tx8_cqes: 4
     tx8_wake: 0
     tx8_cqe_err: 0
     tx9_packets: 0
     tx9_bytes: 0
     tx9_tso_packets: 0
     tx9_tso_bytes: 0
     tx9_tso_inner_packets: 0
     tx9_tso_inner_bytes: 0
     tx9_csum_partial: 0
     tx9_csum_partial_inner: 0
     tx9_added_vlan_packets: 0
     tx9_nop: 0
     tx9_timestamps: 0
     tx9_mpwqe_blks: 0
     tx9_mpwqe_pkts: 0
     tx9_tls_encrypted_packets: 0
     tx9_tls_encrypted_bytes: 0
     tx9_tls_ooo: 0
     tx9_tls_dump_packets: 0
     tx9_tls_dump_bytes: 0
     tx9_tls_resync_bytes: 0
     tx9_tls_skip_no_sync_data: 0
     tx9_tls_drop_no_sync_data: 0
     tx9_tls_drop_bypass_req: 0
     tx9_csum_none: 0
     tx9_stopped: 0
     tx9_dropped: 0
     tx9_xmit_more: 0
     tx9_recover: 0
     tx9_cqes: 0
     tx9_wake: 0
     tx9_cqe_err: 0
     tx10_packets: 3
     tx10_bytes: 180
     tx10_tso_packets: 0
     tx10_tso_bytes: 0
     tx10_tso_inner_packets: 0
     tx10_tso_inner_bytes: 0
     tx10_csum_partial: 0
     tx10_csum_partial_inner: 0
     tx10_added_vlan_packets: 0
     tx10_nop: 0
     tx10_timestamps: 0
     tx10_mpwqe_blks: 3
     tx10_mpwqe_pkts: 3
     tx10_tls_encrypted_packets: 0
     tx10_tls_encrypted_bytes: 0
     tx10_tls_ooo: 0
     tx10_tls_dump_packets: 0
     tx10_tls_dump_bytes: 0
     tx10_tls_resync_bytes: 0
     tx10_tls_skip_no_sync_data: 0
     tx10_tls_drop_no_sync_data: 0
     tx10_tls_drop_bypass_req: 0
     tx10_csum_none: 3
     tx10_stopped: 0
     tx10_dropped: 0
     tx10_xmit_more: 0
     tx10_recover: 0
     tx10_cqes: 3
     tx10_wake: 0
     tx10_cqe_err: 0
     tx11_packets: 0
     tx11_bytes: 0
     tx11_tso_packets: 0
     tx11_tso_bytes: 0
     tx11_tso_inner_packets: 0
     tx11_tso_inner_bytes: 0
     tx11_csum_partial: 0
     tx11_csum_partial_inner: 0
     tx11_added_vlan_packets: 0
     tx11_nop: 0
     tx11_timestamps: 0
     tx11_mpwqe_blks: 0
     tx11_mpwqe_pkts: 0
     tx11_tls_encrypted_packets: 0
     tx11_tls_encrypted_bytes: 0
     tx11_tls_ooo: 0
     tx11_tls_dump_packets: 0
     tx11_tls_dump_bytes: 0
     tx11_tls_resync_bytes: 0
     tx11_tls_skip_no_sync_data: 0
     tx11_tls_drop_no_sync_data: 0
     tx11_tls_drop_bypass_req: 0
     tx11_csum_none: 0
     tx11_stopped: 0
     tx11_dropped: 0
     tx11_xmit_more: 0
     tx11_recover: 0
     tx11_cqes: 0
     tx11_wake: 0
     tx11_cqe_err: 0
     tx12_packets: 0
     tx12_bytes: 0
     tx12_tso_packets: 0
     tx12_tso_bytes: 0
     tx12_tso_inner_packets: 0
     tx12_tso_inner_bytes: 0
     tx12_csum_partial: 0
     tx12_csum_partial_inner: 0
     tx12_added_vlan_packets: 0
     tx12_nop: 0
     tx12_timestamps: 0
     tx12_mpwqe_blks: 0
     tx12_mpwqe_pkts: 0
     tx12_tls_encrypted_packets: 0
     tx12_tls_encrypted_bytes: 0
     tx12_tls_ooo: 0
     tx12_tls_dump_packets: 0
     tx12_tls_dump_bytes: 0
     tx12_tls_resync_bytes: 0
     tx12_tls_skip_no_sync_data: 0
     tx12_tls_drop_no_sync_data: 0
     tx12_tls_drop_bypass_req: 0
     tx12_csum_none: 0
     tx12_stopped: 0
     tx12_dropped: 0
     tx12_xmit_more: 0
     tx12_recover: 0
     tx12_cqes: 0
     tx12_wake: 0
     tx12_cqe_err: 0
     tx13_packets: 0
     tx13_bytes: 0
     tx13_tso_packets: 0
     tx13_tso_bytes: 0
     tx13_tso_inner_packets: 0
     tx13_tso_inner_bytes: 0
     tx13_csum_partial: 0
     tx13_csum_partial_inner: 0
     tx13_added_vlan_packets: 0
     tx13_nop: 0
     tx13_timestamps: 0
     tx13_mpwqe_blks: 0
     tx13_mpwqe_pkts: 0
     tx13_tls_encrypted_packets: 0
     tx13_tls_encrypted_bytes: 0
     tx13_tls_ooo: 0
     tx13_tls_dump_packets: 0
     tx13_tls_dump_bytes: 0
     tx13_tls_resync_bytes: 0
     tx13_tls_skip_no_sync_data: 0
     tx13_tls_drop_no_sync_data: 0
     tx13_tls_drop_bypass_req: 0
     tx13_csum_none: 0
     tx13_stopped: 0
     tx13_dropped: 0
     tx13_xmit_more: 0
     tx13_recover: 0
     tx13_cqes: 0
     tx13_wake: 0
     tx13_cqe_err: 0
     tx14_packets: 0
     tx14_bytes: 0
     tx14_tso_packets: 0
     tx14_tso_bytes: 0
     tx14_tso_inner_packets: 0
     tx14_tso_inner_bytes: 0
     tx14_csum_partial: 0
     tx14_csum_partial_inner: 0
     tx14_added_vlan_packets: 0
     tx14_nop: 0
     tx14_timestamps: 0
     tx14_mpwqe_blks: 0
     tx14_mpwqe_pkts: 0
     tx14_tls_encrypted_packets: 0
     tx14_tls_encrypted_bytes: 0
     tx14_tls_ooo: 0
     tx14_tls_dump_packets: 0
     tx14_tls_dump_bytes: 0
     tx14_tls_resync_bytes: 0
     tx14_tls_skip_no_sync_data: 0
     tx14_tls_drop_no_sync_data: 0
     tx14_tls_drop_bypass_req: 0
     tx14_csum_none: 0
     tx14_stopped: 0
     tx14_dropped: 0
     tx14_xmit_more: 0
     tx14_recover: 0
     tx14_cqes: 0
     tx14_wake: 0
     tx14_cqe_err: 0
     tx15_packets: 0
     tx15_bytes: 0
     tx15_tso_packets: 0
     tx15_tso_bytes: 0
     tx15_tso_inner_packets: 0
     tx15_tso_inner_bytes: 0
     tx15_csum_partial: 0
     tx15_csum_partial_inner: 0
     tx15_added_vlan_packets: 0
     tx15_nop: 0
     tx15_timestamps: 0
     tx15_mpwqe_blks: 0
     tx15_mpwqe_pkts: 0
     tx15_tls_encrypted_packets: 0
     tx15_tls_encrypted_bytes: 0
     tx15_tls_ooo: 0
     tx15_tls_dump_packets: 0
     tx15_tls_dump_bytes: 0
     tx15_tls_resync_bytes: 0
     tx15_tls_skip_no_sync_data: 0
     tx15_tls_drop_no_sync_data: 0
     tx15_tls_drop_bypass_req: 0
     tx15_csum_none: 0
     tx15_stopped: 0
     tx15_dropped: 0
     tx15_xmit_more: 0
     tx15_recover: 0
     tx15_cqes: 0
     tx15_wake: 0
     tx15_cqe_err: 0
     tx16_packets: 3
     tx16_bytes: 294
     tx16_tso_packets: 0
     tx16_tso_bytes: 0
     tx16_tso_inner_packets: 0
     tx16_tso_inner_bytes: 0
     tx16_csum_partial: 0
     tx16_csum_partial_inner: 0
     tx16_added_vlan_packets: 0
     tx16_nop: 0
     tx16_timestamps: 0
     tx16_mpwqe_blks: 3
     tx16_mpwqe_pkts: 3
     tx16_tls_encrypted_packets: 0
     tx16_tls_encrypted_bytes: 0
     tx16_tls_ooo: 0
     tx16_tls_dump_packets: 0
     tx16_tls_dump_bytes: 0
     tx16_tls_resync_bytes: 0
     tx16_tls_skip_no_sync_data: 0
     tx16_tls_drop_no_sync_data: 0
     tx16_tls_drop_bypass_req: 0
     tx16_csum_none: 3
     tx16_stopped: 0
     tx16_dropped: 0
     tx16_xmit_more: 0
     tx16_recover: 0
     tx16_cqes: 3
     tx16_wake: 0
     tx16_cqe_err: 0
     tx17_packets: 0
     tx17_bytes: 0
     tx17_tso_packets: 0
     tx17_tso_bytes: 0
     tx17_tso_inner_packets: 0
     tx17_tso_inner_bytes: 0
     tx17_csum_partial: 0
     tx17_csum_partial_inner: 0
     tx17_added_vlan_packets: 0
     tx17_nop: 0
     tx17_timestamps: 0
     tx17_mpwqe_blks: 0
     tx17_mpwqe_pkts: 0
     tx17_tls_encrypted_packets: 0
     tx17_tls_encrypted_bytes: 0
     tx17_tls_ooo: 0
     tx17_tls_dump_packets: 0
     tx17_tls_dump_bytes: 0
     tx17_tls_resync_bytes: 0
     tx17_tls_skip_no_sync_data: 0
     tx17_tls_drop_no_sync_data: 0
     tx17_tls_drop_bypass_req: 0
     tx17_csum_none: 0
     tx17_stopped: 0
     tx17_dropped: 0
     tx17_xmit_more: 0
     tx17_recover: 0
     tx17_cqes: 0
     tx17_wake: 0
     tx17_cqe_err: 0
     tx18_packets: 0
     tx18_bytes: 0
     tx18_tso_packets: 0
     tx18_tso_bytes: 0
     tx18_tso_inner_packets: 0
     tx18_tso_inner_bytes: 0
     tx18_csum_partial: 0
     tx18_csum_partial_inner: 0
     tx18_added_vlan_packets: 0
     tx18_nop: 0
     tx18_timestamps: 0
     tx18_mpwqe_blks: 0
     tx18_mpwqe_pkts: 0
     tx18_tls_encrypted_packets: 0
     tx18_tls_encrypted_bytes: 0
     tx18_tls_ooo: 0
     tx18_tls_dump_packets: 0
     tx18_tls_dump_bytes: 0
     tx18_tls_resync_bytes: 0
     tx18_tls_skip_no_sync_data: 0
     tx18_tls_drop_no_sync_data: 0
     tx18_tls_drop_bypass_req: 0
     tx18_csum_none: 0
     tx18_stopped: 0
     tx18_dropped: 0
     tx18_xmit_more: 0
     tx18_recover: 0
     tx18_cqes: 0
     tx18_wake: 0
     tx18_cqe_err: 0
     tx19_packets: 1
     tx19_bytes: 60
     tx19_tso_packets: 0
     tx19_tso_bytes: 0
     tx19_tso_inner_packets: 0
     tx19_tso_inner_bytes: 0
     tx19_csum_partial: 0
     tx19_csum_partial_inner: 0
     tx19_added_vlan_packets: 0
     tx19_nop: 0
     tx19_timestamps: 0
     tx19_mpwqe_blks: 1
     tx19_mpwqe_pkts: 1
     tx19_tls_encrypted_packets: 0
     tx19_tls_encrypted_bytes: 0
     tx19_tls_ooo: 0
     tx19_tls_dump_packets: 0
     tx19_tls_dump_bytes: 0
     tx19_tls_resync_bytes: 0
     tx19_tls_skip_no_sync_data: 0
     tx19_tls_drop_no_sync_data: 0
     tx19_tls_drop_bypass_req: 0
     tx19_csum_none: 1
     tx19_stopped: 0
     tx19_dropped: 0
     tx19_xmit_more: 0
     tx19_recover: 0
     tx19_cqes: 1
     tx19_wake: 0
     tx19_cqe_err: 0
     tx20_packets: 0
     tx20_bytes: 0
     tx20_tso_packets: 0
     tx20_tso_bytes: 0
     tx20_tso_inner_packets: 0
     tx20_tso_inner_bytes: 0
     tx20_csum_partial: 0
     tx20_csum_partial_inner: 0
     tx20_added_vlan_packets: 0
     tx20_nop: 0
     tx20_timestamps: 0
     tx20_mpwqe_blks: 0
     tx20_mpwqe_pkts: 0
     tx20_tls_encrypted_packets: 0
     tx20_tls_encrypted_bytes: 0
     tx20_tls_ooo: 0
     tx20_tls_dump_packets: 0
     tx20_tls_dump_bytes: 0
     tx20_tls_resync_bytes: 0
     tx20_tls_skip_no_sync_data: 0
     tx20_tls_drop_no_sync_data: 0
     tx20_tls_drop_bypass_req: 0
     tx20_csum_none: 0
     tx20_stopped: 0
     tx20_dropped: 0
     tx20_xmit_more: 0
     tx20_recover: 0
     tx20_cqes: 0
     tx20_wake: 0
     tx20_cqe_err: 0
     tx21_packets: 0
     tx21_bytes: 0
     tx21_tso_packets: 0
     tx21_tso_bytes: 0
     tx21_tso_inner_packets: 0
     tx21_tso_inner_bytes: 0
     tx21_csum_partial: 0
     tx21_csum_partial_inner: 0
     tx21_added_vlan_packets: 0
     tx21_nop: 0
     tx21_timestamps: 0
     tx21_mpwqe_blks: 0
     tx21_mpwqe_pkts: 0
     tx21_tls_encrypted_packets: 0
     tx21_tls_encrypted_bytes: 0
     tx21_tls_ooo: 0
     tx21_tls_dump_packets: 0
     tx21_tls_dump_bytes: 0
     tx21_tls_resync_bytes: 0
     tx21_tls_skip_no_sync_data: 0
     tx21_tls_drop_no_sync_data: 0
     tx21_tls_drop_bypass_req: 0
     tx21_csum_none: 0
     tx21_stopped: 0
     tx21_dropped: 0
     tx21_xmit_more: 0
     tx21_recover: 0
     tx21_cqes: 0
     tx21_wake: 0
     tx21_cqe_err: 0
     tx22_packets: 0
     tx22_bytes: 0
     tx22_tso_packets: 0
     tx22_tso_bytes: 0
     tx22_tso_inner_packets: 0
     tx22_tso_inner_bytes: 0
     tx22_csum_partial: 0
     tx22_csum_partial_inner: 0
     tx22_added_vlan_packets: 0
     tx22_nop: 0
     tx22_timestamps: 0
     tx22_mpwqe_blks: 0
     tx22_mpwqe_pkts: 0
     tx22_tls_encrypted_packets: 0
     tx22_tls_encrypted_bytes: 0
     tx22_tls_ooo: 0
     tx22_tls_dump_packets: 0
     tx22_tls_dump_bytes: 0
     tx22_tls_resync_bytes: 0
     tx22_tls_skip_no_sync_data: 0
     tx22_tls_drop_no_sync_data: 0
     tx22_tls_drop_bypass_req: 0
     tx22_csum_none: 0
     tx22_stopped: 0
     tx22_dropped: 0
     tx22_xmit_more: 0
     tx22_recover: 0
     tx22_cqes: 0
     tx22_wake: 0
     tx22_cqe_err: 0
     tx23_packets: 0
     tx23_bytes: 0
     tx23_tso_packets: 0
     tx23_tso_bytes: 0
     tx23_tso_inner_packets: 0
     tx23_tso_inner_bytes: 0
     tx23_csum_partial: 0
     tx23_csum_partial_inner: 0
     tx23_added_vlan_packets: 0
     tx23_nop: 0
     tx23_timestamps: 0
     tx23_mpwqe_blks: 0
     tx23_mpwqe_pkts: 0
     tx23_tls_encrypted_packets: 0
     tx23_tls_encrypted_bytes: 0
     tx23_tls_ooo: 0
     tx23_tls_dump_packets: 0
     tx23_tls_dump_bytes: 0
     tx23_tls_resync_bytes: 0
     tx23_tls_skip_no_sync_data: 0
     tx23_tls_drop_no_sync_data: 0
     tx23_tls_drop_bypass_req: 0
     tx23_csum_none: 0
     tx23_stopped: 0
     tx23_dropped: 0
     tx23_xmit_more: 0
     tx23_recover: 0
     tx23_cqes: 0
     tx23_wake: 0
     tx23_cqe_err: 0
     tx0_xdp_xmit: 0
     tx0_xdp_mpwqe: 0
     tx0_xdp_inlnw: 0
     tx0_xdp_nops: 0
     tx0_xdp_full: 0
     tx0_xdp_err: 0
     tx0_xdp_cqes: 0
     tx1_xdp_xmit: 0
     tx1_xdp_mpwqe: 0
     tx1_xdp_inlnw: 0
     tx1_xdp_nops: 0
     tx1_xdp_full: 0
     tx1_xdp_err: 0
     tx1_xdp_cqes: 0
     tx2_xdp_xmit: 0
     tx2_xdp_mpwqe: 0
     tx2_xdp_inlnw: 0
     tx2_xdp_nops: 0
     tx2_xdp_full: 0
     tx2_xdp_err: 0
     tx2_xdp_cqes: 0
     tx3_xdp_xmit: 0
     tx3_xdp_mpwqe: 0
     tx3_xdp_inlnw: 0
     tx3_xdp_nops: 0
     tx3_xdp_full: 0
     tx3_xdp_err: 0
     tx3_xdp_cqes: 0
     tx4_xdp_xmit: 0
     tx4_xdp_mpwqe: 0
     tx4_xdp_inlnw: 0
     tx4_xdp_nops: 0
     tx4_xdp_full: 0
     tx4_xdp_err: 0
     tx4_xdp_cqes: 0
     tx5_xdp_xmit: 0
     tx5_xdp_mpwqe: 0
     tx5_xdp_inlnw: 0
     tx5_xdp_nops: 0
     tx5_xdp_full: 0
     tx5_xdp_err: 0
     tx5_xdp_cqes: 0
     tx6_xdp_xmit: 0
     tx6_xdp_mpwqe: 0
     tx6_xdp_inlnw: 0
     tx6_xdp_nops: 0
     tx6_xdp_full: 0
     tx6_xdp_err: 0
     tx6_xdp_cqes: 0
     tx7_xdp_xmit: 0
     tx7_xdp_mpwqe: 0
     tx7_xdp_inlnw: 0
     tx7_xdp_nops: 0
     tx7_xdp_full: 0
     tx7_xdp_err: 0
     tx7_xdp_cqes: 0
     tx8_xdp_xmit: 0
     tx8_xdp_mpwqe: 0
     tx8_xdp_inlnw: 0
     tx8_xdp_nops: 0
     tx8_xdp_full: 0
     tx8_xdp_err: 0
     tx8_xdp_cqes: 0
     tx9_xdp_xmit: 0
     tx9_xdp_mpwqe: 0
     tx9_xdp_inlnw: 0
     tx9_xdp_nops: 0
     tx9_xdp_full: 0
     tx9_xdp_err: 0
     tx9_xdp_cqes: 0
     tx10_xdp_xmit: 0
     tx10_xdp_mpwqe: 0
     tx10_xdp_inlnw: 0
     tx10_xdp_nops: 0
     tx10_xdp_full: 0
     tx10_xdp_err: 0
     tx10_xdp_cqes: 0
     tx11_xdp_xmit: 0
     tx11_xdp_mpwqe: 0
     tx11_xdp_inlnw: 0
     tx11_xdp_nops: 0
     tx11_xdp_full: 0
     tx11_xdp_err: 0
     tx11_xdp_cqes: 0
     tx12_xdp_xmit: 0
     tx12_xdp_mpwqe: 0
     tx12_xdp_inlnw: 0
     tx12_xdp_nops: 0
     tx12_xdp_full: 0
     tx12_xdp_err: 0
     tx12_xdp_cqes: 0
     tx13_xdp_xmit: 0
     tx13_xdp_mpwqe: 0
     tx13_xdp_inlnw: 0
     tx13_xdp_nops: 0
     tx13_xdp_full: 0
     tx13_xdp_err: 0
     tx13_xdp_cqes: 0
     tx14_xdp_xmit: 0
     tx14_xdp_mpwqe: 0
     tx14_xdp_inlnw: 0
     tx14_xdp_nops: 0
     tx14_xdp_full: 0
     tx14_xdp_err: 0
     tx14_xdp_cqes: 0
     tx15_xdp_xmit: 0
     tx15_xdp_mpwqe: 0
     tx15_xdp_inlnw: 0
     tx15_xdp_nops: 0
     tx15_xdp_full: 0
     tx15_xdp_err: 0
     tx15_xdp_cqes: 0
     tx16_xdp_xmit: 0
     tx16_xdp_mpwqe: 0
     tx16_xdp_inlnw: 0
     tx16_xdp_nops: 0
     tx16_xdp_full: 0
     tx16_xdp_err: 0
     tx16_xdp_cqes: 0
     tx17_xdp_xmit: 0
     tx17_xdp_mpwqe: 0
     tx17_xdp_inlnw: 0
     tx17_xdp_nops: 0
     tx17_xdp_full: 0
     tx17_xdp_err: 0
     tx17_xdp_cqes: 0
     tx18_xdp_xmit: 0
     tx18_xdp_mpwqe: 0
     tx18_xdp_inlnw: 0
     tx18_xdp_nops: 0
     tx18_xdp_full: 0
     tx18_xdp_err: 0
     tx18_xdp_cqes: 0
     tx19_xdp_xmit: 0
     tx19_xdp_mpwqe: 0
     tx19_xdp_inlnw: 0
     tx19_xdp_nops: 0
     tx19_xdp_full: 0
     tx19_xdp_err: 0
     tx19_xdp_cqes: 0
     tx20_xdp_xmit: 0
     tx20_xdp_mpwqe: 0
     tx20_xdp_inlnw: 0
     tx20_xdp_nops: 0
     tx20_xdp_full: 0
     tx20_xdp_err: 0
     tx20_xdp_cqes: 0
     tx21_xdp_xmit: 0
     tx21_xdp_mpwqe: 0
     tx21_xdp_inlnw: 0
     tx21_xdp_nops: 0
     tx21_xdp_full: 0
     tx21_xdp_err: 0
     tx21_xdp_cqes: 0
     tx22_xdp_xmit: 0
     tx22_xdp_mpwqe: 0
     tx22_xdp_inlnw: 0
     tx22_xdp_nops: 0
     tx22_xdp_full: 0
     tx22_xdp_err: 0
     tx22_xdp_cqes: 0
     tx23_xdp_xmit: 0
     tx23_xdp_mpwqe: 0
     tx23_xdp_inlnw: 0
     tx23_xdp_nops: 0
     tx23_xdp_full: 0
     tx23_xdp_err: 0
     tx23_xdp_cqes: 0
