[    0.000000] crashkernel reserved: 0x0000000018000000 - 0x0000000059000000 (1040 MB)
[    0.000000] hash-mmu: Page sizes from device-tree:
[    0.000000] hash-mmu: base_shift=12: shift=12, sllp=0x0000, avpnm=0x00000000, tlbiel=1, penc=0
[    0.000000] hash-mmu: base_shift=12: shift=16, sllp=0x0000, avpnm=0x00000000, tlbiel=1, penc=7
[    0.000000] hash-mmu: base_shift=12: shift=24, sllp=0x0000, avpnm=0x00000000, tlbiel=1, penc=56
[    0.000000] hash-mmu: base_shift=16: shift=16, sllp=0x0110, avpnm=0x00000000, tlbiel=1, penc=1
[    0.000000] hash-mmu: base_shift=16: shift=24, sllp=0x0110, avpnm=0x00000000, tlbiel=1, penc=8
[    0.000000] hash-mmu: base_shift=24: shift=24, sllp=0x0100, avpnm=0x00000001, tlbiel=0, penc=0
[    0.000000] hash-mmu: base_shift=34: shift=34, sllp=0x0120, avpnm=0x000007ff, tlbiel=0, penc=3
[    0.000000] fadump: WARNING: Could not setup area to pass additional parameters!
[    0.000000] Enabling pkeys with max key count 31
[    0.000000] Activating Kernel Userspace Access Prevention
[    0.000000] Activating Kernel Userspace Execution Prevention
[    0.000000] Page orders: linear mapping = 16, virtual = 16, io = 16, vmemmap = 24
[    0.000000] Using 1TB segments
[    0.000000] hash-mmu: Initializing hash mmu with SLB
[    0.000000] Linux version 6.12.0-211.7.1.el10_2.ppc64le (mockbuild@b2d20e2782974a2c9b1084b8a632c279) (gcc (GCC) 14.3.1 20251022 (Red Hat 14.3.1-4), GNU ld version 2.41-63.el10) #1 SMP Wed Apr  1 08:22:46 EDT 2026
[    0.000000] OF: reserved mem: Reserved memory: No reserved-memory node in the DT
[    0.000000] Secure boot mode disabled
[    0.000000] Found initrd at 0xc00000000f900000:0xc000000012801eb0
[    0.000000] Hardware name: IBM,9009-42G POWER9 (architected) 0x4e0203 0xf000005 of:IBM,FW950.80 (VL950_127) hv:phyp pSeries
[    0.000000] printk: legacy bootconsole [udbg0] enabled
[    0.000000] Partition configured for 32 cpus.
[    0.000000] CPU maps initialized for 8 threads per core
[    0.000000]  (thread shift is 3)
[    0.000000] Allocated 3584 bytes for 32 pacas
[    0.000000] numa: Partition configured for 32 NUMA nodes.
[    0.000000] -----------------------------------------------------
[    0.000000] phys_mem_size     = 0x800000000
[    0.000000] dcache_bsize      = 0x80
[    0.000000] icache_bsize      = 0x80
[    0.000000] cpu_features      = 0x0001c07b8f5f9187
[    0.000000]   possible        = 0x001ffbfbcf5fb187
[    0.000000]   always          = 0x0000000380008181
[    0.000000] cpu_user_features = 0xdc0065c2 0xeff00000
[    0.000000] mmu_features      = 0xfc006e01
[    0.000000] firmware_features = 0x0000109fc45bfc57
[    0.000000] vmalloc start     = 0xc008000000000000
[    0.000000] IO start          = 0xc00a000000000000
[    0.000000] vmemmap start     = 0xc00c000000000000
[    0.000000] hash-mmu: ppc64_pft_size    = 0x1c
[    0.000000] hash-mmu: htab_hash_mask    = 0x1fffff
[    0.000000] -----------------------------------------------------
[    0.000000] NODE_DATA(0) allocated [mem 0x7fdecbf00-0x7fded3fff]
[    0.000000] rfi-flush: fallback displacement flush available
[    0.000000] rfi-flush: mttrig type flush available
[    0.000000] rfi-flush: patched 12 locations (mttrig type flush)
[    0.000000] count-cache-flush: hardware flush enabled.
[    0.000000] link-stack-flush: software flush enabled.
[    0.000000] entry-flush: patched 61 locations (mttrig type flush)
[    0.000000] uaccess-flush: patched 1 locations (mttrig type flush)
[    0.000000] stf-barrier: eieio barrier available
[    0.000000] stf-barrier: patched 61 entry locations (eieio barrier)
[    0.000000] stf-barrier: patched 12 exit locations (eieio barrier)
[    0.000000] lpar: H_BLOCK_REMOVE supports base psize:0 psize:0 block size:8
[    0.000000] lpar: H_BLOCK_REMOVE supports base psize:0 psize:2 block size:8
[    0.000000] lpar: H_BLOCK_REMOVE supports base psize:0 psize:10 block size:8
[    0.000000] lpar: H_BLOCK_REMOVE supports base psize:2 psize:2 block size:8
[    0.000000] lpar: H_BLOCK_REMOVE supports base psize:2 psize:10 block size:8
[    0.000000] PPC64 nvram contains 15360 bytes
[    0.000000] barrier-nospec: using ORI speculation barrier
[    0.000000] barrier-nospec: patched 256 locations
[    0.000000] Top of RAM: 0x800000000, Total RAM: 0x800000000
[    0.000000] Memory hole size: 0MB
[    0.000000] Zone ranges:
[    0.000000]   Normal   [mem 0x0000000000000000-0x00000007ffffffff]
[    0.000000]   Device   empty
[    0.000000] Movable zone start for each node
[    0.000000] Early memory node ranges
[    0.000000]   node   0: [mem 0x0000000000000000-0x00000007ffffffff]
[    0.000000] Initmem setup node 0 [mem 0x0000000000000000-0x00000007ffffffff]
[    0.000000] Initmem setup node 1 as memoryless
[    0.000000] Initmem setup node 2 as memoryless
[    0.000000] Initmem setup node 3 as memoryless
[    0.000000] Initmem setup node 4 as memoryless
[    0.000000] Initmem setup node 5 as memoryless
[    0.000000] Initmem setup node 6 as memoryless
[    0.000000] Initmem setup node 7 as memoryless
[    0.000000] Initmem setup node 8 as memoryless
[    0.000000] Initmem setup node 9 as memoryless
[    0.000000] Initmem setup node 10 as memoryless
[    0.000000] Initmem setup node 11 as memoryless
[    0.000000] Initmem setup node 12 as memoryless
[    0.000000] Initmem setup node 13 as memoryless
[    0.000000] Initmem setup node 14 as memoryless
[    0.000000] Initmem setup node 15 as memoryless
[    0.000000] Initmem setup node 16 as memoryless
[    0.000000] Initmem setup node 17 as memoryless
[    0.000000] Initmem setup node 18 as memoryless
[    0.000000] Initmem setup node 19 as memoryless
[    0.000000] Initmem setup node 20 as memoryless
[    0.000000] Initmem setup node 21 as memoryless
[    0.000000] Initmem setup node 22 as memoryless
[    0.000000] Initmem setup node 23 as memoryless
[    0.000000] Initmem setup node 24 as memoryless
[    0.000000] Initmem setup node 25 as memoryless
[    0.000000] Initmem setup node 26 as memoryless
[    0.000000] Initmem setup node 27 as memoryless
[    0.000000] Initmem setup node 28 as memoryless
[    0.000000] Initmem setup node 29 as memoryless
[    0.000000] Initmem setup node 30 as memoryless
[    0.000000] Initmem setup node 31 as memoryless
[    0.000000] percpu: Embedded 10 pages/cpu s614168 r0 d41192 u1048576
[    0.000000] pcpu-alloc: s614168 r0 d41192 u1048576 alloc=1*1048576
[    0.000000] pcpu-alloc: [0] 00 [0] 01 [0] 02 [0] 03 [0] 04 [0] 05 [0] 06 [0] 07 
[    0.000000] pcpu-alloc: [0] 08 [0] 09 [0] 10 [0] 11 [0] 12 [0] 13 [0] 14 [0] 15 
[    0.000000] pcpu-alloc: [0] 16 [0] 17 [0] 18 [0] 19 [0] 20 [0] 21 [0] 22 [0] 23 
[    0.000000] pcpu-alloc: [0] 24 [0] 25 [0] 26 [0] 27 [0] 28 [0] 29 [0] 30 [0] 31 
[    0.000000] Kernel command line: BOOT_IMAGE=(ieee1275//vdevice/v-scsi@30000066/disk@8100000000000000,gpt2)/vmlinuz-6.12.0-211.7.1.el10_2.ppc64le root=/dev/mapper/rhel_ltczz345--lp2-root ro crashkernel=2G-4G:400M,4G-16G:528M,16G-64G:1040M,64G-128G:2064M,128G-:4112M rd.lvm.lv=rhel_ltczz345-lp2/root rd.lvm.lv=rhel_ltczz345-lp2/swap biosdevname=0
[    0.000000] Unknown kernel command line parameters "BOOT_IMAGE=(ieee1275//vdevice/v-scsi@30000066/disk@8100000000000000,gpt2)/vmlinuz-6.12.0-211.7.1.el10_2.ppc64le biosdevname=0", will be passed to user space.
[    0.000000] random: crng init done
[    0.000000] Dentry cache hash table entries: 4194304 (order: 9, 33554432 bytes, linear)
[    0.000000] Inode-cache hash table entries: 2097152 (order: 8, 16777216 bytes, linear)
[    0.000000] Fallback order for Node 0: 0 
[    0.000000] Fallback order for Node 1: 0 
[    0.000000] Fallback order for Node 2: 0 
[    0.000000] Fallback order for Node 3: 0 
[    0.000000] Fallback order for Node 4: 0 
[    0.000000] Fallback order for Node 5: 0 
[    0.000000] Fallback order for Node 6: 0 
[    0.000000] Fallback order for Node 7: 0 
[    0.000000] Fallback order for Node 8: 0 
[    0.000000] Fallback order for Node 9: 0 
[    0.000000] Fallback order for Node 10: 0 
[    0.000000] Fallback order for Node 11: 0 
[    0.000000] Fallback order for Node 12: 0 
[    0.000000] Fallback order for Node 13: 0 
[    0.000000] Fallback order for Node 14: 0 
[    0.000000] Fallback order for Node 15: 0 
[    0.000000] Fallback order for Node 16: 0 
[    0.000000] Fallback order for Node 17: 0 
[    0.000000] Fallback order for Node 18: 0 
[    0.000000] Fallback order for Node 19: 0 
[    0.000000] Fallback order for Node 20: 0 
[    0.000000] Fallback order for Node 21: 0 
[    0.000000] Fallback order for Node 22: 0 
[    0.000000] Fallback order for Node 23: 0 
[    0.000000] Fallback order for Node 24: 0 
[    0.000000] Fallback order for Node 25: 0 
[    0.000000] Fallback order for Node 26: 0 
[    0.000000] Fallback order for Node 27: 0 
[    0.000000] Fallback order for Node 28: 0 
[    0.000000] Fallback order for Node 29: 0 
[    0.000000] Fallback order for Node 30: 0 
[    0.000000] Fallback order for Node 31: 0 
[    0.000000] Built 1 zonelists, mobility grouping on.  Total pages: 524288
[    0.000000] Policy zone: Normal
[    0.000000] mem auto-init: stack:all(zero), heap alloc:off, heap free:off
[    0.000000] SLUB: HWalign=128, Order=0-3, MinObjects=0, CPUs=32, Nodes=32
[    0.000000] ftrace: allocating 46983 entries in 18 pages
[    0.000000] ftrace: allocated 18 pages with 2 groups
[    0.000000] rcu: Hierarchical RCU implementation.
[    0.000000] rcu: 	RCU event tracing is enabled.
[    0.000000] rcu: 	RCU restricting CPUs from NR_CPUS=8192 to nr_cpu_ids=32.
[    0.000000] 	Rude variant of Tasks RCU enabled.
[    0.000000] 	Tracing variant of Tasks RCU enabled.
[    0.000000] rcu: RCU calculated value of scheduler-enlistment delay is 10 jiffies.
[    0.000000] rcu: Adjusting geometry for rcu_fanout_leaf=16, nr_cpu_ids=32
[    0.000000] RCU Tasks Rude: Setting shift to 5 and lim to 1 rcu_task_cb_adjust=1 rcu_task_cpu_ids=32.
[    0.000000] RCU Tasks Trace: Setting shift to 5 and lim to 1 rcu_task_cb_adjust=1 rcu_task_cpu_ids=32.
[    0.000000] NR_IRQS: 512, nr_irqs: 512, preallocated irqs: 16
[    0.000000] pic: no ISA interrupt controller
[    0.000000] rcu: srcu_init: Setting srcu_struct sizes based on contention.
[    0.000000] time_init: decrementer frequency = 512.000000 MHz
[    0.000000] time_init: processor frequency   = 2900.000000 MHz
[    0.000002] time_init: 56 bit decrementer (max: 7fffffffffffff)
[    0.000042] clocksource: timebase: mask: 0xffffffffffffffff max_cycles: 0x761537d007, max_idle_ns: 440795202126 ns
[    0.000111] clocksource: timebase mult[1f40000] shift[24] registered
[    0.000157] clockevent: decrementer mult[83126f] shift[24] cpu[0]
[    0.000696] kfence: initialized - using 33554432 bytes for 255 objects at 0x(____ptrval____)-0x(____ptrval____)
[    0.000837] Console: colour dummy device 80x25
[    0.000873] printk: legacy console [hvc0] enabled
[    0.000910] printk: legacy bootconsole [udbg0] disabled
[    0.001068] pid_max: default: 32768 minimum: 301
[    0.001381] LSM: initializing lsm=lockdown,capability,yama,selinux,bpf,landlock,ima,evm
[    0.001565] Yama: becoming mindful.
[    0.001583] SELinux:  Initializing.
[    0.003752] LSM support for eBPF active
[    0.003932] landlock: Up and running.
[    0.004257] Mount-cache hash table entries: 65536 (order: 3, 524288 bytes, linear)
[    0.004302] Mountpoint-cache hash table entries: 65536 (order: 3, 524288 bytes, linear)
[    0.005492] POWER9 performance monitor hardware support registered
[    0.005544] rcu: Hierarchical SRCU implementation.
[    0.005550] rcu: 	Max phase no-delay instances is 1000.
[    0.005609] Timer migration: 2 hierarchy levels; 8 children per group; 0 crossnode level
[    0.006588] smp: Bringing up secondary CPUs ...
[    0.030000] smp: Brought up 1 node, 24 CPUs
[    0.030013] numa: Node 0 CPUs: 0-23
[    0.030023] Big cores detected but using small core scheduling
[    0.030667] Memory: 32215488K/33554432K available (19520K kernel code, 6400K rwdata, 13248K rodata, 8256K init, 2854K bss, 1304448K reserved, 0K cma-reserved)
[    0.031161] devtmpfs: initialized
[    0.073819] PCI host bridge /pci@800000020000018  ranges:
[    0.073836]  MEM 0x0000040000000000..0x000004007effffff -> 0x0000000080000000 
[    0.073846]  MEM 0x0000044000000000..0x0000047fffffffff -> 0x0006020000000000 
[    0.074058] clocksource: jiffies: mask: 0xffffffff max_cycles: 0xffffffff, max_idle_ns: 19112604462750000 ns
[    0.074082] posixtimers hash table entries: 16384 (order: 2, 262144 bytes, linear)
[    0.074183] futex hash table entries: 256 (32768 bytes on 32 NUMA nodes, total 1024 KiB, linear).
[    0.081269] NET: Registered PF_NETLINK/PF_ROUTE protocol family
[    0.081673] audit: initializing netlink subsys (disabled)
[    0.081798] audit: type=2000 audit(1780412241.080:1): state=initialized audit_enabled=0 res=1
[    0.081932] thermal_sys: Registered thermal governor 'fair_share'
[    0.081935] thermal_sys: Registered thermal governor 'step_wise'
[    0.081982] cpuidle: using governor menu
[    0.082093] RTAS daemon started
[    0.082284] pstore: Using crash dump compression: deflate
[    0.082291] pstore: Registered nvram as persistent store backend
[    0.083253] EEH: pSeries platform initialized
[    0.083356] plpks: POWER LPAR Platform KeyStore is not supported or enabled
[    0.087948] kprobes: kprobe jump-optimization is enabled. All kprobes are optimized if possible.
[    0.089787] HugeTLB: registered 16.0 MiB page size, pre-allocated 0 pages
[    0.089798] HugeTLB: 0 KiB vmemmap can be freed for a 16.0 MiB page
[    0.089809] HugeTLB: registered 16.0 GiB page size, pre-allocated 0 pages
[    0.089818] HugeTLB: 0 KiB vmemmap can be freed for a 16.0 GiB page
[    0.092489] cryptd: max_cpu_qlen set to 1000
[    0.093294] iommu: Default domain type: Translated
[    0.093304] iommu: DMA domain TLB invalidation policy: strict mode
[    0.139122] SCSI subsystem initialized
[    0.139190] usbcore: registered new interface driver usbfs
[    0.139206] usbcore: registered new interface driver hub
[    0.139229] usbcore: registered new device driver usb
[    0.139288] pps_core: LinuxPPS API ver. 1 registered
[    0.139294] pps_core: Software ver. 5.3.6 - Copyright 2005-2007 Rodolfo Giometti <giometti@linux.it>
[    0.139307] PTP clock support registered
[    0.139471] EDAC MC: Ver: 3.0.0
[    0.139931] NetLabel: Initializing
[    0.139937] NetLabel:  domain hash size = 128
[    0.139943] NetLabel:  protocols = UNLABELED CIPSOv4 CALIPSO
[    0.139970] NetLabel:  unlabeled traffic allowed by default
[    0.139999] PCI: Probing PCI hardware
[    0.140196] PCI host bridge to bus 0018:01
[    0.140204] pci_bus 0018:01: root bus resource [mem 0x40000000000-0x4007effffff] (bus address [0x80000000-0xfeffffff])
[    0.140216] pci_bus 0018:01: root bus resource [mem 0x44000000000-0x47fffffffff 64bit] (bus address [0x6020000000000-0x6023fffffffff])
[    0.140227] pci_bus 0018:01: root bus resource [bus 01-ff]
[    0.142366] pci 0018:01:00.0: No hypervisor support for SR-IOV on this device, IOV BARs disabled.
[    0.147796] pci 0018:01:00.0: PME# supported from D3cold
[    0.173859] pci 0018:01:00.0: No hypervisor support for SR-IOV on this device, IOV BARs disabled.
[    0.175620] pci 0018:01:00.1: No hypervisor support for SR-IOV on this device, IOV BARs disabled.
[    0.179760] pci 0018:01:00.1: PME# supported from D3cold
[    0.202849] pci 0018:01:00.1: No hypervisor support for SR-IOV on this device, IOV BARs disabled.
[    0.216135] IOMMU table initialized, virtual merging enabled
[    0.216567] pci_bus 0018:01: resource 4 [mem 0x40000000000-0x4007effffff]
[    0.216576] pci_bus 0018:01: resource 5 [mem 0x44000000000-0x47fffffffff 64bit]
[    0.216692] pci 0018:01:00.0: ibm,query-pe-dma-windows(53) 10000 8000000 20000018 returned 0, lb=1000000 ps=3 wn=1
[    0.216727] pci 0018:01:00.0: Adding to iommu group 0
[    0.221223] pci 0018:01:00.1: Adding to iommu group 0
[    0.225655] EEH: Capable adapter found: recovery enabled.
[    0.225662] PCI: Probing PCI hardware done
[    0.225767] vgaarb: loaded
[    0.226111] clocksource: Switched to clocksource timebase
[    0.227049] VFS: Disk quotas dquot_6.6.0
[    0.227093] VFS: Dquot-cache hash table entries: 8192 (order 0, 65536 bytes)
[    0.231215] NET: Registered PF_INET protocol family
[    0.231400] IP idents hash table entries: 262144 (order: 5, 2097152 bytes, linear)
[    0.251155] tcp_listen_portaddr_hash hash table entries: 16384 (order: 2, 262144 bytes, linear)
[    0.251200] Table-perturb hash table entries: 65536 (order: 2, 262144 bytes, linear)
[    0.251268] TCP established hash table entries: 262144 (order: 5, 2097152 bytes, linear)
[    0.251779] TCP bind hash table entries: 65536 (order: 5, 2097152 bytes, linear)
[    0.251984] TCP: Hash tables configured (established 262144 bind 65536)
[    0.252204] MPTCP token hash table entries: 32768 (order: 3, 786432 bytes, linear)
[    0.252285] UDP hash table entries: 16384 (order: 3, 524288 bytes, linear)
[    0.252367] UDP-Lite hash table entries: 16384 (order: 3, 524288 bytes, linear)
[    0.252563] NET: Registered PF_UNIX/PF_LOCAL protocol family
[    0.252583] NET: Registered PF_XDP protocol family
[    0.252754] PCI: CLS 128 bytes, default 128
[    0.252875] Trying to unpack rootfs image as initramfs...
[    0.271658] vas: API is supported only with radix page tables
[    0.274284] hv-24x7: read 1530 catalog entries, created 509 event attrs (0 failures), 275 descs
[    0.312143] Initialise system trusted keyrings
[    0.312172] Key type blacklist registered
[    0.312269] workingset: timestamp_bits=38 max_order=19 bucket_order=0
[    0.312310] zbud: loaded
[    0.313137] integrity: Platform Keyring initialized
[    0.313153] integrity: Machine keyring initialized
[    0.627816] Freeing initrd memory: 48128K
[    0.671867] NET: Registered PF_ALG protocol family
[    0.671888] Key type asymmetric registered
[    0.671896] Asymmetric key parser 'x509' registered
[    0.671978] Block layer SCSI generic (bsg) driver version 0.4 loaded (major 246)
[    0.672095] io scheduler mq-deadline registered
[    0.672105] io scheduler kyber registered
[    0.672143] io scheduler bfq registered
[    0.675679] atomic64_test: passed
[    0.676195] PowerPC PowerNV PCI Hotplug Driver version: 0.1
[    0.676741] Serial: 8250/16550 driver, 4 ports, IRQ sharing enabled
[    0.677670] rdac: device handler registered
[    0.677737] hp_sw: device handler registered
[    0.677744] emc: device handler registered
[    0.677804] alua: device handler registered
[    0.678291] usbcore: registered new interface driver usbserial_generic
[    0.678306] usbserial: USB Serial support registered for generic
[    0.678376] mousedev: PS/2 mouse device common for all mice
[    0.678511] rtc-generic rtc-generic: registered as rtc0
[    0.678555] rtc-generic rtc-generic: setting system clock to 2026-06-02T14:57:22 UTC (1780412242)
[    0.679308] pseries_idle_driver registered
[    0.679379] nx_compress_pseries ibm,compression-v1: nx842_OF_upd: max_sync_size new:65536 old:0
[    0.679389] nx_compress_pseries ibm,compression-v1: nx842_OF_upd: max_sync_sg new:510 old:0
[    0.679398] nx_compress_pseries ibm,compression-v1: nx842_OF_upd: max_sg_len new:4080 old:0
[    0.679468] NX-GZIP is not supported. Returned=-524
[    0.679509] hid: raw HID events driver (C) Jiri Kosina
[    0.679560] usbcore: registered new interface driver usbhid
[    0.679566] usbhid: USB HID core driver
[    0.679638] drop_monitor: Initializing network drop monitor service
[    0.679775] Initializing XFRM netlink socket
[    0.679835] NET: Registered PF_INET6 protocol family
[    0.685131] Segment Routing with IPv6
[    0.685148] In-situ OAM (IOAM) with IPv6
[    0.685182] NET: Registered PF_PACKET protocol family
[    0.685256] mpls_gso: MPLS GSO support
[    0.685336] secvar-sysfs: Failed to retrieve secvar operations
[    0.685369] Running MSI bitmap self-tests ...
[    0.689343] registered taskstats version 1
[    0.690949] Loading compiled-in X.509 certificates
[    0.692018] Loaded X.509 cert 'Red Hat Enterprise Linux kernel signing key: ab318af6032852cb38dc9238a7d971c366ef8b0b'
[    0.692936] Loaded X.509 cert 'Red Hat Enterprise Linux Driver Update Program (key 3): bf57f3e87362bc7229d9f465321773dfd1f77a80'
[    0.693431] Loaded X.509 cert 'Red Hat Enterprise Linux kpatch signing key: 4d38fd864ebe18c5f0b72e3852e2014c3a676fc8'
[    0.693460] Loaded X.509 cert 'Nvidia GPU OOT signing 001: 55e1cef88193e60419f0b0ec379c49f77545acf0'
[    0.693486] Loaded X.509 cert 'NVIDIA Jetson SoC OOT signing 001: 7e60d156a289e05b18f70ac4a2d8296c5c8ab797'
[    0.693514] Loaded X.509 cert 'NVIDIA Bluefield DPU OOT signing 001: e251cec14b15b5d4c0e452770ca269261ea466bc'
[    0.693781] Loaded X.509 cert 'Red Hat Secure Boot CA 7: c442130fde4c50fa1686bbf0692e3ebc64f5db3e'
[    0.694046] Loaded X.509 cert 'RH-IMA-CA: Red Hat IMA CA: fb31825dd0e073685b264e3038963673f753959a'
[    0.699985] Demotion targets for Node 0: null
[    0.699998] page_owner is disabled
[    0.700279] Key type .fscrypt registered
[    0.700285] Key type fscrypt-provisioning registered
[    0.700403] Key type big_key registered
[    0.722598] Key type encrypted registered
[    0.722652] Secure boot mode disabled
[    0.722659] ima: No TPM chip found, activating TPM-bypass!
[    0.722668] Loading compiled-in module X.509 certificates
[    0.723169] Loaded X.509 cert 'Red Hat Enterprise Linux kernel signing key: ab318af6032852cb38dc9238a7d971c366ef8b0b'
[    0.723179] ima: Allocated hash algorithm: sha256
[    0.723219] Secure boot mode disabled
[    0.723243] Trusted boot mode disabled
[    0.723248] ima: No architecture policies found
[    0.723283] evm: Initialising EVM extended attributes:
[    0.723288] evm: security.selinux
[    0.723293] evm: security.SMACK64 (disabled)
[    0.723298] evm: security.SMACK64EXEC (disabled)
[    0.723304] evm: security.SMACK64TRANSMUTE (disabled)
[    0.723309] evm: security.SMACK64MMAP (disabled)
[    0.723314] evm: security.apparmor (disabled)
[    0.723319] evm: security.ima
[    0.723324] evm: security.capability
[    0.723328] evm: HMAC attrs: 0x1
[    0.723413] alg: No test for 842 (842-nx)
[    0.724652] Running certificate verification RSA selftest
[    0.738286] Loaded X.509 cert 'Certificate verification self-testing key: f58703bb33ce1b73ee02eccdee5b8817518fe3db'
[    0.739391] Running certificate verification ECDSA selftest
[    0.755422] Loaded X.509 cert 'Certificate verification ECDSA self-testing key: 2900bcea1deb7bc8479a84a23d758efdfdd2b2d3'
[    0.758454] SED: plpks not available
[    0.764413] clk: Disabling unused clocks
[    0.764424] PM: genpd: Disabling unused power domains
[    0.780719] Freeing unused kernel image (initmem) memory: 8256K
[    0.794104] Checked W+X mappings: passed, no W+X pages found
[    0.794139] Run /init as init process
[    0.794145]   with arguments:
[    0.794148]     /init
[    0.794151]   with environment:
[    0.794153]     HOME=/
[    0.794155]     TERM=linux
[    0.794158]     BOOT_IMAGE=(ieee1275//vdevice/v-scsi@30000066/disk@8100000000000000,gpt2)/vmlinuz-6.12.0-211.7.1.el10_2.ppc64le
[    0.794161]     biosdevname=0
[    0.806982] systemd[1]: Successfully made /usr/ read-only.
[    0.807434] systemd[1]: systemd 257-23.el10-g16ad0d1 running in system mode (+PAM +AUDIT +SELINUX -APPARMOR +IMA +IPE +SMACK +SECCOMP -GCRYPT -GNUTLS +OPENSSL +ACL +BLKID +CURL +ELFUTILS +FIDO2 +IDN2 -IDN -IPTC +KMOD +LIBCRYPTSETUP +LIBCRYPTSETUP_PLUGINS +LIBFDISK +PCRE2 +PWQUALITY +P11KIT -QRENCODE +TPM2 +BZIP2 +LZ4 +XZ +ZLIB +ZSTD +BPF_FRAMEWORK -BTF +XKBCOMMON +UTMP +SYSVINIT +LIBARCHIVE)
[    0.807459] systemd[1]: Detected virtualization powervm.
[    0.807471] systemd[1]: Detected architecture ppc64-le.
[    0.807480] systemd[1]: Running in initrd.
[    0.807964] systemd[1]: Hostname set to <ltczz345-lp2.ltc.tadn.ibm.com>.
[    1.152919] systemd[1]: bpf-restrict-fs: LSM BPF program attached
[    1.244751] systemd[1]: Queued start job for default target initrd.target.
[    1.368647] systemd[1]: Created slice system-modprobe.slice - Slice /system/modprobe.
[    1.368971] systemd[1]: Expecting device dev-mapper-rhel_ltczz345\x2d\x2dlp2\x2droot.device - /dev/mapper/rhel_ltczz345--lp2-root...
[    1.369186] systemd[1]: Reached target initrd-usr-fs.target - Initrd /usr File System.
[    1.369402] systemd[1]: Reached target slices.target - Slice Units.
[    1.369595] systemd[1]: Reached target swap.target - Swaps.
[    1.369786] systemd[1]: Reached target timers.target - Timer Units.
[    1.370078] systemd[1]: Listening on dbus.socket - D-Bus System Message Bus Socket.
[    1.370314] systemd[1]: Listening on iscsid.socket - Open-iSCSI iscsid Socket.
[    1.370557] systemd[1]: Listening on iscsiuio.socket - Open-iSCSI iscsiuio Socket.
[    1.370887] systemd[1]: Listening on systemd-journald-dev-log.socket - Journal Socket (/dev/log).
[    1.371213] systemd[1]: Listening on systemd-journald.socket - Journal Sockets.
[    1.371521] systemd[1]: Listening on systemd-udevd-control.socket - udev Control Socket.
[    1.371783] systemd[1]: Listening on systemd-udevd-kernel.socket - udev Kernel Socket.
[    1.371978] systemd[1]: Reached target sockets.target - Socket Units.
[    1.373826] systemd[1]: Starting kmod-static-nodes.service - Create List of Static Device Nodes...
[    1.374089] systemd[1]: memstrack.service - Memstrack Anylazing Service was skipped because no trigger condition checks were met.
[    1.375500] systemd[1]: Starting modprobe@dm_multipath.service - Load Kernel Module dm_multipath...
[    1.375743] systemd[1]: multipathd-configure.service - Device-Mapper Multipath Default Configuration was skipped because of an unmet condition check (ConditionKernelCommandLine=rd.multipath=default).
[    1.378574] systemd[1]: Starting systemd-journald.service - Journal Service...
[    1.380571] systemd[1]: Starting systemd-modules-load.service - Load Kernel Modules...
[    1.382305] systemd[1]: Starting systemd-vconsole-setup.service - Virtual Console Setup...
[    1.383907] systemd[1]: Finished kmod-static-nodes.service - Create List of Static Device Nodes.
[    1.385971] systemd[1]: Starting systemd-tmpfiles-setup-dev-early.service - Create Static Device Nodes in /dev gracefully...
[    1.390862] systemd[1]: Finished systemd-modules-load.service - Load Kernel Modules.
[    1.392836] systemd[1]: Starting systemd-sysctl.service - Apply Kernel Variables...
[    1.420892] systemd[1]: Finished systemd-sysctl.service - Apply Kernel Variables.
[    1.425655] device-mapper: core: CONFIG_IMA_DISABLE_HTABLE is disabled. Duplicate IMA measurements will not be recorded in the IMA log.
[    1.425720] device-mapper: uevent: version 1.0.3
[    1.425813] systemd-journald[346]: Collecting audit messages is disabled.
[    1.425973] device-mapper: ioctl: 4.50.0-ioctl (2025-04-28) initialised: dm-devel@lists.linux.dev
[    1.438626] systemd[1]: modprobe@dm_multipath.service: Deactivated successfully.
[    1.439122] systemd[1]: Finished modprobe@dm_multipath.service - Load Kernel Module dm_multipath.
[    1.440171] systemd[1]: Finished systemd-tmpfiles-setup-dev-early.service - Create Static Device Nodes in /dev gracefully.
[    1.440685] systemd[1]: multipathd.service - Device-Mapper Multipath Device Controller was skipped because of an unmet condition check (ConditionPathExists=/etc/multipath.conf).
[    1.442830] systemd[1]: Starting systemd-sysusers.service - Create System Users...
[    1.445609] systemd[1]: Started systemd-journald.service - Journal Service.
[    1.645950] Loading iSCSI transport class v2.0-870.
[    1.678818] iscsi: registered transport (tcp)
[    1.707870] libcxgbi:libcxgbi_init_module: Chelsio iSCSI driver library libcxgbi v0.9.1-ko (Apr. 2015)
[    1.869781] Chelsio T4-T6 iSCSI Driver cxgb4i v0.9.5-ko (Apr. 2015)
[    1.869820] iscsi: registered transport (cxgb4i)
[    1.892157] Warning: Unmaintained driver is detected: cnic
[    1.898746] Warning: Unmaintained driver is detected: cnic_init
[    1.898758] cnic: QLogic cnicDriver v2.5.22 (July 20, 2015)
[    1.908158] Warning: Unmaintained driver is detected: bnx2i
[    1.915859] Warning: Unmaintained driver is detected: bnx2i_mod_init
[    1.915869] QLogic NetXtreme II iSCSI Driver bnx2i v2.7.10.1 (Jul 16, 2014)
[    1.915904] iscsi: registered transport (bnx2i)
[    1.955587] iscsi: registered transport (be2iscsi)
[    1.955599] In beiscsi_module_init, tt=000000006ac6099f
[    2.300540] RPC: Registered named UNIX socket transport module.
[    2.300555] RPC: Registered udp transport module.
[    2.300561] RPC: Registered tcp transport module.
[    2.300567] RPC: Registered tcp-with-tls transport module.
[    2.300573] RPC: Registered tcp NFSv4.1 backchannel transport module.
[    3.615507] ibmveth: IBM Power Virtual Ethernet Driver 1.06
[    3.619832] ibmveth 30000004 en0: renamed from eth0
[    3.621392] ibmvscsi 30000066: SRP_VERSION: 16.a
[    3.621537] ibmvscsi 30000066: Maximum ID: 64 Maximum LUN: 32 Maximum Channel: 3
[    3.621544] scsi host0: IBM POWER Virtual SCSI Adapter 1.5.9
[    3.621980] ibmvscsi 30000066: partner initialization complete
[    3.622024] ibmvscsi 30000066: host srp version: 16.a, host partition ltczz345-vios1 (100), OS 3, max io 262144
[    3.622082] ibmvscsi 30000066: Client reserve enabled
[    3.622089] ibmvscsi 30000066: sent SRP login
[    3.622125] ibmvscsi 30000066: SRP_LOGIN succeeded
[    3.624699] Key type psk registered
[    3.636484] scsi 0:0:1:0: Direct-Access     AIX      VDASD            0001 PQ: 0 ANSI: 3
[    3.642829] 8021q: 802.1Q VLAN Support v1.8
[    3.675651] sd 0:0:1:0: [sda] 91750400 4096-byte logical blocks: (376 GB/350 GiB)
[    3.675719] sd 0:0:1:0: [sda] Write Protect is off
[    3.675726] sd 0:0:1:0: [sda] Mode Sense: 17 00 00 08
[    3.675788] sd 0:0:1:0: [sda] Cache data unavailable
[    3.675794] sd 0:0:1:0: [sda] Assuming drive cache: write through
[    4.152821] mlx5_core 0018:01:00.0: enabling device (0140 -> 0142)
[    4.153338] mlx5_core 0018:01:00.0: ibm,query-pe-dma-windows(53) 10000 8000000 20000018 returned 0, lb=1000000 ps=3 wn=1
[    4.166364] mlx5_core 0018:01:00.0: ibm,create-pe-dma-window(54) 10000 8000000 20000018 10 23 returned 0 (liobn = 0x70000018 starting addr = 8000000 0)
[    4.217255] mlx5_core 0018:01:00.0: lsa_required: 0, lsa_enabled: 0, direct mapping: 1
[    4.217281] mlx5_core 0018:01:00.0: lsa_required: 0, lsa_enabled: 0, direct mapping: 1
[    4.217898] mlx5_core 0018:01:00.0: firmware version: 16.35.3006
[    4.218043] mlx5_core 0018:01:00.0: 0.000 Gb/s available PCIe bandwidth (Unknown x16 link)
[    4.246772]  sda: sda1 sda2 sda3
[    4.247000] sd 0:0:1:0: [sda] Attached SCSI disk
[    4.615089] mlx5_core 0018:01:00.0: Rate limit: 127 rates are supported, range: 0Mbps to 97656Mbps
[    4.615247] mlx5_core 0018:01:00.0: E-Switch: Total vports 62, per vport: max uc(128) max mc(2048)
[    4.615539] mlx5_core 0018:01:00.0: Flow counters bulk query buffer size increased, bulk_query_len(8)
[    4.637204] mlx5_core 0018:01:00.0: Port module event: module 0, Cable plugged
[    4.637474] mlx5_core 0018:01:00.0: mlx5_pcie_event:322:(pid 13): PCIe slot power capability was not advertised.
[    4.843950] mlx5_core 0018:01:00.0: MLX5E: StrdRq(1) RqSz(8) StrdSz(2048) RxCqeCmprss(0 basic)
[    4.854006] mlx5_core 0018:01:00.1: enabling device (0140 -> 0142)
[    4.854385] mlx5_core 0018:01:00.1: lsa_required: 0, lsa_enabled: 0, direct mapping: 1
[    4.854397] mlx5_core 0018:01:00.1: lsa_required: 0, lsa_enabled: 0, direct mapping: 1
[    4.854968] mlx5_core 0018:01:00.1: firmware version: 16.35.3006
[    4.855112] mlx5_core 0018:01:00.1: 0.000 Gb/s available PCIe bandwidth (Unknown x16 link)
[    5.278974] mlx5_core 0018:01:00.1: Rate limit: 127 rates are supported, range: 0Mbps to 97656Mbps
[    5.279118] mlx5_core 0018:01:00.1: E-Switch: Total vports 62, per vport: max uc(128) max mc(2048)
[    5.279420] mlx5_core 0018:01:00.1: Flow counters bulk query buffer size increased, bulk_query_len(8)
[    5.301562] mlx5_core 0018:01:00.1: Port module event: module 1, Cable plugged
[    5.301838] mlx5_core 0018:01:00.1: mlx5_pcie_event:322:(pid 13): PCIe slot power capability was not advertised.
[    5.505644] mlx5_core 0018:01:00.1: MLX5E: StrdRq(1) RqSz(8) StrdSz(2048) RxCqeCmprss(0 basic)
[    5.515870] mlx5_core 0018:01:00.1 enP24p1s0f1np1: renamed from eth1
[    5.516292] mlx5_core 0018:01:00.0 enP24p1s0f0np0: renamed from eth0
[    6.983516] SGI XFS with ACLs, security attributes, scrub, quota, no debug enabled
[    6.986859] XFS (dm-0): Mounting V5 Filesystem 987a5ee1-e541-4ec3-ad5b-f6f5b734d55b
[    7.001086] XFS (dm-0): Ending clean mount
[    7.574805] systemd-journald[346]: Received SIGTERM from PID 1 (systemd).
[    7.645200] audit: type=1404 audit(1780412249.450:2): enforcing=1 old_enforcing=0 auid=4294967295 ses=4294967295 enabled=1 old-enabled=1 lsm=selinux res=1
[    7.882213] SELinux:  policy capability network_peer_controls=1
[    7.882221] SELinux:  policy capability open_perms=1
[    7.882224] SELinux:  policy capability extended_socket_class=1
[    7.882227] SELinux:  policy capability always_check_network=0
[    7.882229] SELinux:  policy capability cgroup_seclabel=1
[    7.882232] SELinux:  policy capability nnp_nosuid_transition=1
[    7.882234] SELinux:  policy capability genfs_seclabel_symlinks=1
[    7.882236] SELinux:  policy capability ioctl_skip_cloexec=0
[    7.882239] SELinux:  policy capability userspace_initial_context=0
[    8.037327] audit: type=1403 audit(1780412249.850:3): auid=4294967295 ses=4294967295 lsm=selinux res=1
[    8.038544] systemd[1]: Successfully loaded SELinux policy in 393.738ms.
[    8.084897] systemd[1]: Relabeled /dev/, /dev/shm/, /run/ in 27.811ms.
[    8.088894] systemd[1]: systemd 257-23.el10-g16ad0d1 running in system mode (+PAM +AUDIT +SELINUX -APPARMOR +IMA +IPE +SMACK +SECCOMP -GCRYPT -GNUTLS +OPENSSL +ACL +BLKID +CURL +ELFUTILS +FIDO2 +IDN2 -IDN -IPTC +KMOD +LIBCRYPTSETUP +LIBCRYPTSETUP_PLUGINS +LIBFDISK +PCRE2 +PWQUALITY +P11KIT -QRENCODE +TPM2 +BZIP2 +LZ4 +XZ +ZLIB +ZSTD +BPF_FRAMEWORK -BTF +XKBCOMMON +UTMP +SYSVINIT +LIBARCHIVE)
[    8.088904] systemd[1]: Detected virtualization powervm.
[    8.088913] systemd[1]: Detected architecture ppc64-le.
[    8.373254] systemd[1]: bpf-restrict-fs: LSM BPF program attached
[    8.393948] systemd-rc-local-generator[1034]: /etc/rc.d/rc.local is not marked executable, skipping.
[    8.415328] NET: Registered PF_VSOCK protocol family
[    8.819484] systemd[1]: initrd-switch-root.service: Deactivated successfully.
[    8.819842] systemd[1]: Stopped initrd-switch-root.service - Switch Root.
[    8.821397] systemd[1]: systemd-journald.service: Scheduled restart job, restart counter is at 1.
[    8.823209] systemd[1]: Created slice system-getty.slice - Slice /system/getty.
[    8.824331] systemd[1]: Created slice system-serial\x2dgetty.slice - Slice /system/serial-getty.
[    8.825618] systemd[1]: Created slice system-sshd\x2dkeygen.slice - Slice /system/sshd-keygen.
[    8.826760] systemd[1]: Created slice user.slice - User and Session Slice.
[    8.826864] systemd[1]: systemd-ask-password-console.path - Dispatch Password Requests to Console Directory Watch was skipped because of an unmet condition check (ConditionPathExists=!/run/plymouth/pid).
[    8.827040] systemd[1]: Started systemd-ask-password-wall.path - Forward Password Requests to Wall Directory Watch.
[    8.827663] systemd[1]: Set up automount proc-sys-fs-binfmt_misc.automount - Arbitrary Executable File Formats File System Automount Point.
[    8.827731] systemd[1]: Expecting device dev-disk-by\x2duuid-7250dfdf\x2d96c2\x2d4303\x2db967\x2dd0421d2480fc.device - /dev/disk/by-uuid/7250dfdf-96c2-4303-b967-d0421d2480fc...
[    8.827817] systemd[1]: Expecting device dev-disk-by\x2duuid-e3c4770c\x2d44d5\x2d451d\x2d953c\x2d2a0e026b3af9.device - /dev/disk/by-uuid/e3c4770c-44d5-451d-953c-2a0e026b3af9...
[    8.827871] systemd[1]: Expecting device dev-hvc0.device - /dev/hvc0...
[    8.827941] systemd[1]: Reached target cryptsetup.target - Local Encrypted Volumes.
[    8.828031] systemd[1]: Stopped target initrd-switch-root.target - Switch Root.
[    8.828103] systemd[1]: Stopped target initrd-fs.target - Initrd File Systems.
[    8.828173] systemd[1]: Stopped target initrd-root-fs.target - Initrd Root File System.
[    8.828250] systemd[1]: Reached target integritysetup.target - Local Integrity Protected Volumes.
[    8.828364] systemd[1]: Reached target paths.target - Path Units.
[    8.828455] systemd[1]: Reached target rpc_pipefs.target.
[    8.828524] systemd[1]: Reached target slices.target - Slice Units.
[    8.828641] systemd[1]: Reached target veritysetup.target - Local Verity Protected Volumes.
[    8.829261] systemd[1]: Listening on dm-event.socket - Device-mapper event daemon FIFOs.
[    8.830513] systemd[1]: Listening on lvm2-lvmpolld.socket - LVM2 poll daemon socket.
[    8.832942] systemd[1]: Listening on systemd-coredump.socket - Process Core Dump Socket.
[    8.834428] systemd[1]: Listening on systemd-creds.socket - Credential Encryption/Decryption.
[    8.834666] systemd[1]: Listening on systemd-initctl.socket - initctl Compatibility Named Pipe.
[    8.835798] systemd[1]: Listening on systemd-udevd-control.socket - udev Control Socket.
[    8.836289] systemd[1]: Listening on systemd-udevd-kernel.socket - udev Kernel Socket.
[    8.837084] systemd[1]: Listening on systemd-userdbd.socket - User Database Manager Socket.
[    8.839262] systemd[1]: Activating swap dev-disk-by\x2duuid-1810005d\x2d4c70\x2d4d02\x2d83f7\x2d7ff2b241a040.swap - /dev/disk/by-uuid/1810005d-4c70-4d02-83f7-7ff2b241a040...
[    8.841203] systemd[1]: Mounting dev-hugepages.mount - Huge Pages File System...
[    8.843175] systemd[1]: Mounting dev-mqueue.mount - POSIX Message Queue File System...
[    8.845318] systemd[1]: Mounting sys-kernel-debug.mount - Kernel Debug File System...
[    8.847342] systemd[1]: Mounting sys-kernel-tracing.mount - Kernel Trace File System...
[    8.847504] systemd[1]: auth-rpcgss-module.service - Kernel Module supporting RPCSEC_GSS was skipped because of an unmet condition check (ConditionPathExists=/etc/krb5.keytab).
[    8.847619] systemd[1]: fips-crypto-policy-overlay.service - Bind-mount FIPS crypto-policy in FIPS mode was skipped because of an unmet condition check (ConditionKernelCommandLine=fips=1).
[    8.848164] systemd[1]: iscsi-starter.service was skipped because of an unmet condition check (ConditionDirectoryNotEmpty=/var/lib/iscsi/nodes).
[    8.850433] systemd[1]: Starting kmod-static-nodes.service - Create List of Static Device Nodes...
[    8.852302] systemd[1]: Starting lvm2-monitor.service - Monitoring of LVM2 mirrors, snapshots etc. using dmeventd or progress polling...
[    8.853369] Adding 16744384k swap on /dev/mapper/rhel_ltczz345--lp2-swap.  Priority:-2 extents:1 across:16744384k SS
[    8.854224] systemd[1]: Starting modprobe@configfs.service - Load Kernel Module configfs...
[    8.856023] systemd[1]: Starting modprobe@dm_mod.service - Load Kernel Module dm_mod...
[    8.857960] systemd[1]: Starting modprobe@dm_multipath.service - Load Kernel Module dm_multipath...
[    8.859672] systemd[1]: Starting modprobe@drm.service - Load Kernel Module drm...
[    8.861581] systemd[1]: Starting modprobe@efi_pstore.service - Load Kernel Module efi_pstore...
[    8.863437] systemd[1]: Starting modprobe@fuse.service - Load Kernel Module fuse...
[    8.865404] systemd[1]: Starting modprobe@loop.service - Load Kernel Module loop...
[    8.865593] systemd[1]: plymouth-switch-root.service: Deactivated successfully.
[    8.865748] systemd[1]: Stopped plymouth-switch-root.service - Plymouth switch root service.
[    8.866472] systemd[1]: systemd-fsck-root.service: Deactivated successfully.
[    8.866621] systemd[1]: Stopped systemd-fsck-root.service - File System Check on Root Device.
[    8.866835] systemd[1]: systemd-hibernate-clear.service - Clear Stale Hibernate Storage Info was skipped because of an unmet condition check (ConditionPathExists=/sys/firmware/efi/efivars/HibernateLocation-8cf2644b-4b0b-428f-9387-6d876050dc67).
[    8.871507] systemd[1]: Starting systemd-journald.service - Journal Service...
[    8.874375] systemd[1]: Starting systemd-modules-load.service - Load Kernel Modules...
[    8.876325] systemd[1]: Starting systemd-network-generator.service - Generate network units from Kernel command line...
[    8.878501] systemd[1]: Starting systemd-remount-fs.service - Remount Root and Kernel File Systems...
[    8.881491] systemd[1]: Starting systemd-udev-load-credentials.service - Load udev Rules from Credentials...
[    8.884079] systemd[1]: Starting systemd-udev-trigger.service - Coldplug All udev Devices...
[    8.885598] loop: module loaded
[    8.898358] systemd[1]: Activated swap dev-disk-by\x2duuid-1810005d\x2d4c70\x2d4d02\x2d83f7\x2d7ff2b241a040.swap - /dev/disk/by-uuid/1810005d-4c70-4d02-83f7-7ff2b241a040.
[    8.904141] systemd[1]: Mounted dev-hugepages.mount - Huge Pages File System.
[    8.904369] systemd[1]: Mounted dev-mqueue.mount - POSIX Message Queue File System.
[    8.904592] systemd[1]: Mounted sys-kernel-debug.mount - Kernel Debug File System.
[    8.904808] systemd[1]: Mounted sys-kernel-tracing.mount - Kernel Trace File System.
[    8.905411] systemd[1]: Finished kmod-static-nodes.service - Create List of Static Device Nodes.
[    8.905951] systemd[1]: modprobe@configfs.service: Deactivated successfully.
[    8.906337] systemd[1]: Finished modprobe@configfs.service - Load Kernel Module configfs.
[    8.906892] systemd[1]: modprobe@dm_mod.service: Deactivated successfully.
[    8.907233] systemd[1]: Finished modprobe@dm_mod.service - Load Kernel Module dm_mod.
[    8.907783] systemd[1]: modprobe@dm_multipath.service: Deactivated successfully.
[    8.908136] systemd[1]: Finished modprobe@dm_multipath.service - Load Kernel Module dm_multipath.
[    8.908677] systemd[1]: modprobe@drm.service: Deactivated successfully.
[    8.909018] systemd[1]: Finished modprobe@drm.service - Load Kernel Module drm.
[    8.909554] systemd[1]: modprobe@efi_pstore.service: Deactivated successfully.
[    8.909892] systemd[1]: Finished modprobe@efi_pstore.service - Load Kernel Module efi_pstore.
[    8.910431] systemd[1]: modprobe@loop.service: Deactivated successfully.
[    8.910766] systemd[1]: Finished modprobe@loop.service - Load Kernel Module loop.
[    8.911401] systemd[1]: Finished systemd-modules-load.service - Load Kernel Modules.
[    8.917822] systemd[1]: Finished systemd-network-generator.service - Generate network units from Kernel command line.
[    8.919645] systemd[1]: Finished systemd-remount-fs.service - Remount Root and Kernel File Systems.
[    8.920390] systemd[1]: Reached target swap.target - Swaps.
[    8.920594] systemd[1]: multipathd.service - Device-Mapper Multipath Device Controller was skipped because of an unmet condition check (ConditionPathExists=/etc/multipath.conf).
[    8.920667] systemd[1]: iscsi-onboot.service - Special handling of early boot iSCSI sessions was skipped because of an unmet condition check (ConditionDirectoryNotEmpty=/sys/class/iscsi_session).
[    8.921130] systemd[1]: systemd-hwdb-update.service - Rebuild Hardware Database was skipped because of an unmet condition check (ConditionNeedsUpdate=/etc).
[    8.921252] systemd[1]: systemd-pstore.service - Platform Persistent Storage Archival was skipped because of an unmet condition check (ConditionDirectoryNotEmpty=/sys/fs/pstore).
[    8.922901] fuse: init (API version 7.41)
[    8.924151] systemd[1]: Starting systemd-random-seed.service - Load/Save OS Random Seed...
[    8.924290] systemd[1]: systemd-repart.service - Repartition Root Disk was skipped because no trigger condition checks were met.
[    8.926821] systemd[1]: Starting systemd-sysctl.service - Apply Kernel Variables...
[    8.929354] systemd[1]: Starting systemd-tmpfiles-setup-dev-early.service - Create Static Device Nodes in /dev gracefully...
[    8.930461] systemd[1]: modprobe@fuse.service: Deactivated successfully.
[    8.930967] systemd[1]: Finished modprobe@fuse.service - Load Kernel Module fuse.
[    8.932013] systemd[1]: Finished systemd-udev-load-credentials.service - Load udev Rules from Credentials.
[    8.935412] systemd[1]: Finished systemd-random-seed.service - Load/Save OS Random Seed.
[    8.949233] systemd[1]: Finished systemd-sysctl.service - Apply Kernel Variables.
[    8.952554] systemd-journald[1075]: Collecting audit messages is disabled.
[    8.960227] systemd[1]: Started systemd-journald.service - Journal Service.
[    8.988837] systemd-journald[1075]: Received client request to flush runtime journal.
[   10.128273] sd 0:0:1:0: Attached scsi generic sg0 type 0
[   10.269083] MACsec IEEE 802.1AE
[   10.352972] pseries_rng: Registering IBM pSeries RNG driver
[   10.649538] XFS (sda2): Mounting V5 Filesystem 7250dfdf-96c2-4303-b967-d0421d2480fc
[   10.658415] XFS (sda2): Ending clean mount
[   10.685781] XFS (dm-2): Mounting V5 Filesystem e3c4770c-44d5-451d-953c-2a0e026b3af9
[   10.699786] XFS (dm-2): Ending clean mount
[   13.088417] mlx5_core 0018:01:00.0 enP24p1s0f0np0: Link up
[   13.091174] 8021q: adding VLAN 0 to HW filter on device enP24p1s0f0np0
[   13.113759] mlx5_core 0018:01:00.0 mlx5_0: Port: 1 Link ACTIVE
[   13.309048] mlx5_core 0018:01:00.1 enP24p1s0f1np1: Link up
[   13.311302] 8021q: adding VLAN 0 to HW filter on device enP24p1s0f1np1
[   13.332960] mlx5_core 0018:01:00.1 mlx5_1: Port: 1 Link ACTIVE
[   14.850786] block dm-0: the capability attribute has been deprecated.
[ 5309.640937] en0: Budget exhausted after napi rescheduled
[268047.875409] mlx5_core 0018:01:00.0: E-Switch: Enable: mode(LEGACY), nvfs(4), necvfs(0), active vports(5)
[268047.878739] mlx5_core 0018:01:00.0: failure -22 from pcibios_sriov_enable()
[268048.956408] mlx5_core 0018:01:00.0: mlx5_sriov_enable:195:(pid 290068): pci_enable_sriov failed : -22
[268048.956974] mlx5_core 0018:01:00.0: E-Switch: Unload vfs: mode(LEGACY), nvfs(4), necvfs(0), active vports(5)
[268049.026120] mlx5_core 0018:01:00.0: E-Switch: Disable: mode(LEGACY), nvfs(4), necvfs(0), active vports(1)
[605109.517611] systemd-rc-local-generator[642037]: /etc/rc.d/rc.local is not marked executable, skipping.
[1295126.506148] systemd-rc-local-generator[1369700]: /etc/rc.d/rc.local is not marked executable, skipping.
