UID          PID    PPID     LWP  C NLWP STIME CPU     TIME CMD
root           1       0       1  0    1 Jun02   * 00:01:19 /usr/lib/systemd/systemd --switched-root --system --deserialize=43
root           2       0       2  0    1 Jun02   * 00:00:00 [kthreadd]
root           3       2       3  0    1 Jun02   * 00:00:00 [pool_workqueue_release]
root           4       2       4  0    1 Jun02   * 00:00:00 [kworker/R-rcu_gp]
root           5       2       5  0    1 Jun02   * 00:00:00 [kworker/R-sync_wq]
root           6       2       6  0    1 Jun02   * 00:00:00 [kworker/R-kvfree_rcu_reclaim]
root           7       2       7  0    1 Jun02   * 00:00:00 [kworker/R-slub_flushwq]
root           8       2       8  0    1 Jun02   * 00:00:00 [kworker/R-netns]
root          11       2      11  0    1 Jun02   * 00:00:00 [kworker/0:0H-events_highpri]
root          14       2      14  0    1 Jun02   * 00:00:00 [kworker/R-mm_percpu_wq]
root          15       2      15  0    1 Jun02   * 00:00:01 [ksoftirqd/0]
root          16       2      16  0    1 Jun02   * 00:07:12 [rcu_sched]
root          17       2      17  0    1 Jun02   * 00:00:00 [rcu_exp_par_gp_kthread_worker/1]
root          18       2      18  0    1 Jun02   * 00:00:00 [rcu_exp_gp_kthread_worker]
root          19       2      19  0    1 Jun02   * 00:00:03 [migration/0]
root          20       2      20  0    1 Jun02   * 00:00:00 [cpuhp/0]
root          21       2      21  0    1 Jun02   * 00:00:00 [cpuhp/1]
root          22       2      22  0    1 Jun02   * 00:00:03 [migration/1]
root          23       2      23  0    1 Jun02   * 00:00:00 [ksoftirqd/1]
root          25       2      25  0    1 Jun02   * 00:00:00 [kworker/1:0H-events_highpri]
root          26       2      26  0    1 Jun02   * 00:00:00 [cpuhp/2]
root          27       2      27  0    1 Jun02   * 00:00:03 [migration/2]
root          28       2      28  0    1 Jun02   * 00:00:00 [ksoftirqd/2]
root          30       2      30  0    1 Jun02   * 00:00:00 [kworker/2:0H-events_highpri]
root          31       2      31  0    1 Jun02   * 00:00:00 [cpuhp/3]
root          32       2      32  0    1 Jun02   * 00:00:03 [migration/3]
root          33       2      33  0    1 Jun02   * 00:00:00 [ksoftirqd/3]
root          35       2      35  0    1 Jun02   * 00:00:00 [kworker/3:0H-events_highpri]
root          36       2      36  0    1 Jun02   * 00:00:00 [cpuhp/4]
root          37       2      37  0    1 Jun02   * 00:00:03 [migration/4]
root          38       2      38  0    1 Jun02   * 00:00:00 [ksoftirqd/4]
root          40       2      40  0    1 Jun02   * 00:00:00 [kworker/4:0H-events_highpri]
root          41       2      41  0    1 Jun02   * 00:00:00 [cpuhp/5]
root          42       2      42  0    1 Jun02   * 00:00:03 [migration/5]
root          43       2      43  0    1 Jun02   * 00:00:00 [ksoftirqd/5]
root          45       2      45  0    1 Jun02   * 00:00:00 [kworker/5:0H-events_highpri]
root          46       2      46  0    1 Jun02   * 00:00:00 [cpuhp/6]
root          47       2      47  0    1 Jun02   * 00:00:03 [migration/6]
root          48       2      48  0    1 Jun02   * 00:00:00 [ksoftirqd/6]
root          50       2      50  0    1 Jun02   * 00:00:00 [kworker/6:0H-events_highpri]
root          51       2      51  0    1 Jun02   * 00:00:00 [cpuhp/7]
root          52       2      52  0    1 Jun02   * 00:00:03 [migration/7]
root          53       2      53  0    1 Jun02   * 00:00:00 [ksoftirqd/7]
root          55       2      55  0    1 Jun02   * 00:00:00 [kworker/7:0H-events_highpri]
root          56       2      56  0    1 Jun02   * 00:00:00 [cpuhp/8]
root          57       2      57  0    1 Jun02   * 00:00:03 [migration/8]
root          58       2      58  0    1 Jun02   * 00:00:00 [ksoftirqd/8]
root          60       2      60  0    1 Jun02   * 00:00:00 [kworker/8:0H-events_highpri]
root          61       2      61  0    1 Jun02   * 00:00:00 [cpuhp/9]
root          62       2      62  0    1 Jun02   * 00:00:03 [migration/9]
root          63       2      63  0    1 Jun02   * 00:00:00 [ksoftirqd/9]
root          65       2      65  0    1 Jun02   * 00:00:00 [kworker/9:0H-events_highpri]
root          66       2      66  0    1 Jun02   * 00:00:00 [cpuhp/10]
root          67       2      67  0    1 Jun02   * 00:00:03 [migration/10]
root          68       2      68  0    1 Jun02   * 00:00:00 [ksoftirqd/10]
root          70       2      70  0    1 Jun02   * 00:00:00 [kworker/10:0H-events_highpri]
root          71       2      71  0    1 Jun02   * 00:00:00 [cpuhp/11]
root          72       2      72  0    1 Jun02   * 00:00:03 [migration/11]
root          73       2      73  0    1 Jun02   * 00:00:00 [ksoftirqd/11]
root          75       2      75  0    1 Jun02   * 00:00:00 [kworker/11:0H-events_highpri]
root          76       2      76  0    1 Jun02   * 00:00:00 [cpuhp/12]
root          77       2      77  0    1 Jun02   * 00:00:03 [migration/12]
root          78       2      78  0    1 Jun02   * 00:00:00 [ksoftirqd/12]
root          80       2      80  0    1 Jun02   * 00:00:00 [kworker/12:0H-events_highpri]
root          81       2      81  0    1 Jun02   * 00:00:00 [cpuhp/13]
root          82       2      82  0    1 Jun02   * 00:00:03 [migration/13]
root          83       2      83  0    1 Jun02   * 00:00:00 [ksoftirqd/13]
root          85       2      85  0    1 Jun02   * 00:00:00 [kworker/13:0H-events_highpri]
root          86       2      86  0    1 Jun02   * 00:00:00 [cpuhp/14]
root          87       2      87  0    1 Jun02   * 00:00:03 [migration/14]
root          88       2      88  0    1 Jun02   * 00:00:00 [ksoftirqd/14]
root          90       2      90  0    1 Jun02   * 00:00:00 [kworker/14:0H-events_highpri]
root          91       2      91  0    1 Jun02   * 00:00:00 [cpuhp/15]
root          92       2      92  0    1 Jun02   * 00:00:03 [migration/15]
root          93       2      93  0    1 Jun02   * 00:00:00 [ksoftirqd/15]
root          95       2      95  0    1 Jun02   * 00:00:00 [kworker/15:0H-events_highpri]
root          96       2      96  0    1 Jun02   * 00:00:00 [cpuhp/16]
root          97       2      97  0    1 Jun02   * 00:00:03 [migration/16]
root          98       2      98  0    1 Jun02   * 00:00:00 [ksoftirqd/16]
root         100       2     100  0    1 Jun02   * 00:00:00 [kworker/16:0H-events_highpri]
root         101       2     101  0    1 Jun02   * 00:00:00 [rcu_exp_par_gp_kthread_worker/2]
root         102       2     102  0    1 Jun02   * 00:00:00 [cpuhp/17]
root         103       2     103  0    1 Jun02   * 00:00:03 [migration/17]
root         104       2     104  0    1 Jun02   * 00:00:00 [ksoftirqd/17]
root         106       2     106  0    1 Jun02   * 00:00:00 [kworker/17:0H-events_highpri]
root         107       2     107  0    1 Jun02   * 00:00:00 [cpuhp/18]
root         108       2     108  0    1 Jun02   * 00:00:03 [migration/18]
root         109       2     109  0    1 Jun02   * 00:00:00 [ksoftirqd/18]
root         111       2     111  0    1 Jun02   * 00:00:00 [kworker/18:0H-events_highpri]
root         112       2     112  0    1 Jun02   * 00:00:00 [cpuhp/19]
root         113       2     113  0    1 Jun02   * 00:00:03 [migration/19]
root         114       2     114  0    1 Jun02   * 00:00:00 [ksoftirqd/19]
root         116       2     116  0    1 Jun02   * 00:00:00 [kworker/19:0H-events_highpri]
root         117       2     117  0    1 Jun02   * 00:00:00 [cpuhp/20]
root         118       2     118  0    1 Jun02   * 00:00:03 [migration/20]
root         119       2     119  0    1 Jun02   * 00:00:00 [ksoftirqd/20]
root         121       2     121  0    1 Jun02   * 00:00:00 [kworker/20:0H-events_highpri]
root         122       2     122  0    1 Jun02   * 00:00:00 [cpuhp/21]
root         123       2     123  0    1 Jun02   * 00:00:03 [migration/21]
root         124       2     124  0    1 Jun02   * 00:00:00 [ksoftirqd/21]
root         126       2     126  0    1 Jun02   * 00:00:00 [kworker/21:0H-events_highpri]
root         127       2     127  0    1 Jun02   * 00:00:00 [cpuhp/22]
root         128       2     128  0    1 Jun02   * 00:00:03 [migration/22]
root         129       2     129  0    1 Jun02   * 00:00:00 [ksoftirqd/22]
root         131       2     131  0    1 Jun02   * 00:00:00 [kworker/22:0H-events_highpri]
root         132       2     132  0    1 Jun02   * 00:00:00 [cpuhp/23]
root         133       2     133  0    1 Jun02   * 00:00:03 [migration/23]
root         134       2     134  0    1 Jun02   * 00:00:00 [ksoftirqd/23]
root         136       2     136  0    1 Jun02   * 00:00:00 [kworker/23:0H-events_highpri]
root         140       2     140  0    1 Jun02   * 00:00:00 [kdevtmpfs]
root         141       2     141  0    1 Jun02   * 00:00:00 [kworker/R-inet_frag_wq]
root         142       2     142  0    1 Jun02   * 00:00:00 [rcu_tasks_rude_kthread]
root         143       2     143  0    1 Jun02   * 00:00:00 [rcu_tasks_trace_kthread]
root         144       2     144  0    1 Jun02   * 00:00:00 [kauditd]
root         145       2     145  0    1 Jun02   * 00:00:00 [eehd]
root         146       2     146  0    1 Jun02   * 00:00:00 [khungtaskd]
root         148       2     148  0    1 Jun02   * 00:00:00 [oom_reaper]
root         150       2     150  0    1 Jun02   * 00:00:00 [kworker/R-writeback]
root         151       2     151  0    1 Jun02   * 00:00:18 [kcompactd0]
root         152       2     152  0    1 Jun02   * 00:00:00 [ksmd]
root         153       2     153  0    1 Jun02   * 00:00:00 [khugepaged]
root         154       2     154  0    1 Jun02   * 00:00:00 [kworker/R-cryptd]
root         155       2     155  0    1 Jun02   * 00:00:00 [kworker/R-kblockd]
root         156       2     156  0    1 Jun02   * 00:00:00 [kworker/R-blkcg_punt_bio]
root         157       2     157  0    1 Jun02   * 00:00:00 [kworker/R-kintegrityd]
root         158       2     158  0    1 Jun02   * 00:00:00 [kworker/R-tpm_dev_wq]
root         159       2     159  0    1 Jun02   * 00:00:00 [kworker/R-md]
root         160       2     160  0    1 Jun02   * 00:00:00 [kworker/R-md_bitmap]
root         161       2     161  0    1 Jun02   * 00:00:00 [kworker/R-edac-poller]
root         162       2     162  0    1 Jun02   * 00:00:00 [watchdogd]
root         165       2     165  0    1 Jun02   * 00:00:00 [kworker/2:1H-kblockd]
root         167       2     167  0    1 Jun02   * 00:00:00 [kswapd0]
root         188       2     188  0    1 Jun02   * 00:00:00 [kworker/R-kthrotld]
root         193       2     193  0    1 Jun02   * 00:00:00 [khvcd]
root         195       2     195  0    1 Jun02   * 00:00:00 [kworker/R-kmpath_rdacd]
root         196       2     196  0    1 Jun02   * 00:00:00 [kworker/R-kaluad]
root         198       2     198  0    1 Jun02   * 00:00:00 [kworker/R-mld]
root         199       2     199  0    1 Jun02   * 00:00:00 [kworker/13:1H-xfs-log/dm-0]
root         200       2     200  0    1 Jun02   * 00:00:00 [kworker/R-ipv6_addrconf]
root         206       2     206  0    1 Jun02   * 00:00:00 [kworker/R-kstrp]
root         221       2     221  0    1 Jun02   * 00:00:00 [kworker/u132:0]
root         222       2     222  0    1 Jun02   * 00:00:00 [kworker/u133:0]
root         223       2     223  0    1 Jun02   * 00:00:00 [kworker/u134:0]
root         224       2     224  0    1 Jun02   * 00:00:00 [kworker/u135:0]
root         296       2     296  0    1 Jun02   * 00:00:01 [kworker/0:1H-xfs-log/dm-0]
root         297       2     297  0    1 Jun02   * 00:00:00 [kworker/5:1H-kblockd]
root         299       2     299  0    1 Jun02   * 00:00:00 [kworker/18:1H-xfs-log/dm-0]
root         306       2     306  0    1 Jun02   * 00:00:00 [kworker/6:1H-kblockd]
root         342       2     342  0    1 Jun02   * 00:00:00 [kworker/23:1H-kblockd]
root         345       2     345  0    1 Jun02   * 00:00:00 [kworker/8:1H-kblockd]
root         351       2     351  0    1 Jun02   * 00:00:00 [kworker/16:1H-kblockd]
root         355       2     355  0    1 Jun02   * 00:00:00 [kworker/11:1H-xfs-log/dm-0]
root         360       2     360  0    1 Jun02   * 00:00:00 [kworker/1:1H-kblockd]
root         362       2     362  0    1 Jun02   * 00:00:00 [kworker/12:1H-kblockd]
root         364       2     364  0    1 Jun02   * 00:00:00 [kworker/R-kmpathd]
root         365       2     365  0    1 Jun02   * 00:00:00 [kworker/R-kmpath_handlerd]
root         502       2     502  0    1 Jun02   * 00:00:00 [kworker/R-iscsi_conn_cleanup]
root         506       2     506  0    1 Jun02   * 00:00:00 [kworker/R-tls-strp]
root         509       2     509  0    1 Jun02   * 00:00:00 [kworker/R-cnic_wq]
root         510       2     510  0    1 Jun02   * 00:00:00 [bnx2i_thread/0]
root         511       2     511  0    1 Jun02   * 00:00:00 [bnx2i_thread/1]
root         512       2     512  0    1 Jun02   * 00:00:00 [bnx2i_thread/2]
root         513       2     513  0    1 Jun02   * 00:00:00 [bnx2i_thread/3]
root         514       2     514  0    1 Jun02   * 00:00:00 [bnx2i_thread/4]
root         515       2     515  0    1 Jun02   * 00:00:00 [bnx2i_thread/5]
root         516       2     516  0    1 Jun02   * 00:00:00 [bnx2i_thread/6]
root         517       2     517  0    1 Jun02   * 00:00:00 [bnx2i_thread/7]
root         518       2     518  0    1 Jun02   * 00:00:00 [bnx2i_thread/8]
root         519       2     519  0    1 Jun02   * 00:00:00 [bnx2i_thread/9]
root         520       2     520  0    1 Jun02   * 00:00:00 [bnx2i_thread/10]
root         521       2     521  0    1 Jun02   * 00:00:00 [bnx2i_thread/11]
root         522       2     522  0    1 Jun02   * 00:00:00 [bnx2i_thread/12]
root         523       2     523  0    1 Jun02   * 00:00:00 [bnx2i_thread/13]
root         524       2     524  0    1 Jun02   * 00:00:00 [bnx2i_thread/14]
root         525       2     525  0    1 Jun02   * 00:00:00 [bnx2i_thread/15]
root         526       2     526  0    1 Jun02   * 00:00:00 [bnx2i_thread/16]
root         527       2     527  0    1 Jun02   * 00:00:00 [bnx2i_thread/17]
root         528       2     528  0    1 Jun02   * 00:00:00 [bnx2i_thread/18]
root         529       2     529  0    1 Jun02   * 00:00:00 [bnx2i_thread/19]
root         530       2     530  0    1 Jun02   * 00:00:00 [bnx2i_thread/20]
root         531       2     531  0    1 Jun02   * 00:00:00 [bnx2i_thread/21]
root         532       2     532  0    1 Jun02   * 00:00:00 [bnx2i_thread/22]
root         533       2     533  0    1 Jun02   * 00:00:00 [bnx2i_thread/23]
root         594       2     594  0    1 Jun02   * 00:00:00 [kworker/20:1H-kblockd]
root         602       2     602  0    1 Jun02   * 00:00:00 [kworker/4:1H-kblockd]
root         608       2     608  0    1 Jun02   * 00:00:00 [kworker/21:1H-kblockd]
root         609       2     609  0    1 Jun02   * 00:00:00 [kworker/R-rpciod]
root         610       2     610  0    1 Jun02   * 00:00:00 [kworker/R-xprtiod]
root         642       2     642  0    1 Jun02   * 00:00:00 [kworker/9:1H-kblockd]
root         653       2     653  0    1 Jun02   * 00:00:00 [kworker/22:1H-kblockd]
root         672       2     672  0    1 Jun02   * 00:00:00 [kworker/10:1H-kblockd]
root         673       2     673  0    1 Jun02   * 00:00:00 [kworker/3:1H-kblockd]
root         695       2     695  0    1 Jun02   * 00:00:00 [kworker/17:1H-kblockd]
root         706       2     706  0    1 Jun02   * 00:00:00 [kworker/19:1H-xfs-log/dm-0]
root         712       2     712  0    1 Jun02   * 00:00:00 [kworker/14:1H-kblockd]
root         713       2     713  0    1 Jun02   * 00:00:00 [kworker/7:1H-kblockd]
root         717       2     717  0    1 Jun02   * 00:00:00 [kworker/15:1H-kblockd]
root         746       2     746  0    1 Jun02   * 00:00:00 [scsi_eh_0]
root         747       2     747  0    1 Jun02   * 00:00:00 [kworker/R-scsi_tmf_0]
root         748       2     748  0    1 Jun02   * 00:00:00 [ibmvscsi_0]
root         755       2     755  0    1 Jun02   * 00:00:00 [kworker/R-nvme-wq]
root         756       2     756  0    1 Jun02   * 00:00:00 [kworker/R-nvme-reset-wq]
root         757       2     757  0    1 Jun02   * 00:00:00 [kworker/R-nvme-delete-wq]
root         758       2     758  0    1 Jun02   * 00:00:00 [kworker/R-nvme-auth-wq]
root         765       2     765  0    1 Jun02   * 00:00:00 [kworker/R-mlx5_cmd_0018:01:00.0]
root         766       2     766  0    1 Jun02   * 00:00:00 [kworker/R-mlx5_health0018:01:00.0]
root         767       2     767  0    1 Jun02   * 00:00:00 [kworker/R-mlx5_page_allocator]
root         768       2     768  0    1 Jun02   * 00:00:00 [kworker/R-mlx5_events]
root         771       2     771  0    1 Jun02   * 00:00:00 [kworker/R-nvme_tcp_wq]
root         816       2     816  0    1 Jun02   * 00:00:00 [kworker/R-mlx5_fw_reset_events]
root         817       2     817  0    1 Jun02   * 00:00:00 [ptp0]
root         818       2     818  0    1 Jun02   * 00:00:00 [kworker/R-mlx5_esw_wq]
root         819       2     819  0    1 Jun02   * 00:00:00 [kworker/R-mlx5_vhca_event0]
root         820       2     820  0    1 Jun02   * 00:00:00 [kworker/R-mlx5_vhca_event1]
root         821       2     821  0    1 Jun02   * 00:00:00 [kworker/R-mlx5_vhca_event2]
root         822       2     822  0    1 Jun02   * 00:00:00 [kworker/R-mlx5_vhca_event3]
root         823       2     823  0    1 Jun02   * 00:00:00 [kworker/R-mlx5_vhca_event4]
root         824       2     824  0    1 Jun02   * 00:00:00 [kworker/R-mlx5_vhca_event5]
root         825       2     825  0    1 Jun02   * 00:00:00 [kworker/R-mlx5_vhca_event6]
root         826       2     826  0    1 Jun02   * 00:00:00 [kworker/R-mlx5_vhca_event7]
root         827       2     827  0    1 Jun02   * 00:00:00 [kworker/R-mlx5_fc]
root         828       2     828  0    1 Jun02   * 00:00:00 [kworker/R-mlx5_fw_tracer]
root         829       2     829  0    1 Jun02   * 00:00:00 [kworker/R-mlx5_lag]
root         830       2     830  0    1 Jun02   * 00:00:00 [kworker/R-mlx5_lag_mp]
root         831       2     831  0    1 Jun02   * 00:00:00 [kworker/R-mlx5e]
root         833       2     833  0    1 Jun02   * 00:00:00 [kworker/R-mlx5e_arfs]
root         834       2     834  0    1 Jun02   * 00:00:00 [kworker/R-mlx5_cmd_0018:01:00.1]
root         835       2     835  0    1 Jun02   * 00:00:00 [kworker/R-mlx5_health0018:01:00.1]
root         836       2     836  0    1 Jun02   * 00:00:00 [kworker/R-mlx5_page_allocator]
root         837       2     837  0    1 Jun02   * 00:00:00 [kworker/R-mlx5_events]
root         838       2     838  0    1 Jun02   * 00:00:00 [kworker/R-mlx5_fw_reset_events]
root         839       2     839  0    1 Jun02   * 00:00:00 [ptp1]
root         840       2     840  0    1 Jun02   * 00:00:00 [kworker/R-mlx5_esw_wq]
root         841       2     841  0    1 Jun02   * 00:00:00 [kworker/R-mlx5_vhca_event0]
root         842       2     842  0    1 Jun02   * 00:00:00 [kworker/R-mlx5_vhca_event1]
root         843       2     843  0    1 Jun02   * 00:00:00 [kworker/R-mlx5_vhca_event2]
root         844       2     844  0    1 Jun02   * 00:00:00 [kworker/R-mlx5_vhca_event3]
root         845       2     845  0    1 Jun02   * 00:00:00 [kworker/R-mlx5_vhca_event4]
root         846       2     846  0    1 Jun02   * 00:00:00 [kworker/R-mlx5_vhca_event5]
root         847       2     847  0    1 Jun02   * 00:00:00 [kworker/R-mlx5_vhca_event6]
root         848       2     848  0    1 Jun02   * 00:00:00 [kworker/R-mlx5_vhca_event7]
root         849       2     849  0    1 Jun02   * 00:00:00 [kworker/R-mlx5_fc]
root         850       2     850  0    1 Jun02   * 00:00:00 [kworker/R-mlx5_fw_tracer]
root         851       2     851  0    1 Jun02   * 00:00:00 [kworker/R-mlx5e]
root         852       2     852  0    1 Jun02   * 00:00:00 [kworker/R-mlx5e_arfs]
root         930       2     930  0    1 Jun02   * 00:00:00 [kworker/R-kdmflush/253:0]
root         936       2     936  0    1 Jun02   * 00:00:00 [kworker/R-kdmflush/253:1]
root         966       2     966  0    1 Jun02   * 00:00:00 [kworker/R-xfsalloc]
root         967       2     967  0    1 Jun02   * 00:00:00 [kworker/R-xfs_mru_cache]
root         968       2     968  0    1 Jun02   * 00:00:00 [kworker/R-xfs-buf/dm-0]
root         969       2     969  0    1 Jun02   * 00:00:00 [kworker/R-xfs-conv/dm-0]
root         970       2     970  0    1 Jun02   * 00:00:00 [kworker/R-xfs-reclaim/dm-0]
root         971       2     971  0    1 Jun02   * 00:00:00 [kworker/R-xfs-blockgc/dm-0]
root         972       2     972  0    1 Jun02   * 00:00:00 [kworker/R-xfs-inodegc/dm-0]
root         973       2     973  0    1 Jun02   * 00:00:00 [kworker/R-xfs-log/dm-0]
root         974       2     974  0    1 Jun02   * 00:00:00 [kworker/R-xfs-cil/dm-0]
root         975       2     975  0    1 Jun02   * 00:02:36 [xfsaild/dm-0]
root        1075       1    1075  0    1 Jun02   * 00:00:12 /usr/lib/systemd/systemd-journald
root        1113       1    1113  0    1 Jun02   * 00:00:07 /usr/lib/systemd/systemd-userdbd
root        1123       1    1123  0    1 Jun02   * 00:00:02 /usr/lib/systemd/systemd-udevd
root        1356       2    1356  0    1 Jun02   * 00:00:00 [kworker/R-ib-comp-wq]
root        1357       2    1357  0    1 Jun02   * 00:00:00 [kworker/R-ib-comp-unb-wq]
root        1358       2    1358  0    1 Jun02   * 00:00:00 [kworker/R-ib_mcast]
root        1359       2    1359  0    1 Jun02   * 00:00:00 [kworker/R-ib_nl_sa_wq]
root        1366       2    1366  0    1 Jun02   * 00:00:00 [hwrng]
root        1376       2    1376  0    1 Jun02   * 00:00:00 [kworker/R-ib_mad1]
root        1377       2    1377  0    1 Jun02   * 00:00:00 [kworker/R-mkey_cache]
root        1379       2    1379  0    1 Jun02   * 00:00:00 [kworker/R-ib_mad1]
root        1380       2    1380  0    1 Jun02   * 00:00:00 [kworker/R-mkey_cache]
root        1389       2    1389  0    1 Jun02   * 00:00:00 [kworker/R-xfs-buf/sda2]
root        1390       2    1390  0    1 Jun02   * 00:00:00 [kworker/R-xfs-conv/sda2]
root        1391       2    1391  0    1 Jun02   * 00:00:00 [kworker/R-xfs-reclaim/sda2]
root        1392       2    1392  0    1 Jun02   * 00:00:00 [kworker/R-xfs-blockgc/sda2]
root        1393       2    1393  0    1 Jun02   * 00:00:00 [kworker/R-xfs-inodegc/sda2]
root        1394       2    1394  0    1 Jun02   * 00:00:00 [kworker/R-xfs-log/sda2]
root        1395       2    1395  0    1 Jun02   * 00:00:00 [kworker/R-xfs-cil/sda2]
root        1396       2    1396  0    1 Jun02   * 00:00:00 [xfsaild/sda2]
root        1403       2    1403  0    1 Jun02   * 00:00:00 [kworker/R-kdmflush/253:2]
root        1413       2    1413  0    1 Jun02   * 00:00:00 [kworker/R-xfs-buf/dm-2]
root        1414       2    1414  0    1 Jun02   * 00:00:00 [kworker/R-xfs-conv/dm-2]
root        1415       2    1415  0    1 Jun02   * 00:00:00 [kworker/R-xfs-reclaim/dm-2]
root        1416       2    1416  0    1 Jun02   * 00:00:00 [kworker/R-xfs-blockgc/dm-2]
root        1417       2    1417  0    1 Jun02   * 00:00:00 [kworker/R-xfs-inodegc/dm-2]
root        1418       2    1418  0    1 Jun02   * 00:00:00 [kworker/R-xfs-log/dm-2]
root        1419       2    1419  0    1 Jun02   * 00:00:00 [kworker/R-xfs-cil/dm-2]
root        1420       2    1420  0    1 Jun02   * 00:00:00 [xfsaild/dm-2]
root        1433       1    1433  0    3 Jun02   * 00:00:02 /usr/sbin/auditd
root        1433       1    1434  0    3 Jun02   * 00:00:00 /usr/sbin/auditd
root        1433       1    1436  0    3 Jun02   * 00:00:00 /usr/sbin/auditd
root        1435    1433    1435  0    1 Jun02   * 00:00:00 /usr/sbin/sedispatch
dbus        1468       1    1468  0    1 Jun02   * 00:00:00 /usr/bin/dbus-broker-launch --scope system --audit
dbus        1476    1468    1476  0    1 Jun02   * 00:00:12 dbus-broker --log 4 --controller 9 --machine-id 0ade6c7a11e041e19e50a2352ea73547 --max-bytes 536870912 --max-fds 4096 --max-matches 131072 --audit
chrony      1477       1    1477  0    1 Jun02   * 00:00:02 /usr/sbin/chronyd -n -F 2
root        1479       1    1479  0    2 Jun02   * 00:00:00 /usr/bin/python3 -sP /usr/sbin/firewalld --nofork --nopid
root        1479       1    1598  0    2 Jun02   * 00:00:00 /usr/bin/python3 -sP /usr/sbin/firewalld --nofork --nopid
root        1480       1    1480  0    2 Jun02   * 00:03:28 /usr/sbin/irqbalance
root        1480       1    1508  0    2 Jun02   * 00:00:00 /usr/sbin/irqbalance
libstor+    1481       1    1481  0    1 Jun02   * 00:00:02 /usr/bin/lsmd -d
root        1485       1    1485  0    1 Jun02   * 00:00:09 /usr/lib/systemd/systemd-logind
root        1530       1    1530  0    1 Jun02   * 00:00:00 /usr/sbin/rtas_errd
root        1578       1    1578  0    4 Jun02   * 00:00:00 /usr/sbin/NetworkManager --no-daemon
root        1578       1    1580  0    4 Jun02   * 00:00:12 /usr/sbin/NetworkManager --no-daemon
root        1578       1    1581  0    4 Jun02   * 00:00:00 /usr/sbin/NetworkManager --no-daemon
root        1578       1    1582  0    4 Jun02   * 00:00:00 /usr/sbin/NetworkManager --no-daemon
polkitd     1579       1    1579  0    4 Jun02   * 00:00:00 /usr/lib/polkit-1/polkitd --no-debug --log-level=err
polkitd     1579       1    1586  0    4 Jun02   * 00:00:00 /usr/lib/polkit-1/polkitd --no-debug --log-level=err
polkitd     1579       1    1587  0    4 Jun02   * 00:00:00 /usr/lib/polkit-1/polkitd --no-debug --log-level=err
polkitd     1579       1    1588  0    4 Jun02   * 00:00:02 /usr/lib/polkit-1/polkitd --no-debug --log-level=err
root        1618       1    1618  0    6 Jun02   * 00:00:10 /usr/sbin/gssproxy -i
root        1618       1    1655  0    6 Jun02   * 00:00:00 /usr/sbin/gssproxy -i
root        1618       1    1656  0    6 Jun02   * 00:00:00 /usr/sbin/gssproxy -i
root        1618       1    1657  0    6 Jun02   * 00:00:00 /usr/sbin/gssproxy -i
root        1618       1    1658  0    6 Jun02   * 00:00:00 /usr/sbin/gssproxy -i
root        1618       1    1659  0    6 Jun02   * 00:00:00 /usr/sbin/gssproxy -i
root        1627       1    1627  0    4 Jun02   * 00:00:48 /usr/bin/python3 -Es /usr/sbin/tuned -l -P
root        1627       1    1935  0    4 Jun02   * 00:00:45 /usr/bin/python3 -Es /usr/sbin/tuned -l -P
root        1627       1    1946  0    4 Jun02   * 00:00:00 /usr/bin/python3 -Es /usr/sbin/tuned -l -P
root        1627       1    1978  0    4 Jun02   * 00:00:00 /usr/bin/python3 -Es /usr/sbin/tuned -l -P
root        1631       1    1631  0    2 Jun02   * 00:00:00 /usr/bin/rhsmcertd
root        1631       1    1632  0    2 Jun02   * 00:00:00 /usr/bin/rhsmcertd
root        1941       1    1941  0    3 Jun02   * 00:00:00 /usr/sbin/rsyslogd -n
root        1941       1    1980  0    3 Jun02   * 00:00:31 /usr/sbin/rsyslogd -n
root        1941       1    1981  0    3 Jun02   * 00:00:01 /usr/sbin/rsyslogd -n
root        1963       1    1963  0    1 Jun02   * 00:00:00 /usr/sbin/atd -f
root        1969       1    1969  0    1 Jun02   * 00:00:02 /usr/sbin/crond -n
root        2045       1    2045  0    1 Jun02   * 00:00:00 /sbin/agetty -o -- \u --noreset --noclear - linux
root        2050       1    2050  0    1 Jun02   * 00:00:00 login -- root
pcp         2182       1    2182  0    1 Jun02   * 00:04:02 /usr/libexec/pcp/bin/pmcd -A
root        2195    2182    2195  0    1 Jun02   * 00:00:00 /var/lib/pcp/pmdas/root/pmdaroot
root        2204    2195    2204  0    1 Jun02   * 00:45:06 /var/lib/pcp/pmdas/proc/pmdaproc -d 3
root        2210    2195    2210  0    1 Jun02   * 00:05:43 /var/lib/pcp/pmdas/xfs/pmdaxfs -d 11
root        2216    2195    2216  0    1 Jun02   * 00:33:18 /var/lib/pcp/pmdas/linux/pmdalinux
root        2224    2195    2224  0    1 Jun02   * 00:00:00 /usr/bin/python3 /var/lib/pcp/pmdas/nfsclient/pmdanfsclient.python
root        2238    2195    2238  0    1 Jun02   * 00:00:17 /var/lib/pcp/pmdas/kvm/pmdakvm -d 95
root        2239    2195    2239  0    1 Jun02   * 00:00:01 /var/lib/pcp/pmdas/dm/pmdadm -d 129
pcp         2240    2195    2240  0    1 Jun02   * 00:02:58 /usr/bin/python3 /var/lib/pcp/pmdas/openmetrics/pmdaopenmetrics.python
root        2250    2195    2250  0    1 Jun02   * 00:01:05 /usr/bin/python3 /var/lib/pcp/pmdas/opentelemetry/pmdaopentelemetry.python
pcp         3109       1    3109  0    1 Jun02   * 00:00:04 /usr/bin/pmie -b -m pmie_check -F -P -l /var/log/pcp/pmie/ltczz345-lp2.ltc.tadn.ibm.com/pmie.log -c config.default
pcp         3127       1    3127  0    1 Jun02   * 00:00:00 /usr/libexec/pcp/bin/pmpause
pcp         3249       1    3249  0    1 Jun02   * 00:05:36 /usr/libexec/pcp/bin/pmlogger -N -P -d "/var/log/pcp/pmlogger/LOCALHOSTNAME" -r -T24h10m -c config.default -v 100mb -mreexec %Y%m%d.%H.%M
pcp         3739       1    3739  0    1 Jun02   * 00:00:00 /usr/libexec/pcp/bin/pmpause
root        6251       1    6251  0    1 Jun02   * 00:00:00 /usr/lib/systemd/systemd --user
root        6262    6251    6262  0    1 Jun02   * 00:00:00 (sd-pam)
root        6358    2050    6358  0    1 Jun02   * 00:00:00 -bash
root       16047       1   16047  0    1 Jun02   * 00:00:01 sshd: /usr/sbin/sshd -D [listener] 0 of 10-100 startups
root      658524       2  658524  0    1 Jun09   * 00:00:01 [kworker/16:2-events]
root      835929       2  835929  0    1 Jun11   * 00:00:01 [kworker/6:0-events]
root     1210475       2 1210475  0    1 Jun15   * 00:00:00 [kworker/20:3-events]
root     1219953       2 1219953  0    1 Jun15   * 00:00:00 [kworker/7:1-events]
root     1353521       2 1353521  0    1 Jun17   * 00:00:00 [kworker/17:3-mm_percpu_wq]
root     1356643       2 1356643  0    1 Jun17   * 00:00:00 [kworker/18:1-events]
root     1358489       2 1358489  0    1 Jun17   * 00:00:01 [kworker/3:2-xfs-inodegc/dm-0]
root     1369543       2 1369543  0    1 Jun17   * 00:00:00 [kworker/22:1-events]
root     1444636       2 1444636  0    1 Jun18   * 00:00:00 [kworker/22:2-cgroup_destroy]
root     1473394       2 1473394  0    1 Jun18   * 00:00:00 [kworker/5:2-events]
root     1515621       2 1515621  0    1 Jun19   * 00:00:00 [kworker/4:3-events]
root     1539130       2 1539130  0    1 Jun19   * 00:00:00 [kworker/23:0]
root     1540413       2 1540413  0    1 Jun19   * 00:00:00 [kworker/17:1]
root     1583317       2 1583317  0    1 Jun19   * 00:00:00 [kworker/12:0-events]
root     1696254       2 1696254  0    1 Jun21   * 00:00:01 [kworker/u128:0-mlx5_fc]
root     1696424       2 1696424  0    1 Jun21   * 00:00:00 [kworker/2:3-events]
root     1703127       2 1703127  0    1 Jun21   * 00:00:00 [kworker/20:0]
root     1706419       2 1706419  0    1 Jun21   * 00:00:00 [kworker/7:2]
root     1719448       2 1719448  0    1 Jun21   * 00:00:00 [kworker/11:1-events]
root     1725785       2 1725785  0    1 Jun21   * 00:00:00 [kworker/19:2-mm_percpu_wq]
root     1729369       2 1729369  0    1 Jun21   * 00:00:00 [kworker/21:2-events]
root     1734240       2 1734240  0    1 Jun21   * 00:00:00 [kworker/u131:2-events_unbound]
root     1738468       2 1738468  0    1 Jun21   * 00:00:00 [kworker/14:2]
root     1755478       2 1755478  0    1 Jun21   * 00:00:00 [kworker/u130:0-events_unbound]
root     1775727       2 1775727  0    1 Jun21   * 00:00:00 [kworker/u131:0-kvfree_rcu_reclaim]
root     1782847       2 1782847  0    1 Jun21   * 00:00:00 [kworker/10:0-events]
root     1783844       2 1783844  0    1 Jun21   * 00:00:00 [kworker/10:2-cgwb_release]
root     1784573       2 1784573  0    1 Jun21   * 00:00:00 [kworker/16:1]
root     1784889       2 1784889  0    1 Jun21   * 00:00:00 [kworker/8:0-events]
root     1785044       2 1785044  0    1 00:00   * 00:00:00 [kworker/13:1-events]
root     1785272       2 1785272  0    1 00:07   * 00:00:00 [kworker/8:2-mm_percpu_wq]
root     1786308       2 1786308  0    1 00:10   * 00:00:00 [kworker/18:0]
root     1786532       2 1786532  0    1 00:18   * 00:00:00 [kworker/1:1-events]
root     1786749       2 1786749  0    1 00:20   * 00:00:00 [kworker/19:1-cgroup_destroy]
root     1802667       2 1802667  0    1 04:28   * 00:00:00 [kworker/11:2]
root     1802675       2 1802675  0    1 04:28   * 00:00:00 [kworker/u131:1-kvfree_rcu_reclaim]
root     1802777       2 1802777  0    1 04:28   * 00:00:00 [kworker/23:1-mm_percpu_wq]
root     1806489       2 1806489  0    1 05:28   * 00:00:00 [kworker/u130:1-kvfree_rcu_reclaim]
root     1808343       2 1808343  0    1 05:58   * 00:00:00 [kworker/1:0-mm_percpu_wq]
root     1810210       2 1810210  0    1 06:28   * 00:00:00 [kworker/15:2-mm_percpu_wq]
root     1812443       2 1812443  0    1 07:11   * 00:00:00 [kworker/14:1-events]
root     1813444       2 1813444  0    1 07:20   * 00:00:00 [kworker/13:0]
root     1813580       2 1813580  0    1 07:21   * 00:00:00 [kworker/u128:1-mlx5_health0018:01:00.1]
root     1815387       2 1815387  0    1 07:50   * 00:00:00 [kworker/2:0]
root     1817157       2 1817157  0    1 08:20   * 00:00:00 [kworker/3:1-cgroup_destroy]
root     1819111       2 1819111  0    1 08:50   * 00:00:00 [kworker/12:2]
root     1819579       2 1819579  0    1 09:00   * 00:00:00 [kworker/u129:1-events_unbound]
root     1819878       2 1819878  0    1 09:10   * 00:00:00 [kworker/u129:0-xfs-cil/dm-0]
root     1820975       2 1820975  0    1 09:20   * 00:00:00 [kworker/21:0]
root     1821290       2 1821290  0    1 09:28   * 00:00:00 [kworker/u130:2-kvfree_rcu_reclaim]
root     1821394       2 1821394  0    1 09:28   * 00:00:00 [kworker/5:1]
root     1821446       2 1821446  0    1 09:30   * 00:00:00 [kworker/u129:3-kvfree_rcu_reclaim]
root     1823146       2 1823146  0    1 09:58   * 00:00:00 [kworker/9:1-events]
root     1824506       2 1824506  0    1 10:20   * 00:00:00 [kworker/9:0-cgroup_destroy]
root     1824735       2 1824735  0    1 10:20   * 00:00:00 [kworker/6:1]
root     1824787       2 1824787  0    1 10:22   * 00:00:00 [kworker/0:2-xfs-sync/sda2]
root     1825060       2 1825060  0    1 10:28   * 00:00:00 [kworker/15:3-mm_percpu_wq]
root     1825162       2 1825162  0    1 10:28   * 00:00:00 [kworker/4:0]
root     1825344       2 1825344  0    1 10:34   * 00:00:00 [kworker/0:0-xfs-conv/dm-0]
root     1825446       2 1825446  0    1 10:38   * 00:00:00 [kworker/u128:3]
root     1825501       2 1825501  0    1 10:40   * 00:00:00 [kworker/15:0-cgroup_destroy]
root     1825502       2 1825502  0    1 10:40   * 00:00:00 [kworker/15:1-cgroup_destroy]
root     1825521       2 1825521  0    1 10:40   * 00:00:00 [kworker/0:1-xfs-conv/dm-0]
root     1825524    1113 1825524  0    1 10:40   * 00:00:00 systemd-userwork: waiting...
root     1825525    1113 1825525  0    1 10:40   * 00:00:00 systemd-userwork: waiting...
root     1825542    1113 1825542  0    1 10:41   * 00:00:00 systemd-userwork: waiting...
root     1825636       2 1825636  0    1 10:43   * 00:00:00 [kworker/3:0]
root     1825672   16047 1825672  0    1 10:43   * 00:00:00 sshd-session: root [priv]
root     1825678 1825672 1825678  0    1 10:43   * 00:00:00 sshd-session: root@notty
root     1825679 1825678 1825679  0    1 10:43   * 00:00:00 bash -c cd /tmp && tar -xzf lpcpu-ipi.tar.gz && cd lpcpu && ./lpcpu.sh profilers='ipi' duration=30 2>&1 | head -30
root     1825705 1825679 1825705  0    1 10:43   * 00:00:00 /bin/bash ./lpcpu.sh profilers=ipi duration=30
root     1825706 1825679 1825706  0    1 10:43   * 00:00:00 head -30
root     1825712 1825705 1825712  0    1 10:43   * 00:00:00 /bin/bash ./lpcpu.sh profilers=ipi duration=30
root     1825713 1825705 1825713  0    1 10:43   * 00:00:00 tee -i /tmp/lpcpu_data.ltczz345-lp2.default.2026-06-22_1043/lpcpu.out
root     1825748       2 1825748  0    1 10:44   * 00:00:00 [kworker/0:3-xfs-conv/dm-0]
root     1825749       2 1825749  0    1 10:44   * 00:00:00 [kworker/0:4-xfs-conv/dm-0]
root     1825750       2 1825750  0    1 10:44   * 00:00:00 [kworker/0:5-xfs-conv/dm-0]
root     1825751       2 1825751  0    1 10:44   * 00:00:00 [kworker/0:6-xfs-conv/dm-0]
root     1825752       2 1825752  0    1 10:44   * 00:00:00 [kworker/0:7-xfs-conv/dm-0]
root     1825753       2 1825753  0    1 10:44   * 00:00:00 [kworker/0:8-xfs-conv/dm-0]
root     1825754       2 1825754  0    1 10:44   * 00:00:00 [kworker/0:9-xfs-conv/dm-0]
root     1825755       2 1825755  0    1 10:44   * 00:00:00 [kworker/0:10-xfs-conv/dm-0]
root     1825756       2 1825756  0    1 10:44   * 00:00:00 [kworker/0:11-xfs-conv/dm-0]
root     1825757       2 1825757  0    1 10:44   * 00:00:00 [kworker/0:12-xfs-conv/dm-0]
root     1825758       2 1825758  0    1 10:44   * 00:00:00 [kworker/0:13-xfs-conv/dm-0]
root     1825759       2 1825759  0    1 10:44   * 00:00:00 [kworker/0:14-xfs-conv/dm-0]
root     1825760       2 1825760  0    1 10:44   * 00:00:00 [kworker/0:15-xfs-buf/dm-0]
root     1825761       2 1825761  0    1 10:44   * 00:00:00 [kworker/0:16-xfs-conv/dm-0]
root     1825762       2 1825762  0    1 10:44   * 00:00:00 [kworker/0:17-xfs-conv/dm-0]
root     1825763       2 1825763  0    1 10:44   * 00:00:00 [kworker/0:18]
root     1825764       2 1825764  0    1 10:44   * 00:00:00 [kworker/0:19-xfs-conv/dm-0]
root     1825765       2 1825765  0    1 10:44   * 00:00:00 [kworker/0:20-xfs-conv/dm-0]
root     1825766       2 1825766  0    1 10:44   * 00:00:00 [kworker/0:21-xfs-conv/dm-0]
root     1825767       2 1825767  0    1 10:44   * 00:00:00 [kworker/0:22]
root     1825833 1825712 1825833  0    1 10:44   9 00:00:00 ps -eL -o user=UID -o pid,ppid,lwp,c,nlwp,stime,sgi_p=CPU,time,cmd
