Number of Online Processors:                 24
Number of Offline Processors:                8
List of Online Processors:                   00 01 02 03 04 05 06 07 08 09 10 11 12 13 14 15 16 17 18 19 20 21 22 23 
List of Offline Processors:                  24 25 26 27 28 29 30 31 

The system is NUMA aware

Number of NUMA nodes:                        1
List of NUMA nodes:                          0 
Total Memory:                                31549 MB

Per Node Information:
	Node 0
		Online Processor Count:      24
		Offline Processor Count:     8
		Online Processor List:       00 01 02 03 04 05 06 07 08 09 10 11 12 13 14 15 16 17 18 19 20 21 22 23 
		Offline Processor List:      24 25 26 27 28 29 30 31 
		Memory Size:                 31549 MB
		Distance:                    Node 0:10  

System Processor Topology

Processor sockets:                           1
Processor cores:                             3
Hardware Threading Enabled:                  yes

Per Socket Information (these are logical sockets, not physical sockets)
	Socket
		Threads:                     00 01 10 11 12 13 14 15 16 17 18 19 02 20 21 22 23 03 04 05 06 07 08 09 

Per Core Information
	Core 0
		Threads:                     00 01 02 03 04 05 06 07 
	Core 1
		Threads:                     08 09 10 11 12 13 14 15 
	Core 2
		Threads:                     16 17 18 19 20 21 22 23 

Per Core Sibling Information:
	CPU 0
		Core Level Siblings:         23
		Thread Level Siblings:       7
	CPU 1
		Core Level Siblings:         23
		Thread Level Siblings:       7
	CPU 2
		Core Level Siblings:         23
		Thread Level Siblings:       7
	CPU 3
		Core Level Siblings:         23
		Thread Level Siblings:       7
	CPU 4
		Core Level Siblings:         23
		Thread Level Siblings:       7
	CPU 5
		Core Level Siblings:         23
		Thread Level Siblings:       7
	CPU 6
		Core Level Siblings:         23
		Thread Level Siblings:       7
	CPU 7
		Core Level Siblings:         23
		Thread Level Siblings:       7
	CPU 8
		Core Level Siblings:         23
		Thread Level Siblings:       7
	CPU 9
		Core Level Siblings:         23
		Thread Level Siblings:       7
	CPU 10
		Core Level Siblings:         23
		Thread Level Siblings:       7
	CPU 11
		Core Level Siblings:         23
		Thread Level Siblings:       7
	CPU 12
		Core Level Siblings:         23
		Thread Level Siblings:       7
	CPU 13
		Core Level Siblings:         23
		Thread Level Siblings:       7
	CPU 14
		Core Level Siblings:         23
		Thread Level Siblings:       7
	CPU 15
		Core Level Siblings:         23
		Thread Level Siblings:       7
	CPU 16
		Core Level Siblings:         23
		Thread Level Siblings:       7
	CPU 17
		Core Level Siblings:         23
		Thread Level Siblings:       7
	CPU 18
		Core Level Siblings:         23
		Thread Level Siblings:       7
	CPU 19
		Core Level Siblings:         23
		Thread Level Siblings:       7
	CPU 20
		Core Level Siblings:         23
		Thread Level Siblings:       7
	CPU 21
		Core Level Siblings:         23
		Thread Level Siblings:       7
	CPU 22
		Core Level Siblings:         23
		Thread Level Siblings:       7
	CPU 23
		Core Level Siblings:         23
		Thread Level Siblings:       7

Cache Level Information:
	Cache Level: 1
		Cache Type [size]:           Data [32K]
		Cache Type [size]:           Instruction [32K]
	Cache Level: 2
		Cache Type [size]:           Unified [512K]
	Cache Level: 3
		Cache Type [size]:           Unified [10240K]

Threads that share a given cache level:
	Cache Level: 1
			Share Set 0:                 00 02 04 06 
			Share Set 1:                 01 03 05 07 
			Share Set 2:                 08 10 12 14 
			Share Set 3:                 09 11 13 15 
			Share Set 4:                 16 18 20 22 
			Share Set 5:                 17 19 21 23 
	Cache Level: 2
			Share Set 0:                 00 01 02 03 04 05 06 07 
			Share Set 1:                 08 09 10 11 12 13 14 15 
			Share Set 2:                 16 17 18 19 20 21 22 23 
	Cache Level: 3
			Share Set 0:                 00 01 02 03 04 05 06 07 
			Share Set 1:                 08 09 10 11 12 13 14 15 
			Share Set 2:                 16 17 18 19 20 21 22 23 
